Component: ARM Compiler 5.05 update 2 (build 169) Tool: armlink [4d0f33]

==============================================================================

Section Cross References

    startup_stm32f10x_hd.o(RESET) refers to startup_stm32f10x_hd.o(STACK) for __initial_sp
    startup_stm32f10x_hd.o(RESET) refers to startup_stm32f10x_hd.o(.text) for Reset_Handler
    startup_stm32f10x_hd.o(RESET) refers to stm32f10x_it.o(i.NMI_Handler) for NMI_Handler
    startup_stm32f10x_hd.o(RESET) refers to stm32f10x_it.o(i.HardFault_Handler) for HardFault_Handler
    startup_stm32f10x_hd.o(RESET) refers to stm32f10x_it.o(i.MemManage_Handler) for MemManage_Handler
    startup_stm32f10x_hd.o(RESET) refers to stm32f10x_it.o(i.BusFault_Handler) for BusFault_Handler
    startup_stm32f10x_hd.o(RESET) refers to stm32f10x_it.o(i.UsageFault_Handler) for UsageFault_Handler
    startup_stm32f10x_hd.o(RESET) refers to stm32f10x_it.o(i.SVC_Handler) for SVC_Handler
    startup_stm32f10x_hd.o(RESET) refers to stm32f10x_it.o(i.DebugMon_Handler) for DebugMon_Handler
    startup_stm32f10x_hd.o(RESET) refers to os_cpu_a.o(.text) for PendSV_Handler
    startup_stm32f10x_hd.o(RESET) refers to bsp_delay.o(i.SysTick_Handler) for SysTick_Handler
    startup_stm32f10x_hd.o(RESET) refers to nrf24l01_conf.o(i.EXTI4_IRQHandler) for EXTI4_IRQHandler
    startup_stm32f10x_hd.o(RESET) refers to bsp_timbase.o(i.TIM3_IRQHandler) for TIM3_IRQHandler
    startup_stm32f10x_hd.o(RESET) refers to bsp_uart.o(i.USART1_IRQHandler) for USART1_IRQHandler
    startup_stm32f10x_hd.o(RESET) refers to bsp_uart.o(i.USART2_IRQHandler) for USART2_IRQHandler
    startup_stm32f10x_hd.o(RESET) refers to bsp_uart.o(i.USART3_IRQHandler) for USART3_IRQHandler
    startup_stm32f10x_hd.o(RESET) refers to bsp_uart.o(i.UART4_IRQHandler) for UART4_IRQHandler
    startup_stm32f10x_hd.o(RESET) refers to bsp_uart.o(i.UART5_IRQHandler) for UART5_IRQHandler
    startup_stm32f10x_hd.o(.text) refers to system_stm32f10x.o(i.SystemInit) for SystemInit
    startup_stm32f10x_hd.o(.text) refers to entry.o(.ARM.Collect$$$$00000000) for __main
    system_stm32f10x.o(i.SetSysClock) refers to system_stm32f10x.o(i.SetSysClockTo72) for SetSysClockTo72
    system_stm32f10x.o(i.SystemCoreClockUpdate) refers to system_stm32f10x.o(.data) for SystemCoreClock
    system_stm32f10x.o(i.SystemInit) refers to system_stm32f10x.o(i.SetSysClock) for SetSysClock
    stm32f10x_gpio.o(i.GPIO_AFIODeInit) refers to stm32f10x_rcc.o(i.RCC_APB2PeriphResetCmd) for RCC_APB2PeriphResetCmd
    stm32f10x_gpio.o(i.GPIO_DeInit) refers to stm32f10x_rcc.o(i.RCC_APB2PeriphResetCmd) for RCC_APB2PeriphResetCmd
    stm32f10x_rcc.o(i.RCC_GetClocksFreq) refers to stm32f10x_rcc.o(.data) for APBAHBPrescTable
    stm32f10x_rcc.o(i.RCC_WaitForHSEStartUp) refers to stm32f10x_rcc.o(i.RCC_GetFlagStatus) for RCC_GetFlagStatus
    stm32f10x_usart.o(i.USART_DeInit) refers to stm32f10x_rcc.o(i.RCC_APB2PeriphResetCmd) for RCC_APB2PeriphResetCmd
    stm32f10x_usart.o(i.USART_DeInit) refers to stm32f10x_rcc.o(i.RCC_APB1PeriphResetCmd) for RCC_APB1PeriphResetCmd
    stm32f10x_usart.o(i.USART_Init) refers to stm32f10x_rcc.o(i.RCC_GetClocksFreq) for RCC_GetClocksFreq
    stm32f10x_spi.o(i.I2S_Init) refers to stm32f10x_rcc.o(i.RCC_GetClocksFreq) for RCC_GetClocksFreq
    stm32f10x_spi.o(i.SPI_I2S_DeInit) refers to stm32f10x_rcc.o(i.RCC_APB2PeriphResetCmd) for RCC_APB2PeriphResetCmd
    stm32f10x_spi.o(i.SPI_I2S_DeInit) refers to stm32f10x_rcc.o(i.RCC_APB1PeriphResetCmd) for RCC_APB1PeriphResetCmd
    stm32f10x_tim.o(i.TIM_DeInit) refers to stm32f10x_rcc.o(i.RCC_APB2PeriphResetCmd) for RCC_APB2PeriphResetCmd
    stm32f10x_tim.o(i.TIM_DeInit) refers to stm32f10x_rcc.o(i.RCC_APB1PeriphResetCmd) for RCC_APB1PeriphResetCmd
    stm32f10x_tim.o(i.TIM_ETRClockMode1Config) refers to stm32f10x_tim.o(i.TIM_ETRConfig) for TIM_ETRConfig
    stm32f10x_tim.o(i.TIM_ETRClockMode2Config) refers to stm32f10x_tim.o(i.TIM_ETRConfig) for TIM_ETRConfig
    stm32f10x_tim.o(i.TIM_ICInit) refers to stm32f10x_tim.o(i.TI1_Config) for TI1_Config
    stm32f10x_tim.o(i.TIM_ICInit) refers to stm32f10x_tim.o(i.TIM_SetIC1Prescaler) for TIM_SetIC1Prescaler
    stm32f10x_tim.o(i.TIM_ICInit) refers to stm32f10x_tim.o(i.TI2_Config) for TI2_Config
    stm32f10x_tim.o(i.TIM_ICInit) refers to stm32f10x_tim.o(i.TIM_SetIC2Prescaler) for TIM_SetIC2Prescaler
    stm32f10x_tim.o(i.TIM_ICInit) refers to stm32f10x_tim.o(i.TI3_Config) for TI3_Config
    stm32f10x_tim.o(i.TIM_ICInit) refers to stm32f10x_tim.o(i.TIM_SetIC3Prescaler) for TIM_SetIC3Prescaler
    stm32f10x_tim.o(i.TIM_ICInit) refers to stm32f10x_tim.o(i.TI4_Config) for TI4_Config
    stm32f10x_tim.o(i.TIM_ICInit) refers to stm32f10x_tim.o(i.TIM_SetIC4Prescaler) for TIM_SetIC4Prescaler
    stm32f10x_tim.o(i.TIM_ITRxExternalClockConfig) refers to stm32f10x_tim.o(i.TIM_SelectInputTrigger) for TIM_SelectInputTrigger
    stm32f10x_tim.o(i.TIM_PWMIConfig) refers to stm32f10x_tim.o(i.TI1_Config) for TI1_Config
[...]
    .data                                    0x2000027c   Section        4  mvars.o(.data)
    .data                                    0x20000280   Section        4  errno.o(.data)
    _errno                                   0x20000280   Data           4  errno.o(.data)
    .bss                                     0x20000284   Section     2592  os_core.o(.bss)
    .bss                                     0x20000ca4   Section      160  user_main.o(.bss)
    START_TASK_STK                           0x20000ca4   Data         160  user_main.o(.bss)
    .bss                                     0x20000d44   Section     4288  user_task.o(.bss)
    LED0_TASK_STK                            0x20000d44   Data         128  user_task.o(.bss)
    TPAD1_TASK_STK                           0x20000dc4   Data         704  user_task.o(.bss)
    TPAD2_TASK_STK                           0x20001084   Data         704  user_task.o(.bss)
    TPAD3_TASK_STK                           0x20001344   Data         704  user_task.o(.bss)
    TPAD4_TASK_STK                           0x20001604   Data         320  user_task.o(.bss)
    TPAD5_TASK_STK                           0x20001744   Data        1024  user_task.o(.bss)
    TPAD6_TASK_STK                           0x20001b44   Data         704  user_task.o(.bss)
    .bss                                     0x20001e04   Section      256  debug.o(.bss)
    .bss                                     0x20001f04   Section      104  bsp.o(.bss)
    .bss                                     0x20001f6c   Section       40  ht1621.o(.bss)
    .bss                                     0x20001f94   Section      288  at24cxx.o(.bss)
    HEAP                                     0x200020b8   Section     9728  startup_stm32f10x_hd.o(HEAP)
    STACK                                    0x200046b8   Section     1024  startup_stm32f10x_hd.o(STACK)

    Global Symbols

    Symbol Name                              Value     Ov Type        Size  Object(Section)

    BuildAttributes$$THM_ISAv4$P$D$K$B$S$PE$A:L22UL41UL21$X:L11$S22US41US21$IEEE1$IW$USESV6$~STKCKD$USESV7$~SHL$OTIME$ROPI$IEEEX$EBA8$MICROLIB$REQ8$PRES8$EABIv2 0x00000000   Number         0  anon$$obj.o ABSOLUTE
    __ARM_use_no_argv                        0x00000000   Number         0  user_main.o ABSOLUTE
    __use_no_errno                           0x00000000   Number         0  useno.o ABSOLUTE
    __use_no_exception_handling              0x00000000   Number         0  useno.o ABSOLUTE
    __use_no_fp                              0x00000000   Number         0  useno.o ABSOLUTE
    __use_no_heap                            0x00000000   Number         0  useno.o ABSOLUTE
    __use_no_heap_region                     0x00000000   Number         0  useno.o ABSOLUTE
    __use_no_semihosting                     0x00000000   Number         0  useno.o ABSOLUTE
    __use_no_semihosting_swi                 0x00000000   Number         0  useno.o ABSOLUTE
    __use_no_signal_handling                 0x00000000   Number         0  useno.o ABSOLUTE
    _printf_a                                0x00000000   Number         0  stubs.o ABSOLUTE
    _printf_c                                0x00000000   Number         0  stubs.o ABSOLUTE
    _printf_charcount                        0x00000000   Number         0  stubs.o ABSOLUTE
    _printf_d                                0x00000000   Number         0  stubs.o ABSOLUTE
    _printf_e                                0x00000000   Number         0  stubs.o ABSOLUTE
    _printf_f                                0x00000000   Number         0  stubs.o ABSOLUTE
    _printf_flags                            0x00000000   Number         0  stubs.o ABSOLUTE
    _printf_fp_dec                           0x00000000   Number         0  stubs.o ABSOLUTE
    _printf_fp_hex                           0x00000000   Number         0  stubs.o ABSOLUTE
    _printf_g                                0x00000000   Number         0  stubs.o ABSOLUTE
    _printf_i                                0x00000000   Number         0  stubs.o ABSOLUTE
    _printf_int_dec                          0x00000000   Number         0  stubs.o ABSOLUTE
    _printf_l                                0x00000000   Number         0  stubs.o ABSOLUTE
    _printf_lc                               0x00000000   Number         0  stubs.o ABSOLUTE
    _printf_ll                               0x00000000   Number         0  stubs.o ABSOLUTE
    _printf_lld                              0x00000000   Number         0  stubs.o ABSOLUTE
    _printf_lli                              0x00000000   Number         0  stubs.o ABSOLUTE
    _printf_llo                              0x00000000   Number         0  stubs.o ABSOLUTE
    _printf_llu                              0x00000000   Number         0  stubs.o ABSOLUTE
    _printf_llx                              0x00000000   Number         0  stubs.o ABSOLUTE
    _printf_longlong_dec                     0x00000000   Number         0  stubs.o ABSOLUTE
    _printf_longlong_hex                     0x00000000   Number         0  stubs.o ABSOLUTE
    _printf_longlong_oct                     0x00000000   Number         0  stubs.o ABSOLUTE
    _printf_ls                               0x00000000   Number         0  stubs.o ABSOLUTE
    _printf_mbtowc                           0x00000000   Number         0  stubs.o ABSOLUTE
    _printf_n                                0x00000000   Number         0  stubs.o ABSOLUTE
    _printf_o                                0x00000000   Number         0  stubs.o ABSOLUTE
    _printf_p                                0x00000000   Number         0  stubs.o ABSOLUTE
    _printf_percent                          0x00000000   Number         0  stubs.o ABSOLUTE
    _printf_pre_padding                      0x00000000   Number         0  stubs.o ABSOLUTE
    _printf_return_value                     0x00000000   Number         0  stubs.o ABSOLUTE
    _printf_s                                0x00000000   Number         0  stubs.o ABSOLUTE
    _printf_sizespec                         0x00000000   Number         0  stubs.o ABSOLUTE
    _printf_str                              0x00000000   Number         0  stubs.o ABSOLUTE
    _printf_truncate_signed                  0x00000000   Number         0  stubs.o ABSOLUTE
    _printf_truncate_unsigned                0x00000000   Number         0  stubs.o ABSOLUTE
    _printf_u                                0x00000000   Number         0  stubs.o ABSOLUTE
    _printf_wc                               0x00000000   Number         0  stubs.o ABSOLUTE
    _printf_wctomb                           0x00000000   Number         0  stubs.o ABSOLUTE
    _printf_widthprec                        0x00000000   Number         0  stubs.o ABSOLUTE
    _printf_x                                0x00000000   Number         0  stubs.o ABSOLUTE
    __cpp_initialize__aeabi_                  - Undefined Weak Reference
    __cxa_finalize                            - Undefined Weak Reference
    _clock_init                               - Undefined Weak Reference
    _microlib_exit                            - Undefined Weak Reference
    __Vectors_Size                           0x00000130   Number         0  startup_stm32f10x_hd.o ABSOLUTE
    __Vectors                                0x08000000   Data           4  startup_stm32f10x_hd.o(RESET)
    __Vectors_End                            0x08000130   Data           0  startup_stm32f10x_hd.o(RESET)
    __main                                   0x08000131   Thumb Code     0  entry.o(.ARM.Collect$$$$00000000)
    _main_stk                                0x08000131   Thumb Code     0  entry2.o(.ARM.Collect$$$$00000001)
    _main_scatterload                        0x08000135   Thumb Code     0  entry5.o(.ARM.Collect$$$$00000004)
    __main_after_scatterload                 0x08000139   Thumb Code     0  entry5.o(.ARM.Collect$$$$00000004)
    _main_clock                              0x08000139   Thumb Code     0  entry7b.o(.ARM.Collect$$$$00000008)
    _main_cpp_init                           0x08000139   Thumb Code     0  entry8b.o(.ARM.Collect$$$$0000000A)
    _main_init                               0x08000139   Thumb Code     0  entry9a.o(.ARM.Collect$$$$0000000B)
    __rt_final_cpp                           0x08000141   Thumb Code     0  entry10a.o(.ARM.Collect$$$$0000000D)
    __rt_final_exit                          0x08000141   Thumb Code     0  entry11a.o(.ARM.Collect$$$$0000000F)
    Reset_Handler                            0x08000145   Thumb Code     8  startup_stm32f10x_hd.o(.text)
    ADC1_2_IRQHandler                        0x0800015f   Thumb Code     0  startup_stm32f10x_hd.o(.text)
    ADC3_IRQHandler                          0x0800015f   Thumb Code     0  startup_stm32f10x_hd.o(.text)
    CAN1_RX1_IRQHandler                      0x0800015f   Thumb Code     0  startup_stm32f10x_hd.o(.text)
    CAN1_SCE_IRQHandler                      0x0800015f   Thumb Code     0  startup_stm32f10x_hd.o(.text)
    DMA1_Channel1_IRQHandler                 0x0800015f   Thumb Code     0  startup_stm32f10x_hd.o(.text)
    DMA1_Channel2_IRQHandler                 0x0800015f   Thumb Code     0  startup_stm32f10x_hd.o(.text)
    DMA1_Channel3_IRQHandler                 0x0800015f   Thumb Code     0  startup_stm32f10x_hd.o(.text)
    DMA1_Channel4_IRQHandler                 0x0800015f   Thumb Code     0  startup_stm32f10x_hd.o(.text)
    DMA1_Channel5_IRQHandler                 0x0800015f   Thumb Code     0  startup_stm32f10x_hd.o(.text)
    DMA1_Channel6_IRQHandler                 0x0800015f   Thumb Code     0  startup_stm32f10x_hd.o(.text)
    DMA1_Channel7_IRQHandler                 0x0800015f   Thumb Code     0  startup_stm32f10x_hd.o(.text)
    DMA2_Channel1_IRQHandler                 0x0800015f   Thumb Code     0  startup_stm32f10x_hd.o(.text)
    DMA2_Channel2_IRQHandler                 0x0800015f   Thumb Code     0  startup_stm32f10x_hd.o(.text)
    DMA2_Channel3_IRQHandler                 0x0800015f   Thumb Code     0  startup_stm32f10x_hd.o(.text)
    DMA2_Channel4_5_IRQHandler               0x0800015f   Thumb Code     0  startup_stm32f10x_hd.o(.text)
    EXTI0_IRQHandler                         0x0800015f   Thumb Code     0  startup_stm32f10x_hd.o(.text)
    EXTI15_10_IRQHandler                     0x0800015f   Thumb Code     0  startup_stm32f10x_hd.o(.text)
    EXTI1_IRQHandler                         0x0800015f   Thumb Code     0  startup_stm32f10x_hd.o(.text)
    EXTI2_IRQHandler                         0x0800015f   Thumb Code     0  startup_stm32f10x_hd.o(.text)
    EXTI3_IRQHandler                         0x0800015f   Thumb Code     0  startup_stm32f10x_hd.o(.text)
    EXTI9_5_IRQHandler                       0x0800015f   Thumb Code     0  startup_stm32f10x_hd.o(.text)
    FLASH_IRQHandler                         0x0800015f   Thumb Code     0  startup_stm32f10x_hd.o(.text)
    FSMC_IRQHandler                          0x0800015f   Thumb Code     0  startup_stm32f10x_hd.o(.text)
    I2C1_ER_IRQHandler                       0x0800015f   Thumb Code     0  startup_stm32f10x_hd.o(.text)
    I2C1_EV_IRQHandler                       0x0800015f   Thumb Code     0  startup_stm32f10x_hd.o(.text)
    I2C2_ER_IRQHandler                       0x0800015f   Thumb Code     0  startup_stm32f10x_hd.o(.text)
    I2C2_EV_IRQHandler                       0x0800015f   Thumb Code     0  startup_stm32f10x_hd.o(.text)
    PVD_IRQHandler                           0x0800015f   Thumb Code     0  startup_stm32f10x_hd.o(.text)
    RCC_IRQHandler                           0x0800015f   Thumb Code     0  startup_stm32f10x_hd.o(.text)
    RTCAlarm_IRQHandler                      0x0800015f   Thumb Code     0  startup_stm32f10x_hd.o(.text)
    RTC_IRQHandler                           0x0800015f   Thumb Code     0  startup_stm32f10x_hd.o(.text)
    SDIO_IRQHandler                          0x0800015f   Thumb Code     0  startup_stm32f10x_hd.o(.text)
    SPI1_IRQHandler                          0x0800015f   Thumb Code     0  startup_stm32f10x_hd.o(.text)
    SPI2_IRQHandler                          0x0800015f   Thumb Code     0  startup_stm32f10x_hd.o(.text)
    SPI3_IRQHandler                          0x0800015f   Thumb Code     0  startup_stm32f10x_hd.o(.text)
    TAMPER_IRQHandler                        0x0800015f   Thumb Code     0  startup_stm32f10x_hd.o(.text)
    TIM1_BRK_IRQHandler                      0x0800015f   Thumb Code     0  startup_stm32f10x_hd.o(.text)
    TIM1_CC_IRQHandler                       0x0800015f   Thumb Code     0  startup_stm32f10x_hd.o(.text)
    TIM1_TRG_COM_IRQHandler                  0x0800015f   Thumb Code     0  startup_stm32f10x_hd.o(.text)
    TIM1_UP_IRQHandler                       0x0800015f   Thumb Code     0  startup_stm32f10x_hd.o(.text)
    TIM2_IRQHandler                          0x0800015f   Thumb Code     0  startup_stm32f10x_hd.o(.text)
    TIM4_IRQHandler                          0x0800015f   Thumb Code     0  startup_stm32f10x_hd.o(.text)
    TIM5_IRQHandler                          0x0800015f   Thumb Code     0  startup_stm32f10x_hd.o(.text)
    TIM6_IRQHandler                          0x0800015f   Thumb Code     0  startup_stm32f10x_hd.o(.text)
    TIM7_IRQHandler                          0x0800015f   Thumb Code     0  startup_stm32f10x_hd.o(.text)
    TIM8_BRK_IRQHandler                      0x0800015f   Thumb Code     0  startup_stm32f10x_hd.o(.text)
    TIM8_CC_IRQHandler                       0x0800015f   Thumb Code     0  startup_stm32f10x_hd.o(.text)
    TIM8_TRG_COM_IRQHandler                  0x0800015f   Thumb Code     0  startup_stm32f10x_hd.o(.text)
    TIM8_UP_IRQHandler                       0x0800015f   Thumb Code     0  startup_stm32f10x_hd.o(.text)
    USBWakeUp_IRQHandler                     0x0800015f   Thumb Code     0  startup_stm32f10x_hd.o(.text)
    USB_HP_CAN1_TX_IRQHandler                0x0800015f   Thumb Code     0  startup_stm32f10x_hd.o(.text)
    USB_LP_CAN1_RX0_IRQHandler               0x0800015f   Thumb Code     0  startup_stm32f10x_hd.o(.text)
    WWDG_IRQHandler                          0x0800015f   Thumb Code     0  startup_stm32f10x_hd.o(.text)
    OS_CPU_SR_Save                           0x08000169   Thumb Code     0  os_cpu_a.o(.text)
    OS_CPU_SR_Restore                        0x08000171   Thumb Code     0  os_cpu_a.o(.text)
    OSStartHighRdy                           0x08000177   Thumb Code     0  os_cpu_a.o(.text)
    OSCtxSw                                  0x08000199   Thumb Code     0  os_cpu_a.o(.text)
    OSIntCtxSw                               0x080001a7   Thumb Code     0  os_cpu_a.o(.text)
    PendSV_Handler                           0x080001b7   Thumb Code     0  os_cpu_a.o(.text)
    tolower                                  0x0800021d   Thumb Code    12  tolower.o(.text)
    __aeabi_memcpy                           0x08000229   Thumb Code    36  memcpya.o(.text)
    __aeabi_memcpy4                          0x08000229   Thumb Code     0  memcpya.o(.text)
    __aeabi_memcpy8                          0x08000229   Thumb Code     0  memcpya.o(.text)
    __aeabi_memset                           0x0800024d   Thumb Code    14  memseta.o(.text)
    __aeabi_memset4                          0x0800024d   Thumb Code     0  memseta.o(.text)
    __aeabi_memset8                          0x0800024d   Thumb Code     0  memseta.o(.text)
    __aeabi_memclr                           0x0800025b   Thumb Code     4  memseta.o(.text)
    __aeabi_memclr4                          0x0800025b   Thumb Code     0  memseta.o(.text)
    __aeabi_memclr8                          0x0800025b   Thumb Code     0  memseta.o(.text)
    _memset$wrapper                          0x0800025f   Thumb Code    18  memseta.o(.text)
    strchr                                   0x08000271   Thumb Code    20  strchr.o(.text)
    strlen                                   0x08000285   Thumb Code    14  strlen.o(.text)
    strcmp                                   0x08000293   Thumb Code    28  strcmp.o(.text)
    memcmp                                   0x080002af   Thumb Code    26  memcmp.o(.text)
    strcpy                                   0x080002c9   Thumb Code    18  strcpy.o(.text)
    strncmp                                  0x080002db   Thumb Code    30  strncmp.o(.text)
    __aeabi_dadd                             0x080002f9   Thumb Code   322  dadd.o(.text)
    __aeabi_dsub                             0x0800043b   Thumb Code     6  dadd.o(.text)
    __aeabi_drsub                            0x08000441   Thumb Code     6  dadd.o(.text)
    __aeabi_dmul                             0x08000447   Thumb Code   228  dmul.o(.text)
    __aeabi_i2d                              0x0800052b   Thumb Code    34  dflti.o(.text)
    __aeabi_d2iz                             0x0800054d   Thumb Code    62  dfixi.o(.text)
    __aeabi_cdcmpeq                          0x0800058d   Thumb Code     0  cdcmple.o(.text)
    __aeabi_cdcmple                          0x0800058d   Thumb Code    48  cdcmple.o(.text)
    __aeabi_cdrcmple                         0x080005bd   Thumb Code    48  cdrcmple.o(.text)
    __aeabi_uidiv                            0x080005ed   Thumb Code     0  uidiv.o(.text)
    __aeabi_uidivmod                         0x080005ed   Thumb Code    44  uidiv.o(.text)
    __aeabi_uldivmod                         0x08000619   Thumb Code    98  uldiv.o(.text)
    __aeabi_llsl                             0x0800067b   Thumb Code    30  llshl.o(.text)
    _ll_shift_l                              0x0800067b   Thumb Code     0  llshl.o(.text)
    __aeabi_llsr                             0x08000699   Thumb Code    32  llushr.o(.text)
    _ll_ushift_r                             0x08000699   Thumb Code     0  llushr.o(.text)
    __aeabi_lasr                             0x080006b9   Thumb Code    36  llsshr.o(.text)
    _ll_sshift_r                             0x080006b9   Thumb Code     0  llsshr.o(.text)
    __I$use$fp                               0x080006dd   Thumb Code     0  iusefp.o(.text)
    _double_round                            0x080006dd   Thumb Code    30  depilogue.o(.text)
    _double_epilogue                         0x080006fb   Thumb Code   156  depilogue.o(.text)
    __aeabi_ddiv                             0x08000797   Thumb Code   222  ddiv.o(.text)
    __ARM_scalbn                             0x08000875   Thumb Code    46  dscalb.o(.text)
    scalbn                                   0x08000875   Thumb Code     0  dscalb.o(.text)
    __aeabi_d2ulz                            0x080008a3   Thumb Code    48  dfixul.o(.text)
    __scatterload                            0x080008d5   Thumb Code    28  init.o(.text)
    __scatterload_rt2                        0x080008d5   Thumb Code     0  init.o(.text)
    _dsqrt                                   0x080008f9   Thumb Code   162  dsqrt.o(.text)
    __decompress                             0x0800099b   Thumb Code     0  __dczerorl2.o(.text)
    __decompress1                            0x0800099b   Thumb Code    86  __dczerorl2.o(.text)
    AT24CXX_Check                            0x080009f1   Thumb Code   164  at24cxx.o(i.AT24CXX_Check)
    AT24CXX_Init                             0x08000a99   Thumb Code    38  at24cxx_conf.o(i.AT24CXX_Init)
    AT24CXX_ReadBytes                        0x08000add   Thumb Code   344  at24cxx.o(i.AT24CXX_ReadBytes)
    AT24CXX_ReadOneByte                      0x08000c39   Thumb Code   144  at24cxx.o(i.AT24CXX_ReadOneByte)
    AT24CXX_ReadPages                        0x08000ccd   Thumb Code    54  at24cxx.o(i.AT24CXX_ReadPages)
    AT24CXX_WriteBytes                       0x08000d05   Thumb Code   322  at24cxx.o(i.AT24CXX_WriteBytes)
    AT24CXX_WriteOneByte                     0x08000e4d   Thumb Code   134  at24cxx.o(i.AT24CXX_WriteOneByte)
    AT24CXX_WritePages                       0x08000ed9   Thumb Code    54  at24cxx.o(i.AT24CXX_WritePages)
    BSP_Init                                 0x08000f11   Thumb Code    32  bsp.o(i.BSP_Init)
    BusFault_Handler                         0x08000f3d   Thumb Code     4  stm32f10x_it.o(i.BusFault_Handler)
    DebugInit                                0x0800105d   Thumb Code    42  debug.o(i.DebugInit)
    DebugMon_Handler                         0x08001099   Thumb Code     2  stm32f10x_it.o(i.DebugMon_Handler)
    EXTI4_IRQHandler                         0x0800109b   Thumb Code    36  nrf24l01_conf.o(i.EXTI4_IRQHandler)
    EXTI_ClearITPendingBit                   0x080010c1   Thumb Code     6  stm32f10x_exti.o(i.EXTI_ClearITPendingBit)
    EXTI_GetITStatus                         0x080010cd   Thumb Code    34  stm32f10x_exti.o(i.EXTI_GetITStatus)
    GPIO_Init                                0x080011b5   Thumb Code   278  stm32f10x_gpio.o(i.GPIO_Init)
    GPIO_PinRemapConfig                      0x080012cd   Thumb Code   138  stm32f10x_gpio.o(i.GPIO_PinRemapConfig)
    GPIO_ResetBits                           0x0800135d   Thumb Code     4  stm32f10x_gpio.o(i.GPIO_ResetBits)
    GPIO_SetBits                             0x08001361   Thumb Code     4  stm32f10x_gpio.o(i.GPIO_SetBits)
    GetCRC16                                 0x08001365   Thumb Code    20  crc16.o(i.GetCRC16)
    GetCrc16_add                             0x08001379   Thumb Code    42  crc16.o(i.GetCrc16_add)
    HT1621_CS_Deselect                       0x080013a9   Thumb Code     8  ht1621_conf.o(i.HT1621_CS_Deselect)
    HT1621_CS_Select                         0x080013b5   Thumb Code     8  ht1621_conf.o(i.HT1621_CS_Select)
    HT1621_DATA_In                           0x080013c1   Thumb Code     8  ht1621_conf.o(i.HT1621_DATA_In)
    HT1621_DATA_Out                          0x080013cd   Thumb Code     6  ht1621_conf.o(i.HT1621_DATA_Out)
    HT1621_GPIO_Init                         0x080013d9   Thumb Code    88  ht1621_conf.o(i.HT1621_GPIO_Init)
    HT1621_Init                              0x08001435   Thumb Code    66  ht1621_conf.o(i.HT1621_Init)
    HT1621_RD_High                           0x0800149d   Thumb Code     8  ht1621_conf.o(i.HT1621_RD_High)
    HT1621_RD_Low                            0x080014a9   Thumb Code     8  ht1621_conf.o(i.HT1621_RD_Low)
    HT1621_WR_High                           0x080014b5   Thumb Code     8  ht1621_conf.o(i.HT1621_WR_High)
    HT1621_WR_Low                            0x080014c1   Thumb Code     8  ht1621_conf.o(i.HT1621_WR_Low)
    HT16xx_conf_func                         0x080014cd   Thumb Code    68  ht1621.o(i.HT16xx_conf_func)
    HT16xx_send_highBit                      0x08001515   Thumb Code    90  ht1621.o(i.HT16xx_send_highBit)
    HT16xx_send_lowBit                       0x08001575   Thumb Code    88  ht1621.o(i.HT16xx_send_lowBit)
    HT16xx_test                              0x080015d1   Thumb Code    42  ht1621.o(i.HT16xx_test)
    HardFault_Handler                        0x08001601   Thumb Code     4  stm32f10x_it.o(i.HardFault_Handler)
    HexStrToHexArr                           0x08001605   Thumb Code   148  boxos_str.o(i.HexStrToHexArr)
    IIC_Soft_Ack                             0x08001699   Thumb Code    66  bsp_i2csoft.o(i.IIC_Soft_Ack)
    IIC_Soft_Init                            0x080016e9   Thumb Code    76  bsp_i2csoft.o(i.IIC_Soft_Init)
    IIC_Soft_NoAck                           0x08001739   Thumb Code    66  bsp_i2csoft.o(i.IIC_Soft_NoAck)
    IIC_Soft_ReadByte                        0x08001789   Thumb Code    98  bsp_i2csoft.o(i.IIC_Soft_ReadByte)
    IIC_Soft_Start                           0x080017f9   Thumb Code    64  bsp_i2csoft.o(i.IIC_Soft_Start)
    IIC_Soft_Stop                            0x08001845   Thumb Code    62  bsp_i2csoft.o(i.IIC_Soft_Stop)
    IIC_Soft_WaitAck                         0x08001891   Thumb Code    86  bsp_i2csoft.o(i.IIC_Soft_WaitAck)
    IIC_Soft_WriteByte                       0x080018f5   Thumb Code   104  bsp_i2csoft.o(i.IIC_Soft_WriteByte)
    LED_Init                                 0x080019c5   Thumb Code     8  signalled.o(i.LED_Init)
    MemManage_Handler                        0x08001a23   Thumb Code     4  stm32f10x_it.o(i.MemManage_Handler)
    NMI_Handler                              0x08001a27   Thumb Code     2  stm32f10x_it.o(i.NMI_Handler)
    NRF24L01_Check                           0x08001a29   Thumb Code   116  nrf24l01.o(i.NRF24L01_Check)
    NRF24L01_IRQ_oper                        0x08001aa9   Thumb Code   306  nrf24l01.o(i.NRF24L01_IRQ_oper)
    NRF24L01_IdleTX                          0x08001be1   Thumb Code   178  nrf24l01.o(i.NRF24L01_IdleTX)
    NRF24L01_RX                              0x08001c99   Thumb Code   130  nrf24l01.o(i.NRF24L01_RX)
    NRF24L01_Read_Buf                        0x08001d21   Thumb Code    72  nrf24l01.o(i.NRF24L01_Read_Buf)
    NRF24L01_Read_Byte                       0x08001d6d   Thumb Code    54  nrf24l01.o(i.NRF24L01_Read_Byte)
    NRF24L01_Shutdown                        0x08001da9   Thumb Code    60  nrf24l01.o(i.NRF24L01_Shutdown)
    NRF24L01_Standby                         0x08001de9   Thumb Code   152  nrf24l01.o(i.NRF24L01_Standby)
    NRF24L01_TX                              0x08001e85   Thumb Code   112  nrf24l01.o(i.NRF24L01_TX)
    NRF24L01_TX_Buffer                       0x08001ef9   Thumb Code   220  nrf24l01.o(i.NRF24L01_TX_Buffer)
    NRF24L01_Write_Buf                       0x08002065   Thumb Code    74  nrf24l01.o(i.NRF24L01_Write_Buf)
    NRF24L01_Write_Byte                      0x080020b5   Thumb Code    54  nrf24l01.o(i.NRF24L01_Write_Byte)
    NVIC_Init                                0x080020f1   Thumb Code   100  misc.o(i.NVIC_Init)
    NVIC_PriorityGroupConfig                 0x08002161   Thumb Code    10  misc.o(i.NVIC_PriorityGroupConfig)
    OSInit                                   0x08002175   Thumb Code    44  os_core.o(i.OSInit)
    OSInitHookBegin                          0x080021a1   Thumb Code     2  os_cpu_c.o(i.OSInitHookBegin)
    OSInitHookEnd                            0x080021a3   Thumb Code     2  os_cpu_c.o(i.OSInitHookEnd)
    OSIntEnter                               0x080021a5   Thumb Code    28  os_core.o(i.OSIntEnter)
    OSIntExit                                0x080021c9   Thumb Code   112  os_core.o(i.OSIntExit)
    OSSchedLock                              0x08002259   Thumb Code    50  os_core.o(i.OSSchedLock)
    OSSchedUnlock                            0x08002299   Thumb Code    82  os_core.o(i.OSSchedUnlock)
    OSStart                                  0x080022f9   Thumb Code    48  os_core.o(i.OSStart)
    OSStatInit                               0x08002341   Thumb Code    62  os_core.o(i.OSStatInit)
    OSTCBInitHook                            0x0800238d   Thumb Code     2  os_cpu_c.o(i.OSTCBInitHook)
    OSTaskCreateExt                          0x08002391   Thumb Code   170  os_task.o(i.OSTaskCreateExt)
    OSTaskCreateHook                         0x08002449   Thumb Code     2  os_cpu_c.o(i.OSTaskCreateHook)
    OSTaskIdleHook                           0x0800244b   Thumb Code     2  os_cpu_c.o(i.OSTaskIdleHook)
    OSTaskStatHook                           0x0800244d   Thumb Code     2  os_cpu_c.o(i.OSTaskStatHook)
    OSTaskStkChk                             0x08002451   Thumb Code   132  os_task.o(i.OSTaskStkChk)
    OSTaskStkInit                            0x080024dd   Thumb Code   154  os_cpu_c.o(i.OSTaskStkInit)
    OSTaskSuspend                            0x08002579   Thumb Code   152  os_task.o(i.OSTaskSuspend)
    OSTaskSwHook                             0x08002621   Thumb Code     2  os_cpu_c.o(i.OSTaskSwHook)
    OSTimeDly                                0x08002625   Thumb Code   100  os_time.o(i.OSTimeDly)
    OSTimeDlyHMSM                            0x0800269d   Thumb Code    86  os_time.o(i.OSTimeDlyHMSM)
    OSTimeTick                               0x080026fd   Thumb Code   210  os_core.o(i.OSTimeTick)
    OSTimeTickHook                           0x080027e9   Thumb Code     2  os_cpu_c.o(i.OSTimeTickHook)
    OS_FlagInit                              0x080027ed   Thumb Code    74  os_flag.o(i.OS_FlagInit)
    OS_MemClr                                0x08002a09   Thumb Code    18  os_core.o(i.OS_MemClr)
    OS_QInit                                 0x08002a1d   Thumb Code    72  os_q.o(i.OS_QInit)
    OS_Sched                                 0x08002a6d   Thumb Code    88  os_core.o(i.OS_Sched)
    OS_TCBInit                               0x08002b0d   Thumb Code   264  os_core.o(i.OS_TCBInit)
    OS_TaskIdle                              0x08002c2d   Thumb Code    34  os_core.o(i.OS_TaskIdle)
    OS_TaskStat                              0x08002c55   Thumb Code   116  os_core.o(i.OS_TaskStat)
    OS_TaskStatStkChk                        0x08002cdd   Thumb Code    54  os_core.o(i.OS_TaskStatStkChk)
    OS_TaskStkClr                            0x08002d19   Thumb Code    26  os_task.o(i.OS_TaskStkClr)
    Queue_In                                 0x08002d8b   Thumb Code   118  queue.o(i.Queue_In)
    Queue_Out                                0x08002e01   Thumb Code    70  queue.o(i.Queue_Out)
    RCC_APB1PeriphClockCmd                   0x08002e49   Thumb Code    26  stm32f10x_rcc.o(i.RCC_APB1PeriphClockCmd)
    RCC_APB2PeriphClockCmd                   0x08002e69   Thumb Code    26  stm32f10x_rcc.o(i.RCC_APB2PeriphClockCmd)
    RCC_GetClocksFreq                        0x08002e89   Thumb Code   192  stm32f10x_rcc.o(i.RCC_GetClocksFreq)
    SVC_Handler                              0x08002f5d   Thumb Code     2  stm32f10x_it.o(i.SVC_Handler)
    SysTick_CLKSourceConfig                  0x08003049   Thumb Code    40  misc.o(i.SysTick_CLKSourceConfig)
    SysTick_Handler                          0x08003071   Thumb Code    24  bsp_delay.o(i.SysTick_Handler)
    SystemInit                               0x0800308d   Thumb Code    78  system_stm32f10x.o(i.SystemInit)
    TIM3_IRQHandler                          0x0800332d   Thumb Code    34  bsp_timbase.o(i.TIM3_IRQHandler)
    TIM_ClearITPendingBit                    0x08003359   Thumb Code     6  stm32f10x_tim.o(i.TIM_ClearITPendingBit)
    TIM_Cmd                                  0x0800335f   Thumb Code    24  stm32f10x_tim.o(i.TIM_Cmd)
    TIM_GetCapture1                          0x08003377   Thumb Code     6  stm32f10x_tim.o(i.TIM_GetCapture1)
    TIM_GetCapture2                          0x0800337d   Thumb Code     6  stm32f10x_tim.o(i.TIM_GetCapture2)
    TIM_GetCounter                           0x08003383   Thumb Code     6  stm32f10x_tim.o(i.TIM_GetCounter)
    TIM_GetFlagStatus                        0x08003389   Thumb Code    18  stm32f10x_tim.o(i.TIM_GetFlagStatus)
    TIM_GetITStatus                          0x0800339b   Thumb Code    34  stm32f10x_tim.o(i.TIM_GetITStatus)
    TIM_ICInit                               0x080033bd   Thumb Code   150  stm32f10x_tim.o(i.TIM_ICInit)
    TIM_SetCounter                           0x08003469   Thumb Code     4  stm32f10x_tim.o(i.TIM_SetCounter)
    TIM_SetIC1Prescaler                      0x0800346d   Thumb Code    18  stm32f10x_tim.o(i.TIM_SetIC1Prescaler)
    TIM_SetIC2Prescaler                      0x0800347f   Thumb Code    26  stm32f10x_tim.o(i.TIM_SetIC2Prescaler)
    TIM_SetIC3Prescaler                      0x08003499   Thumb Code    18  stm32f10x_tim.o(i.TIM_SetIC3Prescaler)
    TIM_SetIC4Prescaler                      0x080034ab   Thumb Code    26  stm32f10x_tim.o(i.TIM_SetIC4Prescaler)
    TIM_TimeBaseInit                         0x080034c5   Thumb Code   122  stm32f10x_tim.o(i.TIM_TimeBaseInit)
    TPAD1_Config                             0x08003569   Thumb Code   154  tpad.o(i.TPAD1_Config)
    TPAD1_Reset                              0x08003611   Thumb Code    90  tpad.o(i.TPAD1_Reset)
    TPAD2_Config                             0x08003671   Thumb Code   130  tpad.o(i.TPAD2_Config)
    TPAD2_Reset                              0x080036f9   Thumb Code    84  tpad.o(i.TPAD2_Reset)
    TPAD3_Config                             0x08003751   Thumb Code   140  tpad.o(i.TPAD3_Config)
    TPAD3_Reset                              0x080037e9   Thumb Code    80  tpad.o(i.TPAD3_Reset)
    TPAD4_Config                             0x08003841   Thumb Code   126  tpad.o(i.TPAD4_Config)
    TPAD4_Reset                              0x080038c9   Thumb Code    82  tpad.o(i.TPAD4_Reset)
    TPAD5_Config                             0x08003925   Thumb Code   124  tpad.o(i.TPAD5_Config)
    TPAD5_Reset                              0x080039a9   Thumb Code    82  tpad.o(i.TPAD5_Reset)
    TPAD6_Config                             0x08003a05   Thumb Code   126  tpad.o(i.TPAD6_Config)
    TPAD6_Reset                              0x08003a8d   Thumb Code    82  tpad.o(i.TPAD6_Reset)
    TPAD_Config                              0x08003ae9   Thumb Code   136  tpad.o(i.TPAD_Config)
    UART4_IRQHandler                         0x08003b71   Thumb Code    26  bsp_uart.o(i.UART4_IRQHandler)
    UART5_IRQHandler                         0x08003b95   Thumb Code    26  bsp_uart.o(i.UART5_IRQHandler)
    USART1_IRQHandler                        0x08003bb9   Thumb Code    26  bsp_uart.o(i.USART1_IRQHandler)
    USART2_IRQHandler                        0x08003bdd   Thumb Code    26  bsp_uart.o(i.USART2_IRQHandler)
    USART3_Config                            0x08003c01   Thumb Code    76  bsp_uart.o(i.USART3_Config)
    USART3_IRQHandler                        0x08003c51   Thumb Code    26  bsp_uart.o(i.USART3_IRQHandler)
    USART_Cmd                                0x08003c75   Thumb Code    24  stm32f10x_usart.o(i.USART_Cmd)
    USART_Config                             0x08003c8d   Thumb Code    62  bsp_uart.o(i.USART_Config)
    USART_GetFlagStatus                      0x08003ccb   Thumb Code    26  stm32f10x_usart.o(i.USART_GetFlagStatus)
    USART_GetITStatus                        0x08003ce5   Thumb Code    84  stm32f10x_usart.o(i.USART_GetITStatus)
    USART_ITConfig                           0x08003d39   Thumb Code    74  stm32f10x_usart.o(i.USART_ITConfig)
    USART_Init                               0x08003d85   Thumb Code   210  stm32f10x_usart.o(i.USART_Init)
    USART_ReceiveData                        0x08003e5d   Thumb Code    10  stm32f10x_usart.o(i.USART_ReceiveData)
    USART_SendData                           0x08003e67   Thumb Code     8  stm32f10x_usart.o(i.USART_SendData)
    Uart_Config                              0x08003e6f   Thumb Code    78  bsp_uart.o(i.Uart_Config)
    UsageFault_Handler                       0x08003ebd   Thumb Code     4  stm32f10x_it.o(i.UsageFault_Handler)
    User_TaskCreate                          0x08003ec1   Thumb Code   222  user_task.o(i.User_TaskCreate)
    __0printf                                0x08003ff1   Thumb Code    22  printfa.o(i.__0printf)
    __1printf                                0x08003ff1   Thumb Code     0  printfa.o(i.__0printf)
    __2printf                                0x08003ff1   Thumb Code     0  printfa.o(i.__0printf)
    __c89printf                              0x08003ff1   Thumb Code     0  printfa.o(i.__0printf)
    printf                                   0x08003ff1   Thumb Code     0  printfa.o(i.__0printf)
    __0sprintf                               0x08004011   Thumb Code    34  printfa.o(i.__0sprintf)
    __1sprintf                               0x08004011   Thumb Code     0  printfa.o(i.__0sprintf)
    __2sprintf                               0x08004011   Thumb Code     0  printfa.o(i.__0sprintf)
    __c89sprintf                             0x08004011   Thumb Code     0  printfa.o(i.__0sprintf)
    sprintf                                  0x08004011   Thumb Code     0  printfa.o(i.__0sprintf)
    __ARM_fpclassify                         0x08004039   Thumb Code    40  fpclassify.o(i.__ARM_fpclassify)
    __kernel_poly                            0x08004061   Thumb Code   170  poly.o(i.__kernel_poly)
    __mathlib_dbl_divzero                    0x0800410d   Thumb Code    12  dunder.o(i.__mathlib_dbl_divzero)
    __mathlib_dbl_infnan2                    0x0800411d   Thumb Code     4  dunder.o(i.__mathlib_dbl_infnan2)
    __mathlib_dbl_invalid                    0x08004121   Thumb Code    12  dunder.o(i.__mathlib_dbl_invalid)
    __mathlib_dbl_overflow                   0x0800412d   Thumb Code    14  dunder.o(i.__mathlib_dbl_overflow)
    __mathlib_dbl_underflow                  0x0800413d   Thumb Code    10  dunder.o(i.__mathlib_dbl_underflow)
    __scatterload_copy                       0x0800414d   Thumb Code    14  handlers.o(i.__scatterload_copy)
    __scatterload_null                       0x0800415b   Thumb Code     2  handlers.o(i.__scatterload_null)
    __scatterload_zeroinit                   0x0800415d   Thumb Code    14  handlers.o(i.__scatterload_zeroinit)
    __set_errno                              0x0800416d   Thumb Code     6  errno.o(i.__set_errno)
    at24cxx_iic_soft_ack                     0x08004a15   Thumb Code     2  at24cxx.o(i.at24cxx_iic_soft_ack)
    at24cxx_iic_soft_nack                    0x08004a17   Thumb Code     2  at24cxx.o(i.at24cxx_iic_soft_nack)
    at24cxx_iic_soft_rd                      0x08004a19   Thumb Code     6  at24cxx.o(i.at24cxx_iic_soft_rd)
    at24cxx_iic_soft_start                   0x08004a1f   Thumb Code     2  at24cxx.o(i.at24cxx_iic_soft_start)
    at24cxx_iic_soft_stop                    0x08004a21   Thumb Code     2  at24cxx.o(i.at24cxx_iic_soft_stop)
    at24cxx_iic_soft_waitAck                 0x08004a23   Thumb Code     4  at24cxx.o(i.at24cxx_iic_soft_waitAck)
    at24cxx_iic_soft_wd                      0x08004a27   Thumb Code     2  at24cxx.o(i.at24cxx_iic_soft_wd)
    cJSON_AddItemToArray                     0x08004a29   Thumb Code    42  cjson.o(i.cJSON_AddItemToArray)
    cJSON_AddItemToObject                    0x08004a55   Thumb Code    44  cjson.o(i.cJSON_AddItemToObject)
    cJSON_CreateNumber                       0x08004a85   Thumb Code    36  cjson.o(i.cJSON_CreateNumber)
    cJSON_CreateObject                       0x08004aa9   Thumb Code    18  cjson.o(i.cJSON_CreateObject)
    cJSON_Delete                             0x08004abd   Thumb Code    82  cjson.o(i.cJSON_Delete)
    cJSON_Duplicate                          0x08004b15   Thumb Code   172  cjson.o(i.cJSON_Duplicate)
    cJSON_GetArrayItem                       0x08004bc1   Thumb Code    18  cjson.o(i.cJSON_GetArrayItem)
    cJSON_GetArraySize                       0x08004bd3   Thumb Code    18  cjson.o(i.cJSON_GetArraySize)
    cJSON_GetErrorPtr                        0x08004be5   Thumb Code     6  cjson.o(i.cJSON_GetErrorPtr)
    cJSON_GetObjectItem                      0x08004bf1   Thumb Code    30  cjson.o(i.cJSON_GetObjectItem)
    cJSON_Parse                              0x08004c31   Thumb Code    16  cjson.o(i.cJSON_Parse)
    cJSON_ParseWithOpts                      0x08004c41   Thumb Code    96  cjson.o(i.cJSON_ParseWithOpts)
    cJSON_PrintUnformatted                   0x08004ca5   Thumb Code    18  cjson.o(i.cJSON_PrintUnformatted)
    delay_init                               0x08004d9d   Thumb Code    76  bsp_delay.o(i.delay_init)
    delay_ms                                 0x08004df9   Thumb Code    66  bsp_delay.o(i.delay_ms)
    delay_osschedlock                        0x08004e49   Thumb Code     8  bsp_delay.o(i.delay_osschedlock)
    delay_osschedunlock                      0x08004e51   Thumb Code     8  bsp_delay.o(i.delay_osschedunlock)
    delay_ostimedly                          0x08004e59   Thumb Code    12  bsp_delay.o(i.delay_ostimedly)
    delay_us                                 0x08004e65   Thumb Code    86  bsp_delay.o(i.delay_us)
    e2p_initialize                           0x08004ec1   Thumb Code    38  e2pio.o(i.e2p_initialize)
    e2p_read                                 0x08004ee7   Thumb Code    60  e2pio.o(i.e2p_read)
    e2p_write                                0x08004f23   Thumb Code    54  e2pio.o(i.e2p_write)
    e2pf_close                               0x08004f59   Thumb Code     6  ef.o(i.e2pf_close)
    e2pf_mount                               0x08004f61   Thumb Code    68  ef.o(i.e2pf_mount)
    e2pf_open                                0x08004fa9   Thumb Code   358  ef.o(i.e2pf_open)
    e2pf_read                                0x08005115   Thumb Code   320  ef.o(i.e2pf_read)
    e2pf_seek                                0x08005255   Thumb Code    72  ef.o(i.e2pf_seek)
    execModeCtl                              0x0800530d   Thumb Code   338  commnetuart.o(i.execModeCtl)
    floor                                    0x080054e9   Thumb Code   204  floor.o(i.floor)
    fputc                                    0x080055c5   Thumb Code    24  bsp_sys.o(i.fputc)
    free                                     0x080055e1   Thumb Code    76  malloc.o(i.free)
    ht16xx_cs_deselect                       0x08005631   Thumb Code     2  ht1621.o(i.ht16xx_cs_deselect)
    ht16xx_cs_select                         0x08005633   Thumb Code     2  ht1621.o(i.ht16xx_cs_select)
    ht16xx_data_in                           0x08005635   Thumb Code     4  ht1621.o(i.ht16xx_data_in)
    ht16xx_data_out                          0x08005639   Thumb Code     2  ht1621.o(i.ht16xx_data_out)
    ht16xx_delay_ms                          0x0800563b   Thumb Code     2  ht1621.o(i.ht16xx_delay_ms)
    ht16xx_rd_high                           0x0800563d   Thumb Code     2  ht1621.o(i.ht16xx_rd_high)
    ht16xx_rd_low                            0x0800563f   Thumb Code     2  ht1621.o(i.ht16xx_rd_low)
    ht16xx_wr_high                           0x08005641   Thumb Code     2  ht1621.o(i.ht16xx_wr_high)
    ht16xx_wr_low                            0x08005643   Thumb Code     2  ht1621.o(i.ht16xx_wr_low)
    main                                     0x080056b5   Thumb Code    54  user_main.o(i.main)
    malloc                                   0x080056f5   Thumb Code    92  malloc.o(i.malloc)
    mount_e2p_volume                         0x08005761   Thumb Code   468  ef.o(i.mount_e2p_volume)
    net_uart_cmd_nodeCtl                     0x08005935   Thumb Code   238  commnetuart.o(i.net_uart_cmd_nodeCtl)
    nrf_ce_disable                           0x08005a79   Thumb Code     2  nrf24l01.o(i.nrf_ce_disable)
    nrf_ce_enable                            0x08005a7b   Thumb Code     2  nrf24l01.o(i.nrf_ce_enable)
    nrf_cris_enter                           0x08005a7d   Thumb Code     2  nrf24l01.o(i.nrf_cris_enter)
    nrf_cris_exit                            0x08005a7f   Thumb Code     2  nrf24l01.o(i.nrf_cris_exit)
    nrf_cs_deselect                          0x08005a81   Thumb Code     2  nrf24l01.o(i.nrf_cs_deselect)
    nrf_cs_select                            0x08005a83   Thumb Code     2  nrf24l01.o(i.nrf_cs_select)
    nrf_irq_trigger                          0x08005a85   Thumb Code     2  nrf24l01.o(i.nrf_irq_trigger)
    nrf_rx_handle                            0x08005a87   Thumb Code     2  nrf24l01.o(i.nrf_rx_handle)
    nrf_spi_readbyte                         0x08005a89   Thumb Code     4  nrf24l01.o(i.nrf_spi_readbyte)
    nrf_spi_setspeed                         0x08005a8d   Thumb Code     2  nrf24l01.o(i.nrf_spi_setspeed)
    nrf_spi_writebyte                        0x08005a8f   Thumb Code     2  nrf24l01.o(i.nrf_spi_writebyte)
    pow                                      0x080061c5   Thumb Code  2478  pow.o(i.pow)
    reg_at24cxx_ack_cbfunc                   0x080076ad   Thumb Code    34  at24cxx.o(i.reg_at24cxx_ack_cbfunc)
    reg_at24cxx_iic_cbfunc                   0x080076e1   Thumb Code    24  at24cxx.o(i.reg_at24cxx_iic_cbfunc)
    reg_at24cxx_sig_cbfunc                   0x08007705   Thumb Code    26  at24cxx.o(i.reg_at24cxx_sig_cbfunc)
    reg_ht16xx_cs_cbfunc                     0x0800772d   Thumb Code    26  ht1621.o(i.reg_ht16xx_cs_cbfunc)
    reg_ht16xx_data_cbfunc                   0x08007755   Thumb Code    26  ht1621.o(i.reg_ht16xx_data_cbfunc)
    reg_ht16xx_delayms_cbfunc                0x0800777d   Thumb Code    16  ht1621.o(i.reg_ht16xx_delayms_cbfunc)
    reg_ht16xx_rd_cbfunc                     0x08007795   Thumb Code    26  ht1621.o(i.reg_ht16xx_rd_cbfunc)
    reg_ht16xx_wr_cbfunc                     0x080077bd   Thumb Code    26  ht1621.o(i.reg_ht16xx_wr_cbfunc)
    sqrt                                     0x080077f7   Thumb Code    76  sqrt.o(i.sqrt)
    tpad_get_maxval                          0x08007b4d   Thumb Code    44  tpad.o(i.tpad_get_maxval)
    tpad_get_val                             0x08007b79   Thumb Code    52  tpad.o(i.tpad_get_val)
    tpad_init                                0x08007bad   Thumb Code   100  tpad.o(i.tpad_init)
    tpad_scan                                0x08007c29   Thumb Code    68  tpad.o(i.tpad_scan)
    uart_enable_int_inNcv                    0x08007ca9   Thumb Code    34  bsp_uart.o(i.uart_enable_int_inNcv)
    OSUnMapTbl                               0x08007d7c   Data         256  os_core.o(.constdata)
    crc_const_table                          0x08007e7c   Data         512  crc16.o(.constdata)
    __mathlib_zero                           0x08008120   Data           8  qnan.o(.constdata)
    Region$$Table$$Base                      0x08008128   Number         0  anon$$obj.o(Region$$Table)
    Region$$Table$$Limit                     0x08008148   Number         0  anon$$obj.o(Region$$Table)
    SystemCoreClock                          0x20000000   Data           4  system_stm32f10x.o(.data)
    AHBPrescTable                            0x20000004   Data          16  system_stm32f10x.o(.data)
    OSCtxSwCtr                               0x20000028   Data           4  os_core.o(.data)
    OSEventFreeList                          0x2000002c   Data           4  os_core.o(.data)
    OSFlagFreeList                           0x20000030   Data           4  os_core.o(.data)
    OSCPUUsage                               0x20000034   Data           1  os_core.o(.data)
    OSIdleCtrMax                             0x20000038   Data           4  os_core.o(.data)
    OSIdleCtrRun                             0x2000003c   Data           4  os_core.o(.data)
    OSStatRdy                                0x20000040   Data           1  os_core.o(.data)
    OSIntNesting                             0x20000041   Data           1  os_core.o(.data)
    OSLockNesting                            0x20000042   Data           1  os_core.o(.data)
    OSPrioCur                                0x20000043   Data           1  os_core.o(.data)
    OSPrioHighRdy                            0x20000044   Data           1  os_core.o(.data)
    OSRdyGrp                                 0x20000045   Data           1  os_core.o(.data)
    OSRdyTbl                                 0x20000046   Data           8  os_core.o(.data)
    OSRunning                                0x2000004e   Data           1  os_core.o(.data)
    OSTaskCtr                                0x2000004f   Data           1  os_core.o(.data)
    OSIdleCtr                                0x20000050   Data           4  os_core.o(.data)
    OSTCBCur                                 0x20000054   Data           4  os_core.o(.data)
    OSTCBFreeList                            0x20000058   Data           4  os_core.o(.data)
    OSTCBHighRdy                             0x2000005c   Data           4  os_core.o(.data)
    OSTCBList                                0x20000060   Data           4  os_core.o(.data)
    OSTickStepState                          0x20000064   Data           1  os_core.o(.data)
    OSQFreeList                              0x20000068   Data           4  os_core.o(.data)
    OSTime                                   0x2000006c   Data           4  os_core.o(.data)
    StackBytes                               0x20000070   Data           8  user_task.o(.data)
    myDrv                                    0x2000007c   Data           1  bsp.o(.data)
    __stdout                                 0x20000080   Data           4  bsp_sys.o(.data)
    DriverUart1                              0x20000088   Data          32  bsp_uart.o(.data)
    DriverUart2                              0x200000a8   Data          32  bsp_uart.o(.data)
    DriverUart3                              0x200000c8   Data          32  bsp_uart.o(.data)
    DriverUart4                              0x200000e8   Data          32  bsp_uart.o(.data)
    DriverUart5                              0x20000108   Data          32  bsp_uart.o(.data)
    W5500_Send_Delay_Counter                 0x20000128   Data           4  bsp_timbase.o(.data)
    NRF24L01                                 0x2000012c   Data         192  nrf24l01.o(.data)
    DriverTpad1                              0x200001f4   Data          20  tpad.o(.data)
    DriverTpad2                              0x20000208   Data          20  tpad.o(.data)
    DriverTpad3                              0x2000021c   Data          20  tpad.o(.data)
    DriverTpad4                              0x20000230   Data          20  tpad.o(.data)
    DriverTpad5                              0x20000244   Data          20  tpad.o(.data)
    DriverTpad6                              0x20000258   Data          20  tpad.o(.data)
    __microlib_freelist                      0x20000278   Data           4  mvars.o(.data)
    __microlib_freelist_initialised          0x2000027c   Data           4  mvars.o(.data)
    OSEventTbl                               0x20000284   Data         200  os_core.o(.bss)
    OSFlagTbl                                0x2000034c   Data          80  os_core.o(.bss)
    OSTaskStatStk                            0x2000039c   Data         512  os_core.o(.bss)
    OSTaskIdleStk                            0x2000059c   Data         512  os_core.o(.bss)
    OSTCBPrioTbl                             0x2000079c   Data         256  os_core.o(.bss)
    OSTCBTbl                                 0x2000089c   Data         912  os_core.o(.bss)
    OSQTbl                                   0x20000c2c   Data         120  os_core.o(.bss)
    gUartSendBufToDebug                      0x20001e04   Data         256  debug.o(.bss)
    myFs                                     0x20001f04   Data         104  bsp.o(.bss)
    HT16xx                                   0x20001f6c   Data          40  ht1621.o(.bss)
    at24cxx                                  0x20001f94   Data          32  at24cxx.o(.bss)
    PAGE_DATA_BUFFER                         0x20001fb4   Data         256  at24cxx.o(.bss)
    __heap_base                              0x200020b8   Data           0  startup_stm32f10x_hd.o(HEAP)
    __heap_limit                             0x200046b8   Data           0  startup_stm32f10x_hd.o(HEAP)
    __initial_sp                             0x20004ab8   Data           0  startup_stm32f10x_hd.o(STACK)



==============================================================================

Memory Map of the image

  Image Entry point : 0x08000145

  Load Region LR_1 (Base: 0x08000000, Size: 0x000083cc, Max: 0xffffffff, ABSOLUTE, COMPRESSED[0x000081dc])

    Execution Region ER_RO (Base: 0x08000000, Size: 0x00008148, Max: 0xffffffff, ABSOLUTE)

    Base Addr    Size         Type   Attr      Idx    E Section Name        Object

    0x08000000   0x00000130   Data   RO            3    RESET               startup_stm32f10x_hd.o
    0x08000130   0x00000000   Code   RO         5862  * .ARM.Collect$$$$00000000  mc_w.l(entry.o)
    0x08000130   0x00000004   Code   RO         6243    .ARM.Collect$$$$00000001  mc_w.l(entry2.o)
    0x08000134   0x00000004   Code   RO         6246    .ARM.Collect$$$$00000004  mc_w.l(entry5.o)
    0x08000138   0x00000000   Code   RO         6248    .ARM.Collect$$$$00000008  mc_w.l(entry7b.o)
    0x08000138   0x00000000   Code   RO         6250    .ARM.Collect$$$$0000000A  mc_w.l(entry8b.o)
    0x08000138   0x00000008   Code   RO         6251    .ARM.Collect$$$$0000000B  mc_w.l(entry9a.o)
    0x08000140   0x00000000   Code   RO         6253    .ARM.Collect$$$$0000000D  mc_w.l(entry10a.o)
    0x08000140   0x00000000   Code   RO         6255    .ARM.Collect$$$$0000000F  mc_w.l(entry11a.o)
    0x08000140   0x00000004   Code   RO         6244    .ARM.Collect$$$$00002712  mc_w.l(entry2.o)
    0x08000144   0x00000024   Code   RO            4  * .text               startup_stm32f10x_hd.o
    0x08000168   0x000000b4   Code   RO         2938    .text               os_cpu_a.o
    0x0800021c   0x0000000c   Code   RO         5875    .text               mc_w.l(tolower.o)
    0x08000228   0x00000024   Code   RO         5877    .text               mc_w.l(memcpya.o)
    0x0800024c   0x00000024   Code   RO         5879    .text               mc_w.l(memseta.o)
    0x08000270   0x00000014   Code   RO         5881    .text               mc_w.l(strchr.o)
    0x08000284   0x0000000e   Code   RO         5883    .text               mc_w.l(strlen.o)
    0x08000292   0x0000001c   Code   RO         5885    .text               mc_w.l(strcmp.o)
    0x080002ae   0x0000001a   Code   RO         5887    .text               mc_w.l(memcmp.o)
    0x080002c8   0x00000012   Code   RO         5889    .text               mc_w.l(strcpy.o)
    0x080002da   0x0000001e   Code   RO         5891    .text               mc_w.l(strncmp.o)
    0x080002f8   0x0000014e   Code   RO         6190    .text               mf_w.l(dadd.o)
    0x08000446   0x000000e4   Code   RO         6192    .text               mf_w.l(dmul.o)
    0x0800052a   0x00000022   Code   RO         6198    .text               mf_w.l(dflti.o)
    0x0800054c   0x0000003e   Code   RO         6204    .text               mf_w.l(dfixi.o)
    0x0800058a   0x00000002   PAD
    0x0800058c   0x00000030   Code   RO         6208    .text               mf_w.l(cdcmple.o)
    0x080005bc   0x00000030   Code   RO         6210    .text               mf_w.l(cdrcmple.o)
    0x080005ec   0x0000002c   Code   RO         6268    .text               mc_w.l(uidiv.o)
    0x08000618   0x00000062   Code   RO         6270    .text               mc_w.l(uldiv.o)
    0x0800067a   0x0000001e   Code   RO         6272    .text               mc_w.l(llshl.o)
    0x08000698   0x00000020   Code   RO         6274    .text               mc_w.l(llushr.o)
    0x080006b8   0x00000024   Code   RO         6276    .text               mc_w.l(llsshr.o)
    0x080006dc   0x00000000   Code   RO         6291    .text               mc_w.l(iusefp.o)
    0x080006dc   0x000000ba   Code   RO         6294    .text               mf_w.l(depilogue.o)
    0x08000796   0x000000de   Code   RO         6296    .text               mf_w.l(ddiv.o)
    0x08000874   0x0000002e   Code   RO         6298    .text               mf_w.l(dscalb.o)
    0x080008a2   0x00000030   Code   RO         6300    .text               mf_w.l(dfixul.o)
    0x080008d2   0x00000002   PAD
    0x080008d4   0x00000024   Code   RO         6302    .text               mc_w.l(init.o)
    0x080008f8   0x000000a2   Code   RO         6344    .text               mf_w.l(dsqrt.o)
    0x0800099a   0x00000056   Code   RO         6361    .text               mc_w.l(__dczerorl2.o)
    0x080009f0   0x000000a8   Code   RO         5205    i.AT24CXX_Check     at24cxx.o
    0x08000a98   0x00000044   Code   RO         5320    i.AT24CXX_Init      at24cxx_conf.o
    0x08000adc   0x0000015c   Code   RO         5206    i.AT24CXX_ReadBytes  at24cxx.o
    0x08000c38   0x00000094   Code   RO         5207    i.AT24CXX_ReadOneByte  at24cxx.o
    0x08000ccc   0x00000036   Code   RO         5208    i.AT24CXX_ReadPages  at24cxx.o
    0x08000d02   0x00000002   PAD
    0x08000d04   0x00000148   Code   RO         5209    i.AT24CXX_WriteBytes  at24cxx.o
    0x08000e4c   0x0000008c   Code   RO         5210    i.AT24CXX_WriteOneByte  at24cxx.o
    0x08000ed8   0x00000036   Code   RO         5211    i.AT24CXX_WritePages  at24cxx.o
    0x08000f0e   0x00000002   PAD
    0x08000f10   0x0000002c   Code   RO         3926    i.BSP_Init          bsp.o
    0x08000f3c   0x00000004   Code   RO         3123    i.BusFault_Handler  stm32f10x_it.o
    0x08000f40   0x000000ae   Code   RO         4903    i.DIR_Select        ef.o
    0x08000fee   0x0000006e   Code   RO         4904    i.DIR_Update        ef.o
    0x0800105c   0x0000003c   Code   RO         3174    i.DebugInit         debug.o
    0x08001098   0x00000002   Code   RO         3124    i.DebugMon_Handler  stm32f10x_it.o
    0x0800109a   0x00000024   Code   RO         4763    i.EXTI4_IRQHandler  nrf24l01_conf.o
    0x080010be   0x00000002   PAD
    0x080010c0   0x0000000c   Code   RO         1775    i.EXTI_ClearITPendingBit  stm32f10x_exti.o
    0x080010cc   0x00000028   Code   RO         1779    i.EXTI_GetITStatus  stm32f10x_exti.o
    0x080010f4   0x00000058   Code   RO         4906    i.FIL_Select        ef.o
    0x0800114c   0x00000068   Code   RO         4907    i.FIL_Update        ef.o
    0x080011b4   0x00000116   Code   RO          252    i.GPIO_Init         stm32f10x_gpio.o
    0x080012ca   0x00000002   PAD
    0x080012cc   0x00000090   Code   RO          254    i.GPIO_PinRemapConfig  stm32f10x_gpio.o
    0x0800135c   0x00000004   Code   RO          259    i.GPIO_ResetBits    stm32f10x_gpio.o
    0x08001360   0x00000004   Code   RO          260    i.GPIO_SetBits      stm32f10x_gpio.o
    0x08001364   0x00000014   Code   RO         3750    i.GetCRC16          crc16.o
    0x08001378   0x00000030   Code   RO         3752    i.GetCrc16_add      crc16.o
    0x080013a8   0x0000000c   Code   RO         5139    i.HT1621_CS_Deselect  ht1621_conf.o
    0x080013b4   0x0000000c   Code   RO         5140    i.HT1621_CS_Select  ht1621_conf.o
    0x080013c0   0x0000000c   Code   RO         5141    i.HT1621_DATA_In    ht1621_conf.o
    0x080013cc   0x0000000c   Code   RO         5142    i.HT1621_DATA_Out   ht1621_conf.o
    0x080013d8   0x0000005c   Code   RO         5143    i.HT1621_GPIO_Init  ht1621_conf.o
    0x08001434   0x00000068   Code   RO         5144    i.HT1621_Init       ht1621_conf.o
    0x0800149c   0x0000000c   Code   RO         5145    i.HT1621_RD_High    ht1621_conf.o
    0x080014a8   0x0000000c   Code   RO         5146    i.HT1621_RD_Low     ht1621_conf.o
    0x080014b4   0x0000000c   Code   RO         5147    i.HT1621_WR_High    ht1621_conf.o
    0x080014c0   0x0000000c   Code   RO         5148    i.HT1621_WR_Low     ht1621_conf.o
    0x080014cc   0x00000048   Code   RO         5012    i.HT16xx_conf_func  ht1621.o
    0x08001514   0x00000060   Code   RO         5013    i.HT16xx_send_highBit  ht1621.o
    0x08001574   0x0000005c   Code   RO         5014    i.HT16xx_send_lowBit  ht1621.o
    0x080015d0   0x00000030   Code   RO         5015    i.HT16xx_test       ht1621.o
    0x08001600   0x00000004   Code   RO         3125    i.HardFault_Handler  stm32f10x_it.o
    0x08001604   0x00000094   Code   RO         3474    i.HexStrToHexArr    boxos_str.o
    0x08001698   0x00000050   Code   RO         4490    i.IIC_Soft_Ack      bsp_i2csoft.o
    0x080016e8   0x00000050   Code   RO         4491    i.IIC_Soft_Init     bsp_i2csoft.o
    0x08001738   0x00000050   Code   RO         4492    i.IIC_Soft_NoAck    bsp_i2csoft.o
    0x08001788   0x00000070   Code   RO         4493    i.IIC_Soft_ReadByte  bsp_i2csoft.o
    0x080017f8   0x0000004c   Code   RO         4494    i.IIC_Soft_Start    bsp_i2csoft.o
    0x08001844   0x0000004c   Code   RO         4495    i.IIC_Soft_Stop     bsp_i2csoft.o
    0x08001890   0x00000064   Code   RO         4496    i.IIC_Soft_WaitAck  bsp_i2csoft.o
    0x080018f4   0x00000074   Code   RO         4497    i.IIC_Soft_WriteByte  bsp_i2csoft.o
    0x08001968   0x0000005c   Code   RO         3194    i.LED_GPIO_Init     signalled.o
    0x080019c4   0x00000008   Code   RO         3195    i.LED_Init          signalled.o
    0x080019cc   0x00000056   Code   RO         4909    i.MBR_Update        ef.o
    0x08001a22   0x00000004   Code   RO         3126    i.MemManage_Handler  stm32f10x_it.o
    0x08001a26   0x00000002   Code   RO         3127    i.NMI_Handler       stm32f10x_it.o
    0x08001a28   0x00000080   Code   RO         4547    i.NRF24L01_Check    nrf24l01.o
    0x08001aa8   0x00000138   Code   RO         4548    i.NRF24L01_IRQ_oper  nrf24l01.o
    0x08001be0   0x000000b8   Code   RO         4549    i.NRF24L01_IdleTX   nrf24l01.o
    0x08001c98   0x00000088   Code   RO         4550    i.NRF24L01_RX       nrf24l01.o
    0x08001d20   0x0000004c   Code   RO         4551    i.NRF24L01_Read_Buf  nrf24l01.o
    0x08001d6c   0x0000003c   Code   RO         4552    i.NRF24L01_Read_Byte  nrf24l01.o
    0x08001da8   0x00000040   Code   RO         4554    i.NRF24L01_Shutdown  nrf24l01.o
    0x08001de8   0x0000009c   Code   RO         4555    i.NRF24L01_Standby  nrf24l01.o
    0x08001e84   0x00000074   Code   RO         4556    i.NRF24L01_TX       nrf24l01.o
    0x08001ef8   0x000000e0   Code   RO         4557    i.NRF24L01_TX_Buffer  nrf24l01.o
    0x08001fd8   0x0000008c   Code   RO         4559    i.NRF24L01_TX_Unit  nrf24l01.o
    0x08002064   0x00000050   Code   RO         4560    i.NRF24L01_Write_Buf  nrf24l01.o
    0x080020b4   0x0000003c   Code   RO         4561    i.NRF24L01_Write_Byte  nrf24l01.o
    0x080020f0   0x00000070   Code   RO           10    i.NVIC_Init         misc.o
    0x08002160   0x00000014   Code   RO           11    i.NVIC_PriorityGroupConfig  misc.o
    0x08002174   0x0000002c   Code   RO         2215    i.OSInit            os_core.o
    0x080021a0   0x00000002   Code   RO         2856    i.OSInitHookBegin   os_cpu_c.o
    0x080021a2   0x00000002   Code   RO         2857    i.OSInitHookEnd     os_cpu_c.o
    0x080021a4   0x00000024   Code   RO         2216    i.OSIntEnter        os_core.o
    0x080021c8   0x00000090   Code   RO         2217    i.OSIntExit         os_core.o
    0x08002258   0x00000040   Code   RO         2218    i.OSSchedLock       os_core.o
    0x08002298   0x00000060   Code   RO         2219    i.OSSchedUnlock     os_core.o
    0x080022f8   0x00000048   Code   RO         2220    i.OSStart           os_core.o
    0x08002340   0x0000004c   Code   RO         2221    i.OSStatInit        os_core.o
    0x0800238c   0x00000002   Code   RO         2858    i.OSTCBInitHook     os_cpu_c.o
    0x0800238e   0x00000002   PAD
    0x08002390   0x000000b8   Code   RO         2754    i.OSTaskCreateExt   os_task.o
    0x08002448   0x00000002   Code   RO         2859    i.OSTaskCreateHook  os_cpu_c.o
    0x0800244a   0x00000002   Code   RO         2861    i.OSTaskIdleHook    os_cpu_c.o
    0x0800244c   0x00000002   Code   RO         2863    i.OSTaskStatHook    os_cpu_c.o
    0x0800244e   0x00000002   PAD
    0x08002450   0x0000008c   Code   RO         2759    i.OSTaskStkChk      os_task.o
    0x080024dc   0x0000009a   Code   RO         2864    i.OSTaskStkInit     os_cpu_c.o
    0x08002576   0x00000002   PAD
    0x08002578   0x000000a8   Code   RO         2760    i.OSTaskSuspend     os_task.o
    0x08002620   0x00000002   Code   RO         2865    i.OSTaskSwHook      os_cpu_c.o
    0x08002622   0x00000002   PAD
    0x08002624   0x00000078   Code   RO         2814    i.OSTimeDly         os_time.o
    0x0800269c   0x00000060   Code   RO         2815    i.OSTimeDlyHMSM     os_time.o
    0x080026fc   0x000000ec   Code   RO         2222    i.OSTimeTick        os_core.o
    0x080027e8   0x00000002   Code   RO         2866    i.OSTimeTickHook    os_cpu_c.o
    0x080027ea   0x00000002   PAD
    0x080027ec   0x00000058   Code   RO         2445    i.OS_FlagInit       os_flag.o
    0x08002844   0x00000054   Code   RO         2228    i.OS_InitEventList  os_core.o
    0x08002898   0x00000054   Code   RO         2229    i.OS_InitMisc       os_core.o
    0x080028ec   0x00000044   Code   RO         2230    i.OS_InitRdyList    os_core.o
    0x08002930   0x00000070   Code   RO         2231    i.OS_InitTCBList    os_core.o
    0x080029a0   0x00000034   Code   RO         2232    i.OS_InitTaskIdle   os_core.o
    0x080029d4   0x00000034   Code   RO         2233    i.OS_InitTaskStat   os_core.o
    0x08002a08   0x00000012   Code   RO         2234    i.OS_MemClr         os_core.o
    0x08002a1a   0x00000002   PAD
    0x08002a1c   0x00000050   Code   RO         2638    i.OS_QInit          os_q.o
    0x08002a6c   0x00000074   Code   RO         2236    i.OS_Sched          os_core.o
    0x08002ae0   0x0000002c   Code   RO         2237    i.OS_SchedNew       os_core.o
    0x08002b0c   0x00000120   Code   RO         2239    i.OS_TCBInit        os_core.o
    0x08002c2c   0x00000028   Code   RO         2240    i.OS_TaskIdle       os_core.o
    0x08002c54   0x00000088   Code   RO         2241    i.OS_TaskStat       os_core.o
    0x08002cdc   0x0000003c   Code   RO         2242    i.OS_TaskStatStkChk  os_core.o
    0x08002d18   0x0000001a   Code   RO         2762    i.OS_TaskStkClr     os_task.o
    0x08002d32   0x00000016   Code   RO         3862    i.QUEUE_HeadAdd     queue.o
    0x08002d48   0x0000002c   Code   RO         3863    i.QUEUE_HeadPop     queue.o
    0x08002d74   0x00000016   Code   RO         3864    i.QUEUE_TailAdd     queue.o
    0x08002d8a   0x00000076   Code   RO         3867    i.Queue_In          queue.o
    0x08002e00   0x00000046   Code   RO         3868    i.Queue_Out         queue.o
    0x08002e46   0x00000002   PAD
    0x08002e48   0x00000020   Code   RO          392    i.RCC_APB1PeriphClockCmd  stm32f10x_rcc.o
    0x08002e68   0x00000020   Code   RO          394    i.RCC_APB2PeriphClockCmd  stm32f10x_rcc.o
    0x08002e88   0x000000d4   Code   RO          402    i.RCC_GetClocksFreq  stm32f10x_rcc.o
    0x08002f5c   0x00000002   Code   RO         3128    i.SVC_Handler       stm32f10x_it.o
    0x08002f5e   0x00000008   Code   RO          143    i.SetSysClock       system_stm32f10x.o
    0x08002f66   0x00000002   PAD
    0x08002f68   0x000000e0   Code   RO          144    i.SetSysClockTo72   system_stm32f10x.o
    0x08003048   0x00000028   Code   RO           14    i.SysTick_CLKSourceConfig  misc.o
    0x08003070   0x0000001c   Code   RO         4013    i.SysTick_Handler   bsp_delay.o
    0x0800308c   0x00000060   Code   RO          146    i.SystemInit        system_stm32f10x.o
    0x080030ec   0x00000080   Code   RO          923    i.TI1_Config        stm32f10x_tim.o
    0x0800316c   0x00000098   Code   RO          924    i.TI2_Config        stm32f10x_tim.o
    0x08003204   0x00000090   Code   RO          925    i.TI3_Config        stm32f10x_tim.o
    0x08003294   0x00000098   Code   RO          926    i.TI4_Config        stm32f10x_tim.o
    0x0800332c   0x0000002c   Code   RO         4442    i.TIM3_IRQHandler   bsp_timbase.o
    0x08003358   0x00000006   Code   RO          934    i.TIM_ClearITPendingBit  stm32f10x_tim.o
    0x0800335e   0x00000018   Code   RO          939    i.TIM_Cmd           stm32f10x_tim.o
    0x08003376   0x00000006   Code   RO          954    i.TIM_GetCapture1   stm32f10x_tim.o
    0x0800337c   0x00000006   Code   RO          955    i.TIM_GetCapture2   stm32f10x_tim.o
    0x08003382   0x00000006   Code   RO          958    i.TIM_GetCounter    stm32f10x_tim.o
    0x08003388   0x00000012   Code   RO          959    i.TIM_GetFlagStatus  stm32f10x_tim.o
    0x0800339a   0x00000022   Code   RO          960    i.TIM_GetITStatus   stm32f10x_tim.o
    0x080033bc   0x000000ac   Code   RO          962    i.TIM_ICInit        stm32f10x_tim.o
    0x08003468   0x00000004   Code   RO         1004    i.TIM_SetCounter    stm32f10x_tim.o
    0x0800346c   0x00000012   Code   RO         1005    i.TIM_SetIC1Prescaler  stm32f10x_tim.o
    0x0800347e   0x0000001a   Code   RO         1006    i.TIM_SetIC2Prescaler  stm32f10x_tim.o
    0x08003498   0x00000012   Code   RO         1007    i.TIM_SetIC3Prescaler  stm32f10x_tim.o
    0x080034aa   0x0000001a   Code   RO         1008    i.TIM_SetIC4Prescaler  stm32f10x_tim.o
    0x080034c4   0x000000a4   Code   RO         1010    i.TIM_TimeBaseInit  stm32f10x_tim.o
    0x08003568   0x000000a8   Code   RO         5338    i.TPAD1_Config      tpad.o
    0x08003610   0x00000060   Code   RO         5339    i.TPAD1_Reset       tpad.o
    0x08003670   0x00000088   Code   RO         5340    i.TPAD2_Config      tpad.o
    0x080036f8   0x00000058   Code   RO         5341    i.TPAD2_Reset       tpad.o
    0x08003750   0x00000098   Code   RO         5342    i.TPAD3_Config      tpad.o
    0x080037e8   0x00000058   Code   RO         5343    i.TPAD3_Reset       tpad.o
    0x08003840   0x00000088   Code   RO         5344    i.TPAD4_Config      tpad.o
    0x080038c8   0x0000005c   Code   RO         5345    i.TPAD4_Reset       tpad.o
    0x08003924   0x00000084   Code   RO         5346    i.TPAD5_Config      tpad.o
    0x080039a8   0x0000005c   Code   RO         5347    i.TPAD5_Reset       tpad.o
    0x08003a04   0x00000088   Code   RO         5348    i.TPAD6_Config      tpad.o
    0x08003a8c   0x0000005c   Code   RO         5349    i.TPAD6_Reset       tpad.o
    0x08003ae8   0x00000088   Code   RO         5350    i.TPAD_Config       tpad.o
    0x08003b70   0x00000024   Code   RO         4111    i.UART4_IRQHandler  bsp_uart.o
    0x08003b94   0x00000024   Code   RO         4112    i.UART5_IRQHandler  bsp_uart.o
    0x08003bb8   0x00000024   Code   RO         4114    i.USART1_IRQHandler  bsp_uart.o
    0x08003bdc   0x00000024   Code   RO         4116    i.USART2_IRQHandler  bsp_uart.o
    0x08003c00   0x00000050   Code   RO         4117    i.USART3_Config     bsp_uart.o
    0x08003c50   0x00000024   Code   RO         4118    i.USART3_IRQHandler  bsp_uart.o
    0x08003c74   0x00000018   Code   RO          597    i.USART_Cmd         stm32f10x_usart.o
    0x08003c8c   0x0000003e   Code   RO         4121    i.USART_Config      bsp_uart.o
    0x08003cca   0x0000001a   Code   RO          600    i.USART_GetFlagStatus  stm32f10x_usart.o
    0x08003ce4   0x00000054   Code   RO          601    i.USART_GetITStatus  stm32f10x_usart.o
    0x08003d38   0x0000004a   Code   RO          603    i.USART_ITConfig    stm32f10x_usart.o
    0x08003d82   0x00000002   PAD
    0x08003d84   0x000000d8   Code   RO          604    i.USART_Init        stm32f10x_usart.o
    0x08003e5c   0x0000000a   Code   RO          611    i.USART_ReceiveData  stm32f10x_usart.o
    0x08003e66   0x00000008   Code   RO          614    i.USART_SendData    stm32f10x_usart.o
    0x08003e6e   0x0000004e   Code   RO         4122    i.Uart_Config       bsp_uart.o
    0x08003ebc   0x00000004   Code   RO         3129    i.UsageFault_Handler  stm32f10x_it.o
    0x08003ec0   0x00000130   Code   RO         3043    i.User_TaskCreate   user_task.o
    0x08003ff0   0x00000020   Code   RO         6128    i.__0printf         mc_w.l(printfa.o)
    0x08004010   0x00000028   Code   RO         6130    i.__0sprintf        mc_w.l(printfa.o)
    0x08004038   0x00000028   Code   RO         6230    i.__ARM_fpclassify  m_ws.l(fpclassify.o)
    0x08004060   0x000000aa   Code   RO         6232    i.__kernel_poly     m_ws.l(poly.o)
    0x0800410a   0x00000002   PAD
    0x0800410c   0x00000010   Code   RO         6216    i.__mathlib_dbl_divzero  m_ws.l(dunder.o)
    0x0800411c   0x00000004   Code   RO         6218    i.__mathlib_dbl_infnan2  m_ws.l(dunder.o)
    0x08004120   0x0000000c   Code   RO         6219    i.__mathlib_dbl_invalid  m_ws.l(dunder.o)
    0x0800412c   0x0000000e   Code   RO         6220    i.__mathlib_dbl_overflow  m_ws.l(dunder.o)
    0x0800413a   0x00000002   PAD
    0x0800413c   0x00000010   Code   RO         6222    i.__mathlib_dbl_underflow  m_ws.l(dunder.o)
    0x0800414c   0x0000000e   Code   RO         6355    i.__scatterload_copy  mc_w.l(handlers.o)
    0x0800415a   0x00000002   Code   RO         6356    i.__scatterload_null  mc_w.l(handlers.o)
    0x0800415c   0x0000000e   Code   RO         6357    i.__scatterload_zeroinit  mc_w.l(handlers.o)
    0x0800416a   0x00000002   PAD
    0x0800416c   0x0000000c   Code   RO         6282    i.__set_errno       mc_w.l(errno.o)
    0x08004178   0x00000164   Code   RO         6135    i._fp_digits        mc_w.l(printfa.o)
    0x080042dc   0x000006dc   Code   RO         6136    i._printf_core      mc_w.l(printfa.o)
    0x080049b8   0x00000024   Code   RO         6137    i._printf_post_padding  mc_w.l(printfa.o)
    0x080049dc   0x0000002e   Code   RO         6138    i._printf_pre_padding  mc_w.l(printfa.o)
    0x08004a0a   0x0000000a   Code   RO         6140    i._sputc            mc_w.l(printfa.o)
    0x08004a14   0x00000002   Code   RO         5212    i.at24cxx_iic_soft_ack  at24cxx.o
    0x08004a16   0x00000002   Code   RO         5213    i.at24cxx_iic_soft_nack  at24cxx.o
    0x08004a18   0x00000006   Code   RO         5214    i.at24cxx_iic_soft_rd  at24cxx.o
    0x08004a1e   0x00000002   Code   RO         5215    i.at24cxx_iic_soft_start  at24cxx.o
    0x08004a20   0x00000002   Code   RO         5216    i.at24cxx_iic_soft_stop  at24cxx.o
    0x08004a22   0x00000004   Code   RO         5217    i.at24cxx_iic_soft_waitAck  at24cxx.o
    0x08004a26   0x00000002   Code   RO         5218    i.at24cxx_iic_soft_wd  at24cxx.o
    0x08004a28   0x0000002a   Code   RO         5464    i.cJSON_AddItemToArray  cjson.o
    0x08004a52   0x00000002   PAD
    0x08004a54   0x00000030   Code   RO         5465    i.cJSON_AddItemToObject  cjson.o
    0x08004a84   0x00000024   Code   RO         5474    i.cJSON_CreateNumber  cjson.o
    0x08004aa8   0x00000012   Code   RO         5475    i.cJSON_CreateObject  cjson.o
    0x08004aba   0x00000002   PAD
    0x08004abc   0x00000058   Code   RO         5479    i.cJSON_Delete      cjson.o
    0x08004b14   0x000000ac   Code   RO         5484    i.cJSON_Duplicate   cjson.o
    0x08004bc0   0x00000012   Code   RO         5485    i.cJSON_GetArrayItem  cjson.o
    0x08004bd2   0x00000012   Code   RO         5486    i.cJSON_GetArraySize  cjson.o
    0x08004be4   0x0000000c   Code   RO         5487    i.cJSON_GetErrorPtr  cjson.o
    0x08004bf0   0x0000001e   Code   RO         5488    i.cJSON_GetObjectItem  cjson.o
    0x08004c0e   0x00000002   PAD
    0x08004c10   0x00000020   Code   RO         5492    i.cJSON_New_Item    cjson.o
    0x08004c30   0x00000010   Code   RO         5493    i.cJSON_Parse       cjson.o
    0x08004c40   0x00000064   Code   RO         5494    i.cJSON_ParseWithOpts  cjson.o
    0x08004ca4   0x00000012   Code   RO         5497    i.cJSON_PrintUnformatted  cjson.o
    0x08004cb6   0x0000004c   Code   RO         5500    i.cJSON_strcasecmp  cjson.o
    0x08004d02   0x00000002   PAD
    0x08004d04   0x0000002c   Code   RO         5501    i.cJSON_strdup      cjson.o
    0x08004d30   0x0000006c   Code   RO         4910    i.check_fs          ef.o
    0x08004d9c   0x0000005c   Code   RO         4014    i.delay_init        bsp_delay.o
    0x08004df8   0x00000050   Code   RO         4015    i.delay_ms          bsp_delay.o
    0x08004e48   0x00000008   Code   RO         4016    i.delay_osschedlock  bsp_delay.o
    0x08004e50   0x00000008   Code   RO         4017    i.delay_osschedunlock  bsp_delay.o
    0x08004e58   0x0000000c   Code   RO         4018    i.delay_ostimedly   bsp_delay.o
    0x08004e64   0x0000005c   Code   RO         4019    i.delay_us          bsp_delay.o
    0x08004ec0   0x00000026   Code   RO         4839    i.e2p_initialize    e2pio.o
    0x08004ee6   0x0000003c   Code   RO         4841    i.e2p_read          e2pio.o
    0x08004f22   0x00000036   Code   RO         4843    i.e2p_write         e2pio.o
    0x08004f58   0x00000006   Code   RO         4911    i.e2pf_close        ef.o
    0x08004f5e   0x00000002   PAD
    0x08004f60   0x00000048   Code   RO         4913    i.e2pf_mount        ef.o
    0x08004fa8   0x0000016c   Code   RO         4914    i.e2pf_open         ef.o
    0x08005114   0x00000140   Code   RO         4915    i.e2pf_read         ef.o
    0x08005254   0x00000048   Code   RO         4916    i.e2pf_seek         ef.o
    0x0800529c   0x00000070   Code   RO         5503    i.ensure            cjson.o
    0x0800530c   0x000001dc   Code   RO         3321    i.execModeCtl       commnetuart.o
    0x080054e8   0x000000dc   Code   RO         5849    i.floor             m_ws.l(floor.o)
    0x080055c4   0x0000001c   Code   RO         3971    i.fputc             bsp_sys.o
    0x080055e0   0x00000050   Code   RO         6156    i.free              mc_w.l(malloc.o)
    0x08005630   0x00000002   Code   RO         5016    i.ht16xx_cs_deselect  ht1621.o
    0x08005632   0x00000002   Code   RO         5017    i.ht16xx_cs_select  ht1621.o
    0x08005634   0x00000004   Code   RO         5018    i.ht16xx_data_in    ht1621.o
    0x08005638   0x00000002   Code   RO         5019    i.ht16xx_data_out   ht1621.o
    0x0800563a   0x00000002   Code   RO         5020    i.ht16xx_delay_ms   ht1621.o
    0x0800563c   0x00000002   Code   RO         5021    i.ht16xx_rd_high    ht1621.o
    0x0800563e   0x00000002   Code   RO         5022    i.ht16xx_rd_low     ht1621.o
    0x08005640   0x00000002   Code   RO         5023    i.ht16xx_wr_high    ht1621.o
    0x08005642   0x00000002   Code   RO         5024    i.ht16xx_wr_low     ht1621.o
    0x08005644   0x0000000c   Code   RO         3870    i.isQueueEmpty      queue.o
    0x08005650   0x00000010   Code   RO         3871    i.isQueueFull       queue.o
    0x08005660   0x00000028   Code   RO         3047    i.led0_task         user_task.o
    0x08005688   0x0000002a   Code   RO         4918    i.load_window       ef.o
    0x080056b2   0x00000002   PAD
    0x080056b4   0x00000040   Code   RO         2941    i.main              user_main.o
    0x080056f4   0x0000006c   Code   RO         6157    i.malloc            mc_w.l(malloc.o)
    0x08005760   0x000001d4   Code   RO         4919    i.mount_e2p_volume  ef.o
    0x08005934   0x00000144   Code   RO         3324    i.net_uart_cmd_nodeCtl  commnetuart.o
    0x08005a78   0x00000002   Code   RO         4562    i.nrf_ce_disable    nrf24l01.o
    0x08005a7a   0x00000002   Code   RO         4563    i.nrf_ce_enable     nrf24l01.o
    0x08005a7c   0x00000002   Code   RO         4564    i.nrf_cris_enter    nrf24l01.o
    0x08005a7e   0x00000002   Code   RO         4565    i.nrf_cris_exit     nrf24l01.o
    0x08005a80   0x00000002   Code   RO         4566    i.nrf_cs_deselect   nrf24l01.o
    0x08005a82   0x00000002   Code   RO         4567    i.nrf_cs_select     nrf24l01.o
    0x08005a84   0x00000002   Code   RO         4569    i.nrf_irq_trigger   nrf24l01.o
    0x08005a86   0x00000002   Code   RO         4570    i.nrf_rx_handle     nrf24l01.o
    0x08005a88   0x00000004   Code   RO         4571    i.nrf_spi_readbyte  nrf24l01.o
    0x08005a8c   0x00000002   Code   RO         4572    i.nrf_spi_setspeed  nrf24l01.o
    0x08005a8e   0x00000002   Code   RO         4573    i.nrf_spi_writebyte  nrf24l01.o
    0x08005a90   0x000000ac   Code   RO         5504    i.parse_array       cjson.o
    0x08005b3c   0x00000114   Code   RO         5505    i.parse_hex4        cjson.o
    0x08005c50   0x000001bc   Code   RO         5506    i.parse_number      cjson.o
    0x08005e0c   0x00000114   Code   RO         5507    i.parse_object      cjson.o
    0x08005f20   0x000001cc   Code   RO         5508    i.parse_string      cjson.o
    0x080060ec   0x000000bc   Code   RO         5509    i.parse_value       cjson.o
    0x080061a8   0x0000001c   Code   RO         3928    i.platform_init     bsp.o
    0x080061c4   0x000009b8   Code   RO         5853    i.pow               m_ws.l(pow.o)
    0x08006b7c   0x0000001c   Code   RO         5510    i.pow2gt            cjson.o
    0x08006b98   0x00000250   Code   RO         5511    i.print_array       cjson.o
    0x08006de8   0x00000198   Code   RO         5512    i.print_number      cjson.o
    0x08006f80   0x00000418   Code   RO         5513    i.print_object      cjson.o
    0x08007398   0x00000010   Code   RO         5514    i.print_string      cjson.o
    0x080073a8   0x000001d4   Code   RO         5515    i.print_string_ptr  cjson.o
    0x0800757c   0x00000130   Code   RO         5516    i.print_value       cjson.o
    0x080076ac   0x00000034   Code   RO         5219    i.reg_at24cxx_ack_cbfunc  at24cxx.o
    0x080076e0   0x00000024   Code   RO         5220    i.reg_at24cxx_iic_cbfunc  at24cxx.o
    0x08007704   0x00000028   Code   RO         5221    i.reg_at24cxx_sig_cbfunc  at24cxx.o
    0x0800772c   0x00000028   Code   RO         5025    i.reg_ht16xx_cs_cbfunc  ht1621.o
    0x08007754   0x00000028   Code   RO         5026    i.reg_ht16xx_data_cbfunc  ht1621.o
    0x0800777c   0x00000018   Code   RO         5027    i.reg_ht16xx_delayms_cbfunc  ht1621.o
    0x08007794   0x00000028   Code   RO         5028    i.reg_ht16xx_rd_cbfunc  ht1621.o
    0x080077bc   0x00000028   Code   RO         5029    i.reg_ht16xx_wr_cbfunc  ht1621.o
    0x080077e4   0x00000012   Code   RO         5517    i.skip              cjson.o
    0x080077f6   0x0000004c   Code   RO         6236    i.sqrt              m_ws.l(sqrt.o)
    0x08007842   0x00000020   Code   RO         2942    i.start_task        user_main.o
    0x08007862   0x00000006   Code   RO         5518    i.suffix_object     cjson.o
    0x08007868   0x00000048   Code   RO         3048    i.tpad1_task        user_task.o
    0x080078b0   0x00000048   Code   RO         3049    i.tpad2_task        user_task.o
    0x080078f8   0x00000034   Code   RO         3050    i.tpad3_task        user_task.o
    0x0800792c   0x000001b0   Code   RO         3051    i.tpad4_task        user_task.o
    0x08007adc   0x00000038   Code   RO         3052    i.tpad5_task        user_task.o
    0x08007b14   0x00000038   Code   RO         3053    i.tpad6_task        user_task.o
    0x08007b4c   0x0000002c   Code   RO         5351    i.tpad_get_maxval   tpad.o
    0x08007b78   0x00000034   Code   RO         5352    i.tpad_get_val      tpad.o
    0x08007bac   0x0000007c   Code   RO         5353    i.tpad_init         tpad.o
    0x08007c28   0x00000044   Code   RO         5354    i.tpad_scan         tpad.o
    0x08007c6c   0x0000003c   Code   RO         4125    i.uart_driver_IRQ_oper  bsp_uart.o
    0x08007ca8   0x00000022   Code   RO         4126    i.uart_enable_int_inNcv  bsp_uart.o
    0x08007cca   0x00000002   PAD
    0x08007ccc   0x00000090   Code   RO         4132    i.uart_send_int_oper  bsp_uart.o
    0x08007d5c   0x00000020   Code   RO         5519    i.update            cjson.o
    0x08007d7c   0x00000100   Data   RO         2244    .constdata          os_core.o
    0x08007e7c   0x00000200   Data   RO         3756    .constdata          crc16.o
    0x0800807c   0x00000014   Data   RO         5223    .constdata          at24cxx.o
    0x08008090   0x00000007   Data   RO         5520    .constdata          cjson.o
    0x08008097   0x00000001   PAD
    0x08008098   0x00000088   Data   RO         5854    .constdata          m_ws.l(pow.o)
    0x08008120   0x00000008   Data   RO         6234    .constdata          m_ws.l(qnan.o)
    0x08008128   0x00000020   Data   RO         6353    Region$$Table       anon$$obj.o


    Execution Region ER_RW (Base: 0x20000000, Size: 0x00000284, Max: 0xffffffff, ABSOLUTE, COMPRESSED[0x00000094])

    Base Addr    Size         Type   Attr      Idx    E Section Name        Object

    0x20000000   0x00000014   Data   RW          147    .data               system_stm32f10x.o
    0x20000014   0x00000014   Data   RW          422    .data               stm32f10x_rcc.o
    0x20000028   0x00000048   Data   RW         2245    .data               os_core.o
    0x20000070   0x00000008   Data   RW         3055    .data               user_task.o
    0x20000078   0x00000004   Data   RW         3176    .data               debug.o
    0x2000007c   0x00000001   Data   RW         3931    .data               bsp.o
    0x2000007d   0x00000003   PAD
    0x20000080   0x00000004   Data   RW         3972    .data               bsp_sys.o
    0x20000084   0x00000004   Data   RW         4020    .data               bsp_delay.o
    0x20000088   0x000000a0   Data   RW         4135    .data               bsp_uart.o
    0x20000128   0x00000004   Data   RW         4445    .data               bsp_timbase.o
    0x2000012c   0x000000c0   Data   RW         4580    .data               nrf24l01.o
    0x200001ec   0x00000008   Data   RW         4920    .data               ef.o
    0x200001f4   0x00000078   Data   RW         5355    .data               tpad.o
    0x2000026c   0x0000000c   Data   RW         5521    .data               cjson.o
    0x20000278   0x00000004   Data   RW         6278    .data               mc_w.l(mvars.o)
    0x2000027c   0x00000004   Data   RW         6279    .data               mc_w.l(mvars.o)
    0x20000280   0x00000004   Data   RW         6283    .data               mc_w.l(errno.o)


    Execution Region ER_ZI (Base: 0x20000284, Size: 0x00004834, Max: 0xffffffff, ABSOLUTE)

    Base Addr    Size         Type   Attr      Idx    E Section Name        Object

    0x20000284   0x00000a20   Zero   RW         2243    .bss                os_core.o
    0x20000ca4   0x000000a0   Zero   RW         2943    .bss                user_main.o
    0x20000d44   0x000010c0   Zero   RW         3054    .bss                user_task.o
    0x20001e04   0x00000100   Zero   RW         3175    .bss                debug.o
    0x20001f04   0x00000068   Zero   RW         3930    .bss                bsp.o
    0x20001f6c   0x00000028   Zero   RW         5030    .bss                ht1621.o
    0x20001f94   0x00000120   Zero   RW         5222    .bss                at24cxx.o
    0x200020b4   0x00000004   PAD
    0x200020b8   0x00002600   Zero   RW            2    HEAP                startup_stm32f10x_hd.o
    0x200046b8   0x00000400   Zero   RW            1    STACK               startup_stm32f10x_hd.o


==============================================================================

Image component sizes


      Code (inc. data)   RO Data    RW Data    ZI Data      Debug   Object Name

      1388         68         20          0        288      14588   at24cxx.o
        68         30          0          0          0        575   at24cxx_conf.o
       148          0          0          0          0        873   boxos_str.o
        72         12          0          1        104       1348   bsp.o
       320         40          0          4          0       4297   bsp_delay.o
       720         98          0          0          0       4897   bsp_i2csoft.o
        28          4          0          4          0       2446   bsp_sys.o
        44         10          0          4          0        873   bsp_timbase.o
       638         58          0        160          0       8865   bsp_uart.o
      5616        262          7         12          0      29415   cjson.o
         0          0          0          0          0        392   cmd_para.o
       800        224          0          0          0       4137   commnetuart.o
        68          6        512          0          0       2076   crc16.o
        60         18          0          4        256       1202   debug.o
       152          0          0          0          0       3928   e2pio.o
      2014         16          0          8          0      12269   ef.o
       512         84          0          0         40      13030   ht1621.o
       292         76          0          0          0       5334   ht1621_conf.o
       172         22          0          0          0     218761   misc.o
      1760         72          0        192          0      24434   nrf24l01.o
        36          0          0          0          0        587   nrf24l01_conf.o
      1922        348        256         72       2592      26985   os_core.o
       180         36          0          0          0        360   os_cpu_a.o
       170          0          0          0          0      13255   os_cpu_c.o
        88         14          0          0          0       8094   os_flag.o
        80          8          0          0          0        607   os_q.o
       518         38          0          0          0       3885   os_task.o
       216         30          0          0          0       1432   os_time.o
       304          0          0          0          0       4879   queue.o
       100          4          0          0          0       1047   signalled.o
        36          8        304          0      10752        860   startup_stm32f10x_hd.o
        52         12          0          0          0       1188   stm32f10x_exti.o
       430          6          0          0          0      12462   stm32f10x_gpio.o
        22          0          0          0          0       3387   stm32f10x_it.o
       276         32          0         20          0      13430   stm32f10x_rcc.o
      1104        150          0          0          0      32602   stm32f10x_tim.o
       442          6          0          0          0      12505   stm32f10x_usart.o
       328         28          0         20          0      39057   system_stm32f10x.o
      1832        132          0        120          0      13427   tpad.o
        96         10          0          0        160       2559   user_main.o
      1084        352          0          8       4288       6439   user_task.o

    ----------------------------------------------------------------------
     24228       2314       1132        632      18484     552787   Object Totals
         0          0         32          0          0          0   (incl. Generated)
        40          0          1          3          4          0   (incl. Padding)

    ----------------------------------------------------------------------

      Code (inc. data)   RO Data    RW Data    ZI Data      Debug   Library Member Name

        62         10          0          0          0        340   dunder.o
       220         16          0          0          0         84   floor.o
        40          0          0          0          0         68   fpclassify.o
       170          0          0          0          0         96   poly.o
      2488        190        136          0          0        300   pow.o
         0          0          8          0          0          0   qnan.o
        76          0          0          0          0         84   sqrt.o
        86          0          0          0          0          0   __dczerorl2.o
         0          0          0          0          0          0   entry.o
         0          0          0          0          0          0   entry10a.o
         0          0          0          0          0          0   entry11a.o
         8          4          0          0          0          0   entry2.o
         4          0          0          0          0          0   entry5.o
         0          0          0          0          0          0   entry7b.o
         0          0          0          0          0          0   entry8b.o
         8          4          0          0          0          0   entry9a.o
        12          6          0          4          0         68   errno.o
        30          0          0          0          0          0   handlers.o
        36          8          0          0          0         68   init.o
         0          0          0          0          0          0   iusefp.o
        30          0          0          0          0         68   llshl.o
        36          0          0          0          0         68   llsshr.o
        32          0          0          0          0         68   llushr.o
       188         20          0          0          0        160   malloc.o
        26          0          0          0          0         80   memcmp.o
        36          0          0          0          0         68   memcpya.o
        36          0          0          0          0        108   memseta.o
         0          0          0          8          0          0   mvars.o
      2276         96          0          0          0        596   printfa.o
        20          0          0          0          0         68   strchr.o
        28          0          0          0          0         76   strcmp.o
        18          0          0          0          0         68   strcpy.o
        14          0          0          0          0         68   strlen.o
        30          0          0          0          0         80   strncmp.o
        12          0          0          0          0         68   tolower.o
        44          0          0          0          0         80   uidiv.o
        98          0          0          0          0         92   uldiv.o
        48          0          0          0          0         68   cdcmple.o
        48          0          0          0          0         68   cdrcmple.o
       334          0          0          0          0        148   dadd.o
       222          0          0          0          0        100   ddiv.o
       186          0          0          0          0        176   depilogue.o
        62          0          0          0          0         80   dfixi.o
        48          0          0          0          0         68   dfixul.o
        34          0          0          0          0         76   dflti.o
       228          0          0          0          0         96   dmul.o
        46          0          0          0          0         80   dscalb.o
       162          0          0          0          0        100   dsqrt.o

    ----------------------------------------------------------------------
      7592        354        144         12          0       3984   Library Totals
        10          0          0          0          0          0   (incl. Padding)

    ----------------------------------------------------------------------

      Code (inc. data)   RO Data    RW Data    ZI Data      Debug   Library Name

      3056        216        144          0          0        972   m_ws.l
      3108        138          0         12          0       1952   mc_w.l
      1418          0          0          0          0       1060   mf_w.l

    ----------------------------------------------------------------------
      7592        354        144         12          0       3984   Library Totals

    ----------------------------------------------------------------------

==============================================================================


      Code (inc. data)   RO Data    RW Data    ZI Data      Debug   

     31820       2668       1276        644      18484     540623   Grand Totals
     31820       2668       1276        148      18484     540623   ELF Image Totals (compressed)
     31820       2668       1276        148          0          0   ROM Totals

==============================================================================

    Total RO  Size (Code + RO Data)                33096 (  32.32kB)
    Total RW  Size (RW Data + ZI Data)             19128 (  18.68kB)
    Total ROM Size (Code + RO Data + RW Data)      33244 (  32.46kB)

==============================================================================

