<!doctype html public "-//w3c//dtd html 4.0 transitional//en">
<html><head>
<title>Static Call Graph - [..\Keil_Output\Master_Ctrl.axf]</title></head>
<body><HR>
<H1>Static Call Graph for image ..\Keil_Output\Master_Ctrl.axf</H1><HR>
<BR><P>#&#060CALLGRAPH&#062# ARM Linker, 5050169: Last Updated: Tue May 28 17:00:38 2019
<BR><P>
<H3>Maximum Stack Usage =        448 bytes + Unknown(Functions without stacksize, Cycles, Untraceable Function Pointers)</H3><H3>
Call chain for Maximum Stack Depth:</H3>
tpad1_task &rArr; execModeCtl &rArr; cJSON_Parse &rArr; cJSON_ParseWithOpts &rArr; parse_value &rArr; parse_number &rArr; pow &rArr; __kernel_poly &rArr; __aeabi_dmul &rArr; _double_epilogue &rArr; _double_round
<P>
<H3>
Functions with no stack information
</H3><UL>
 <LI><a href="#[bf]">OS_CPU_SR_Save</a>
 <LI><a href="#[c3]">OS_CPU_SR_Restore</a>
 <LI><a href="#[fc]">OSStartHighRdy</a>
 <LI><a href="#[109]">OSCtxSw</a>
 <LI><a href="#[f7]">OSIntCtxSw</a>
 <LI><a href="#[21]">PendSV_Handler</a>
</UL>
</UL>
<P>
<H3>
Mutually Recursive functions
</H3> <LI><a href="#[35]">ADC1_2_IRQHandler</a>&nbsp;&nbsp;&nbsp;&rArr;&nbsp;&nbsp;&nbsp;<a href="#[35]">ADC1_2_IRQHandler</a><BR>
 <LI><a href="#[e5]">NRF24L01_Shutdown</a>&nbsp;&nbsp;&nbsp;&rArr;&nbsp;&nbsp;&nbsp;<a href="#[e4]">NRF24L01_Standby</a><BR>
 <LI><a href="#[14e]">cJSON_Delete</a>&nbsp;&nbsp;&nbsp;&rArr;&nbsp;&nbsp;&nbsp;<a href="#[14e]">cJSON_Delete</a><BR>
 <LI><a href="#[174]">parse_object</a>&nbsp;&nbsp;&nbsp;&rArr;&nbsp;&nbsp;&nbsp;<a href="#[155]">parse_value</a><BR>
 <LI><a href="#[171]">parse_array</a>&nbsp;&nbsp;&nbsp;&rArr;&nbsp;&nbsp;&nbsp;<a href="#[155]">parse_value</a><BR>
 <LI><a href="#[183]">print_object</a>&nbsp;&nbsp;&nbsp;&rArr;&nbsp;&nbsp;&nbsp;<a href="#[157]">print_value</a><BR>
 <LI><a href="#[17c]">print_array</a>&nbsp;&nbsp;&nbsp;&rArr;&nbsp;&nbsp;&nbsp;<a href="#[157]">print_value</a><BR>
 <LI><a href="#[14f]">cJSON_Duplicate</a>&nbsp;&nbsp;&nbsp;&rArr;&nbsp;&nbsp;&nbsp;<a href="#[14f]">cJSON_Duplicate</a><BR>
</UL>
<P>
<H3>
Function Pointers
</H3><UL>
 <LI><a href="#[35]">ADC1_2_IRQHandler</a> from startup_stm32f10x_hd.o(.text) referenced from startup_stm32f10x_hd.o(RESET)
 <LI><a href="#[52]">ADC3_IRQHandler</a> from startup_stm32f10x_hd.o(.text) referenced from startup_stm32f10x_hd.o(RESET)
 <LI><a href="#[1d]">BusFault_Handler</a> from stm32f10x_it.o(i.BusFault_Handler) referenced from startup_stm32f10x_hd.o(RESET)
 <LI><a href="#[38]">CAN1_RX1_IRQHandler</a> from startup_stm32f10x_hd.o(.text) referenced from startup_stm32f10x_hd.o(RESET)
 <LI><a href="#[39]">CAN1_SCE_IRQHandler</a> from startup_stm32f10x_hd.o(.text) referenced from startup_stm32f10x_hd.o(RESET)
 <LI><a href="#[2e]">DMA1_Channel1_IRQHandler</a> from startup_stm32f10x_hd.o(.text) referenced from startup_stm32f10x_hd.o(RESET)
 <LI><a href="#[2f]">DMA1_Channel2_IRQHandler</a> from startup_stm32f10x_hd.o(.text) referenced from startup_stm32f10x_hd.o(RESET)
 <LI><a href="#[30]">DMA1_Channel3_IRQHandler</a> from startup_stm32f10x_hd.o(.text) referenced from startup_stm32f10x_hd.o(RESET)
 <LI><a href="#[31]">DMA1_Channel4_IRQHandler</a> from startup_stm32f10x_hd.o(.text) referenced from startup_stm32f10x_hd.o(RESET)
 <LI><a href="#[32]">DMA1_Channel5_IRQHandler</a> from startup_stm32f10x_hd.o(.text) referenced from startup_stm32f10x_hd.o(RESET)
 <LI><a href="#[33]">DMA1_Channel6_IRQHandler</a> from startup_stm32f10x_hd.o(.text) referenced from startup_stm32f10x_hd.o(RESET)
 <LI><a href="#[34]">DMA1_Channel7_IRQHandler</a> from startup_stm32f10x_hd.o(.text) referenced from startup_stm32f10x_hd.o(RESET)
 <LI><a href="#[5b]">DMA2_Channel1_IRQHandler</a> from startup_stm32f10x_hd.o(.text) referenced from startup_stm32f10x_hd.o(RESET)
 <LI><a href="#[5c]">DMA2_Channel2_IRQHandler</a> from startup_stm32f10x_hd.o(.text) referenced from startup_stm32f10x_hd.o(RESET)
 <LI><a href="#[5d]">DMA2_Channel3_IRQHandler</a> from startup_stm32f10x_hd.o(.text) referenced from startup_stm32f10x_hd.o(RESET)
 <LI><a href="#[5e]">DMA2_Channel4_5_IRQHandler</a> from startup_stm32f10x_hd.o(.text) referenced from startup_stm32f10x_hd.o(RESET)
 <LI><a href="#[20]">DebugMon_Handler</a> from stm32f10x_it.o(i.DebugMon_Handler) referenced from startup_stm32f10x_hd.o(RESET)
 <LI><a href="#[29]">EXTI0_IRQHandler</a> from startup_stm32f10x_hd.o(.text) referenced from startup_stm32f10x_hd.o(RESET)
 <LI><a href="#[4b]">EXTI15_10_IRQHandler</a> from startup_stm32f10x_hd.o(.text) referenced from startup_stm32f10x_hd.o(RESET)
 <LI><a href="#[2a]">EXTI1_IRQHandler</a> from startup_stm32f10x_hd.o(.text) referenced from startup_stm32f10x_hd.o(RESET)
 <LI><a href="#[2b]">EXTI2_IRQHandler</a> from startup_stm32f10x_hd.o(.text) referenced from startup_stm32f10x_hd.o(RESET)
 <LI><a href="#[2c]">EXTI3_IRQHandler</a> from startup_stm32f10x_hd.o(.text) referenced from startup_stm32f10x_hd.o(RESET)
 <LI><a href="#[2d]">EXTI4_IRQHandler</a> from nrf24l01_conf.o(i.EXTI4_IRQHandler) referenced from startup_stm32f10x_hd.o(RESET)
 <LI><a href="#[3a]">EXTI9_5_IRQHandler</a> from startup_stm32f10x_hd.o(.text) referenced from startup_stm32f10x_hd.o(RESET)
 <LI><a href="#[27]">FLASH_IRQHandler</a> from startup_stm32f10x_hd.o(.text) referenced from startup_stm32f10x_hd.o(RESET)
 <LI><a href="#[53]">FSMC_IRQHandler</a> from startup_stm32f10x_hd.o(.text) referenced from startup_stm32f10x_hd.o(RESET)
 <LI><a href="#[6b]">HT1621_CS_Deselect</a> from ht1621_conf.o(i.HT1621_CS_Deselect) referenced from ht1621_conf.o(i.HT1621_Init)
 <LI><a href="#[6c]">HT1621_CS_Select</a> from ht1621_conf.o(i.HT1621_CS_Select) referenced from ht1621_conf.o(i.HT1621_Init)
 <LI><a href="#[72]">HT1621_DATA_In</a> from ht1621_conf.o(i.HT1621_DATA_In) referenced from ht1621_conf.o(i.HT1621_Init)
 <LI><a href="#[71]">HT1621_DATA_Out</a> from ht1621_conf.o(i.HT1621_DATA_Out) referenced from ht1621_conf.o(i.HT1621_Init)
 <LI><a href="#[70]">HT1621_RD_High</a> from ht1621_conf.o(i.HT1621_RD_High) referenced from ht1621_conf.o(i.HT1621_Init)
 <LI><a href="#[6f]">HT1621_RD_Low</a> from ht1621_conf.o(i.HT1621_RD_Low) referenced from ht1621_conf.o(i.HT1621_Init)
 <LI><a href="#[6e]">HT1621_WR_High</a> from ht1621_conf.o(i.HT1621_WR_High) referenced from ht1621_conf.o(i.HT1621_Init)
 <LI><a href="#[6d]">HT1621_WR_Low</a> from ht1621_conf.o(i.HT1621_WR_Low) referenced from ht1621_conf.o(i.HT1621_Init)
 <LI><a href="#[1b]">HardFault_Handler</a> from stm32f10x_it.o(i.HardFault_Handler) referenced from startup_stm32f10x_hd.o(RESET)
 <LI><a href="#[43]">I2C1_ER_IRQHandler</a> from startup_stm32f10x_hd.o(.text) referenced from startup_stm32f10x_hd.o(RESET)
 <LI><a href="#[42]">I2C1_EV_IRQHandler</a> from startup_stm32f10x_hd.o(.text) referenced from startup_stm32f10x_hd.o(RESET)
 <LI><a href="#[45]">I2C2_ER_IRQHandler</a> from startup_stm32f10x_hd.o(.text) referenced from startup_stm32f10x_hd.o(RESET)
 <LI><a href="#[44]">I2C2_EV_IRQHandler</a> from startup_stm32f10x_hd.o(.text) referenced from startup_stm32f10x_hd.o(RESET)
 <LI><a href="#[68]">IIC_Soft_Ack</a> from bsp_i2csoft.o(i.IIC_Soft_Ack) referenced from at24cxx_conf.o(i.AT24CXX_Init)
 <LI><a href="#[67]">IIC_Soft_NoAck</a> from bsp_i2csoft.o(i.IIC_Soft_NoAck) referenced from at24cxx_conf.o(i.AT24CXX_Init)
 <LI><a href="#[65]">IIC_Soft_ReadByte</a> from bsp_i2csoft.o(i.IIC_Soft_ReadByte) referenced from at24cxx_conf.o(i.AT24CXX_Init)
 <LI><a href="#[64]">IIC_Soft_Start</a> from bsp_i2csoft.o(i.IIC_Soft_Start) referenced from at24cxx_conf.o(i.AT24CXX_Init)
 <LI><a href="#[63]">IIC_Soft_Stop</a> from bsp_i2csoft.o(i.IIC_Soft_Stop) referenced from at24cxx_conf.o(i.AT24CXX_Init)
 <LI><a href="#[69]">IIC_Soft_WaitAck</a> from bsp_i2csoft.o(i.IIC_Soft_WaitAck) referenced from at24cxx_conf.o(i.AT24CXX_Init)
 <LI><a href="#[66]">IIC_Soft_WriteByte</a> from bsp_i2csoft.o(i.IIC_Soft_WriteByte) referenced from at24cxx_conf.o(i.AT24CXX_Init)
 <LI><a href="#[1c]">MemManage_Handler</a> from stm32f10x_it.o(i.MemManage_Handler) referenced from startup_stm32f10x_hd.o(RESET)
 <LI><a href="#[1a]">NMI_Handler</a> from stm32f10x_it.o(i.NMI_Handler) referenced from startup_stm32f10x_hd.o(RESET)
 <LI><a href="#[62]">OSTaskSwHook</a> from os_cpu_c.o(i.OSTaskSwHook) referenced from os_cpu_a.o(.text)
 <LI><a href="#[74]">OS_TaskIdle</a> from os_core.o(i.OS_TaskIdle) referenced from os_core.o(i.OS_InitTaskIdle)
 <LI><a href="#[75]">OS_TaskStat</a> from os_core.o(i.OS_TaskStat) referenced from os_core.o(i.OS_InitTaskStat)
 <LI><a href="#[24]">PVD_IRQHandler</a> from startup_stm32f10x_hd.o(.text) referenced from startup_stm32f10x_hd.o(RESET)
 <LI><a href="#[21]">PendSV_Handler</a> from os_cpu_a.o(.text) referenced from startup_stm32f10x_hd.o(RESET)
 <LI><a href="#[28]">RCC_IRQHandler</a> from startup_stm32f10x_hd.o(.text) referenced from startup_stm32f10x_hd.o(RESET)
 <LI><a href="#[4c]">RTCAlarm_IRQHandler</a> from startup_stm32f10x_hd.o(.text) referenced from startup_stm32f10x_hd.o(RESET)
 <LI><a href="#[26]">RTC_IRQHandler</a> from startup_stm32f10x_hd.o(.text) referenced from startup_stm32f10x_hd.o(RESET)
 <LI><a href="#[90]">Reset_Handler</a> from startup_stm32f10x_hd.o(.text) referenced from startup_stm32f10x_hd.o(RESET)
 <LI><a href="#[54]">SDIO_IRQHandler</a> from startup_stm32f10x_hd.o(.text) referenced from startup_stm32f10x_hd.o(RESET)
 <LI><a href="#[46]">SPI1_IRQHandler</a> from startup_stm32f10x_hd.o(.text) referenced from startup_stm32f10x_hd.o(RESET)
 <LI><a href="#[47]">SPI2_IRQHandler</a> from startup_stm32f10x_hd.o(.text) referenced from startup_stm32f10x_hd.o(RESET)
 <LI><a href="#[56]">SPI3_IRQHandler</a> from startup_stm32f10x_hd.o(.text) referenced from startup_stm32f10x_hd.o(RESET)
 <LI><a href="#[1f]">SVC_Handler</a> from stm32f10x_it.o(i.SVC_Handler) referenced from startup_stm32f10x_hd.o(RESET)
 <LI><a href="#[22]">SysTick_Handler</a> from bsp_delay.o(i.SysTick_Handler) referenced from startup_stm32f10x_hd.o(RESET)
 <LI><a href="#[60]">SystemInit</a> from system_stm32f10x.o(i.SystemInit) referenced from startup_stm32f10x_hd.o(.text)
 <LI><a href="#[25]">TAMPER_IRQHandler</a> from startup_stm32f10x_hd.o(.text) referenced from startup_stm32f10x_hd.o(RESET)
 <LI><a href="#[3b]">TIM1_BRK_IRQHandler</a> from startup_stm32f10x_hd.o(.text) referenced from startup_stm32f10x_hd.o(RESET)
 <LI><a href="#[3e]">TIM1_CC_IRQHandler</a> from startup_stm32f10x_hd.o(.text) referenced from startup_stm32f10x_hd.o(RESET)
 <LI><a href="#[3d]">TIM1_TRG_COM_IRQHandler</a> from startup_stm32f10x_hd.o(.text) referenced from startup_stm32f10x_hd.o(RESET)
 <LI><a href="#[3c]">TIM1_UP_IRQHandler</a> from startup_stm32f10x_hd.o(.text) referenced from startup_stm32f10x_hd.o(RESET)
 <LI><a href="#[3f]">TIM2_IRQHandler</a> from startup_stm32f10x_hd.o(.text) referenced from startup_stm32f10x_hd.o(RESET)
 <LI><a href="#[40]">TIM3_IRQHandler</a> from bsp_timbase.o(i.TIM3_IRQHandler) referenced from startup_stm32f10x_hd.o(RESET)
 <LI><a href="#[41]">TIM4_IRQHandler</a> from startup_stm32f10x_hd.o(.text) referenced from startup_stm32f10x_hd.o(RESET)
 <LI><a href="#[55]">TIM5_IRQHandler</a> from startup_stm32f10x_hd.o(.text) referenced from startup_stm32f10x_hd.o(RESET)
 <LI><a href="#[59]">TIM6_IRQHandler</a> from startup_stm32f10x_hd.o(.text) referenced from startup_stm32f10x_hd.o(RESET)
 <LI><a href="#[5a]">TIM7_IRQHandler</a> from startup_stm32f10x_hd.o(.text) referenced from startup_stm32f10x_hd.o(RESET)
 <LI><a href="#[4e]">TIM8_BRK_IRQHandler</a> from startup_stm32f10x_hd.o(.text) referenced from startup_stm32f10x_hd.o(RESET)
 <LI><a href="#[51]">TIM8_CC_IRQHandler</a> from startup_stm32f10x_hd.o(.text) referenced from startup_stm32f10x_hd.o(RESET)
 <LI><a href="#[50]">TIM8_TRG_COM_IRQHandler</a> from startup_stm32f10x_hd.o(.text) referenced from startup_stm32f10x_hd.o(RESET)
 <LI><a href="#[4f]">TIM8_UP_IRQHandler</a> from startup_stm32f10x_hd.o(.text) referenced from startup_stm32f10x_hd.o(RESET)
 <LI><a href="#[f]">TIM_GetCapture1</a> from stm32f10x_tim.o(i.TIM_GetCapture1) referenced 6 times from tpad.o(.data)
 <LI><a href="#[11]">TIM_GetCapture2</a> from stm32f10x_tim.o(i.TIM_GetCapture2) referenced 6 times from tpad.o(.data)
 <LI><a href="#[10]">TPAD1_Reset</a> from tpad.o(i.TPAD1_Reset) referenced 2 times from tpad.o(.data)
 <LI><a href="#[12]">TPAD2_Reset</a> from tpad.o(i.TPAD2_Reset) referenced 2 times from tpad.o(.data)
 <LI><a href="#[13]">TPAD3_Reset</a> from tpad.o(i.TPAD3_Reset) referenced 2 times from tpad.o(.data)
 <LI><a href="#[14]">TPAD4_Reset</a> from tpad.o(i.TPAD4_Reset) referenced 2 times from tpad.o(.data)
 <LI><a href="#[15]">TPAD5_Reset</a> from tpad.o(i.TPAD5_Reset) referenced 2 times from tpad.o(.data)
 <LI><a href="#[16]">TPAD6_Reset</a> from tpad.o(i.TPAD6_Reset) referenced 2 times from tpad.o(.data)
 <LI><a href="#[57]">UART4_IRQHandler</a> from bsp_uart.o(i.UART4_IRQHandler) referenced from startup_stm32f10x_hd.o(RESET)
 <LI><a href="#[58]">UART5_IRQHandler</a> from bsp_uart.o(i.UART5_IRQHandler) referenced from startup_stm32f10x_hd.o(RESET)
 <LI><a href="#[48]">USART1_IRQHandler</a> from bsp_uart.o(i.USART1_IRQHandler) referenced from startup_stm32f10x_hd.o(RESET)
 <LI><a href="#[49]">USART2_IRQHandler</a> from bsp_uart.o(i.USART2_IRQHandler) referenced from startup_stm32f10x_hd.o(RESET)
 <LI><a href="#[6a]">USART3_Config</a> from bsp_uart.o(i.USART3_Config) referenced from debug.o(i.DebugInit)
 <LI><a href="#[4a]">USART3_IRQHandler</a> from bsp_uart.o(i.USART3_IRQHandler) referenced from startup_stm32f10x_hd.o(RESET)
 <LI><a href="#[4d]">USBWakeUp_IRQHandler</a> from startup_stm32f10x_hd.o(.text) referenced from startup_stm32f10x_hd.o(RESET)
 <LI><a href="#[36]">USB_HP_CAN1_TX_IRQHandler</a> from startup_stm32f10x_hd.o(.text) referenced from startup_stm32f10x_hd.o(RESET)
 <LI><a href="#[37]">USB_LP_CAN1_RX0_IRQHandler</a> from startup_stm32f10x_hd.o(.text) referenced from startup_stm32f10x_hd.o(RESET)
 <LI><a href="#[1e]">UsageFault_Handler</a> from stm32f10x_it.o(i.UsageFault_Handler) referenced from startup_stm32f10x_hd.o(RESET)
 <LI><a href="#[23]">WWDG_IRQHandler</a> from startup_stm32f10x_hd.o(.text) referenced from startup_stm32f10x_hd.o(RESET)
 <LI><a href="#[61]">__main</a> from entry.o(.ARM.Collect$$$$00000000) referenced from startup_stm32f10x_hd.o(.text)
 <LI><a href="#[7e]">_sputc</a> from printfa.o(i._sputc) referenced from printfa.o(i.__0sprintf)
 <LI><a href="#[81]">at24cxx_iic_soft_ack</a> from at24cxx.o(i.at24cxx_iic_soft_ack) referenced from at24cxx.o(i.reg_at24cxx_ack_cbfunc)
 <LI><a href="#[82]">at24cxx_iic_soft_nack</a> from at24cxx.o(i.at24cxx_iic_soft_nack) referenced from at24cxx.o(i.reg_at24cxx_ack_cbfunc)
 <LI><a href="#[84]">at24cxx_iic_soft_rd</a> from at24cxx.o(i.at24cxx_iic_soft_rd) referenced from at24cxx.o(i.reg_at24cxx_iic_cbfunc)
 <LI><a href="#[85]">at24cxx_iic_soft_start</a> from at24cxx.o(i.at24cxx_iic_soft_start) referenced from at24cxx.o(i.reg_at24cxx_sig_cbfunc)
 <LI><a href="#[86]">at24cxx_iic_soft_stop</a> from at24cxx.o(i.at24cxx_iic_soft_stop) referenced from at24cxx.o(i.reg_at24cxx_sig_cbfunc)
 <LI><a href="#[80]">at24cxx_iic_soft_waitAck</a> from at24cxx.o(i.at24cxx_iic_soft_waitAck) referenced from at24cxx.o(i.reg_at24cxx_ack_cbfunc)
 <LI><a href="#[83]">at24cxx_iic_soft_wd</a> from at24cxx.o(i.at24cxx_iic_soft_wd) referenced from at24cxx.o(i.reg_at24cxx_iic_cbfunc)
 <LI><a href="#[73]">delay_ms</a> from bsp_delay.o(i.delay_ms) referenced from ht1621_conf.o(i.HT1621_Init)
 <LI><a href="#[7d]">fputc</a> from bsp_sys.o(i.fputc) referenced from printfa.o(i.__0printf)
 <LI><a href="#[18]">free</a> from malloc.o(i.free) referenced 2 times from cjson.o(.data)
 <LI><a href="#[88]">ht16xx_cs_deselect</a> from ht1621.o(i.ht16xx_cs_deselect) referenced from ht1621.o(i.reg_ht16xx_cs_cbfunc)
 <LI><a href="#[87]">ht16xx_cs_select</a> from ht1621.o(i.ht16xx_cs_select) referenced from ht1621.o(i.reg_ht16xx_cs_cbfunc)
 <LI><a href="#[89]">ht16xx_data_in</a> from ht1621.o(i.ht16xx_data_in) referenced from ht1621.o(i.reg_ht16xx_data_cbfunc)
 <LI><a href="#[8a]">ht16xx_data_out</a> from ht1621.o(i.ht16xx_data_out) referenced from ht1621.o(i.reg_ht16xx_data_cbfunc)
 <LI><a href="#[8b]">ht16xx_delay_ms</a> from ht1621.o(i.ht16xx_delay_ms) referenced from ht1621.o(i.reg_ht16xx_delayms_cbfunc)
 <LI><a href="#[8c]">ht16xx_rd_high</a> from ht1621.o(i.ht16xx_rd_high) referenced from ht1621.o(i.reg_ht16xx_rd_cbfunc)
 <LI><a href="#[8d]">ht16xx_rd_low</a> from ht1621.o(i.ht16xx_rd_low) referenced from ht1621.o(i.reg_ht16xx_rd_cbfunc)
 <LI><a href="#[8e]">ht16xx_wr_high</a> from ht1621.o(i.ht16xx_wr_high) referenced from ht1621.o(i.reg_ht16xx_wr_cbfunc)
 <LI><a href="#[8f]">ht16xx_wr_low</a> from ht1621.o(i.ht16xx_wr_low) referenced from ht1621.o(i.reg_ht16xx_wr_cbfunc)
 <LI><a href="#[76]">led0_task</a> from user_task.o(i.led0_task) referenced from user_task.o(i.User_TaskCreate)
 <LI><a href="#[5f]">main</a> from user_main.o(i.main) referenced from entry9a.o(.ARM.Collect$$$$0000000B)
 <LI><a href="#[17]">malloc</a> from malloc.o(i.malloc) referenced 2 times from cjson.o(.data)
 <LI><a href="#[5]">nrf_ce_disable</a> from nrf24l01.o(i.nrf_ce_disable) referenced 2 times from nrf24l01.o(.data)
 <LI><a href="#[4]">nrf_ce_enable</a> from nrf24l01.o(i.nrf_ce_enable) referenced 2 times from nrf24l01.o(.data)
 <LI><a href="#[6]">nrf_cris_enter</a> from nrf24l01.o(i.nrf_cris_enter) referenced 2 times from nrf24l01.o(.data)
 <LI><a href="#[7]">nrf_cris_exit</a> from nrf24l01.o(i.nrf_cris_exit) referenced 2 times from nrf24l01.o(.data)
 <LI><a href="#[9]">nrf_cs_deselect</a> from nrf24l01.o(i.nrf_cs_deselect) referenced 2 times from nrf24l01.o(.data)
 <LI><a href="#[8]">nrf_cs_select</a> from nrf24l01.o(i.nrf_cs_select) referenced 2 times from nrf24l01.o(.data)
 <LI><a href="#[d]">nrf_irq_trigger</a> from nrf24l01.o(i.nrf_irq_trigger) referenced 2 times from nrf24l01.o(.data)
 <LI><a href="#[e]">nrf_rx_handle</a> from nrf24l01.o(i.nrf_rx_handle) referenced 2 times from nrf24l01.o(.data)
 <LI><a href="#[b]">nrf_spi_readbyte</a> from nrf24l01.o(i.nrf_spi_readbyte) referenced 2 times from nrf24l01.o(.data)
 <LI><a href="#[a]">nrf_spi_setspeed</a> from nrf24l01.o(i.nrf_spi_setspeed) referenced 2 times from nrf24l01.o(.data)
 <LI><a href="#[c]">nrf_spi_writebyte</a> from nrf24l01.o(i.nrf_spi_writebyte) referenced 2 times from nrf24l01.o(.data)
 <LI><a href="#[7f]">start_task</a> from user_main.o(i.start_task) referenced from user_main.o(i.main)
 <LI><a href="#[77]">tpad1_task</a> from user_task.o(i.tpad1_task) referenced from user_task.o(i.User_TaskCreate)
 <LI><a href="#[78]">tpad2_task</a> from user_task.o(i.tpad2_task) referenced from user_task.o(i.User_TaskCreate)
 <LI><a href="#[79]">tpad3_task</a> from user_task.o(i.tpad3_task) referenced from user_task.o(i.User_TaskCreate)
 <LI><a href="#[7a]">tpad4_task</a> from user_task.o(i.tpad4_task) referenced from user_task.o(i.User_TaskCreate)
 <LI><a href="#[7b]">tpad5_task</a> from user_task.o(i.tpad5_task) referenced from user_task.o(i.User_TaskCreate)
 <LI><a href="#[7c]">tpad6_task</a> from user_task.o(i.tpad6_task) referenced from user_task.o(i.User_TaskCreate)
</UL>
<P>
<H3>
Global Symbols
</H3>
<P><STRONG><a name="[61]"></a>__main</STRONG> (Thumb, 0 bytes, Stack size unknown bytes, entry.o(.ARM.Collect$$$$00000000))
<BR>[Address Reference Count : 1]<UL><LI> startup_stm32f10x_hd.o(.text)
</UL>
<P><STRONG><a name="[191]"></a>_main_stk</STRONG> (Thumb, 0 bytes, Stack size unknown bytes, entry2.o(.ARM.Collect$$$$00000001))

<P><STRONG><a name="[91]"></a>_main_scatterload</STRONG> (Thumb, 0 bytes, Stack size unknown bytes, entry5.o(.ARM.Collect$$$$00000004))
<BR><BR>[Calls]<UL><LI><a href="#[92]">&gt;&gt;</a>&nbsp;&nbsp;&nbsp;__scatterload
</UL>

<P><STRONG><a name="[a4]"></a>__main_after_scatterload</STRONG> (Thumb, 0 bytes, Stack size unknown bytes, entry5.o(.ARM.Collect$$$$00000004))
<BR><BR>[Called By]<UL><LI><a href="#[92]">&gt;&gt;</a>&nbsp;&nbsp;&nbsp;__scatterload
</UL>

<P><STRONG><a name="[192]"></a>_main_clock</STRONG> (Thumb, 0 bytes, Stack size unknown bytes, entry7b.o(.ARM.Collect$$$$00000008))

<P><STRONG><a name="[193]"></a>_main_cpp_init</STRONG> (Thumb, 0 bytes, Stack size unknown bytes, entry8b.o(.ARM.Collect$$$$0000000A))

<P><STRONG><a name="[194]"></a>_main_init</STRONG> (Thumb, 0 bytes, Stack size unknown bytes, entry9a.o(.ARM.Collect$$$$0000000B))

<P><STRONG><a name="[195]"></a>__rt_final_cpp</STRONG> (Thumb, 0 bytes, Stack size unknown bytes, entry10a.o(.ARM.Collect$$$$0000000D))

<P><STRONG><a name="[196]"></a>__rt_final_exit</STRONG> (Thumb, 0 bytes, Stack size unknown bytes, entry11a.o(.ARM.Collect$$$$0000000F))

<P><STRONG><a name="[90]"></a>Reset_Handler</STRONG> (Thumb, 8 bytes, Stack size 0 bytes, startup_stm32f10x_hd.o(.text))

<P><STRONG><a name="[35]"></a>ADC1_2_IRQHandler</STRONG> (Thumb, 0 bytes, Stack size 0 bytes, startup_stm32f10x_hd.o(.text))
<BR><BR>[Calls]<UL><LI><a href="#[35]">&gt;&gt;</a>&nbsp;&nbsp;&nbsp;ADC1_2_IRQHandler
</UL>
<BR>[Called By]<UL><LI><a href="#[35]">&gt;&gt;</a>&nbsp;&nbsp;&nbsp;ADC1_2_IRQHandler
</UL>
<BR>[Address Reference Count : 1]<UL><LI> startup_stm32f10x_hd.o(RESET)
</UL>
<P><STRONG><a name="[52]"></a>ADC3_IRQHandler</STRONG> (Thumb, 0 bytes, Stack size 0 bytes, startup_stm32f10x_hd.o(.text))
<BR>[Address Reference Count : 1]<UL><LI> startup_stm32f10x_hd.o(RESET)
</UL>
<P><STRONG><a name="[38]"></a>CAN1_RX1_IRQHandler</STRONG> (Thumb, 0 bytes, Stack size 0 bytes, startup_stm32f10x_hd.o(.text))
<BR>[Address Reference Count : 1]<UL><LI> startup_stm32f10x_hd.o(RESET)
</UL>
<P><STRONG><a name="[39]"></a>CAN1_SCE_IRQHandler</STRONG> (Thumb, 0 bytes, Stack size 0 bytes, startup_stm32f10x_hd.o(.text))
<BR>[Address Reference Count : 1]<UL><LI> startup_stm32f10x_hd.o(RESET)
</UL>
<P><STRONG><a name="[2e]"></a>DMA1_Channel1_IRQHandler</STRONG> (Thumb, 0 bytes, Stack size 0 bytes, startup_stm32f10x_hd.o(.text))
<BR>[Address Reference Count : 1]<UL><LI> startup_stm32f10x_hd.o(RESET)
</UL>
<P><STRONG><a name="[2f]"></a>DMA1_Channel2_IRQHandler</STRONG> (Thumb, 0 bytes, Stack size 0 bytes, startup_stm32f10x_hd.o(.text))
<BR>[Address Reference Count : 1]<UL><LI> startup_stm32f10x_hd.o(RESET)
</UL>
<P><STRONG><a name="[30]"></a>DMA1_Channel3_IRQHandler</STRONG> (Thumb, 0 bytes, Stack size 0 bytes, startup_stm32f10x_hd.o(.text))
<BR>[Address Reference Count : 1]<UL><LI> startup_stm32f10x_hd.o(RESET)
</UL>
<P><STRONG><a name="[31]"></a>DMA1_Channel4_IRQHandler</STRONG> (Thumb, 0 bytes, Stack size 0 bytes, startup_stm32f10x_hd.o(.text))
<BR>[Address Reference Count : 1]<UL><LI> startup_stm32f10x_hd.o(RESET)
</UL>
<P><STRONG><a name="[32]"></a>DMA1_Channel5_IRQHandler</STRONG> (Thumb, 0 bytes, Stack size 0 bytes, startup_stm32f10x_hd.o(.text))
<BR>[Address Reference Count : 1]<UL><LI> startup_stm32f10x_hd.o(RESET)
</UL>
<P><STRONG><a name="[33]"></a>DMA1_Channel6_IRQHandler</STRONG> (Thumb, 0 bytes, Stack size 0 bytes, startup_stm32f10x_hd.o(.text))
<BR>[Address Reference Count : 1]<UL><LI> startup_stm32f10x_hd.o(RESET)
</UL>
<P><STRONG><a name="[34]"></a>DMA1_Channel7_IRQHandler</STRONG> (Thumb, 0 bytes, Stack size 0 bytes, startup_stm32f10x_hd.o(.text))
<BR>[Address Reference Count : 1]<UL><LI> startup_stm32f10x_hd.o(RESET)
</UL>
<P><STRONG><a name="[5b]"></a>DMA2_Channel1_IRQHandler</STRONG> (Thumb, 0 bytes, Stack size 0 bytes, startup_stm32f10x_hd.o(.text))
<BR>[Address Reference Count : 1]<UL><LI> startup_stm32f10x_hd.o(RESET)
</UL>
<P><STRONG><a name="[5c]"></a>DMA2_Channel2_IRQHandler</STRONG> (Thumb, 0 bytes, Stack size 0 bytes, startup_stm32f10x_hd.o(.text))
<BR>[Address Reference Count : 1]<UL><LI> startup_stm32f10x_hd.o(RESET)
</UL>
<P><STRONG><a name="[5d]"></a>DMA2_Channel3_IRQHandler</STRONG> (Thumb, 0 bytes, Stack size 0 bytes, startup_stm32f10x_hd.o(.text))
<BR>[Address Reference Count : 1]<UL><LI> startup_stm32f10x_hd.o(RESET)
</UL>
<P><STRONG><a name="[5e]"></a>DMA2_Channel4_5_IRQHandler</STRONG> (Thumb, 0 bytes, Stack size 0 bytes, startup_stm32f10x_hd.o(.text))
<BR>[Address Reference Count : 1]<UL><LI> startup_stm32f10x_hd.o(RESET)
</UL>
<P><STRONG><a name="[29]"></a>EXTI0_IRQHandler</STRONG> (Thumb, 0 bytes, Stack size 0 bytes, startup_stm32f10x_hd.o(.text))
<BR>[Address Reference Count : 1]<UL><LI> startup_stm32f10x_hd.o(RESET)
</UL>
<P><STRONG><a name="[4b]"></a>EXTI15_10_IRQHandler</STRONG> (Thumb, 0 bytes, Stack size 0 bytes, startup_stm32f10x_hd.o(.text))
<BR>[Address Reference Count : 1]<UL><LI> startup_stm32f10x_hd.o(RESET)
</UL>
<P><STRONG><a name="[2a]"></a>EXTI1_IRQHandler</STRONG> (Thumb, 0 bytes, Stack size 0 bytes, startup_stm32f10x_hd.o(.text))
<BR>[Address Reference Count : 1]<UL><LI> startup_stm32f10x_hd.o(RESET)
</UL>
<P><STRONG><a name="[2b]"></a>EXTI2_IRQHandler</STRONG> (Thumb, 0 bytes, Stack size 0 bytes, startup_stm32f10x_hd.o(.text))
<BR>[Address Reference Count : 1]<UL><LI> startup_stm32f10x_hd.o(RESET)
</UL>
<P><STRONG><a name="[2c]"></a>EXTI3_IRQHandler</STRONG> (Thumb, 0 bytes, Stack size 0 bytes, startup_stm32f10x_hd.o(.text))
<BR>[Address Reference Count : 1]<UL><LI> startup_stm32f10x_hd.o(RESET)
</UL>
<P><STRONG><a name="[3a]"></a>EXTI9_5_IRQHandler</STRONG> (Thumb, 0 bytes, Stack size 0 bytes, startup_stm32f10x_hd.o(.text))
<BR>[Address Reference Count : 1]<UL><LI> startup_stm32f10x_hd.o(RESET)
</UL>
<P><STRONG><a name="[27]"></a>FLASH_IRQHandler</STRONG> (Thumb, 0 bytes, Stack size 0 bytes, startup_stm32f10x_hd.o(.text))
<BR>[Address Reference Count : 1]<UL><LI> startup_stm32f10x_hd.o(RESET)
</UL>
<P><STRONG><a name="[53]"></a>FSMC_IRQHandler</STRONG> (Thumb, 0 bytes, Stack size 0 bytes, startup_stm32f10x_hd.o(.text))
<BR>[Address Reference Count : 1]<UL><LI> startup_stm32f10x_hd.o(RESET)
</UL>
<P><STRONG><a name="[43]"></a>I2C1_ER_IRQHandler</STRONG> (Thumb, 0 bytes, Stack size 0 bytes, startup_stm32f10x_hd.o(.text))
<BR>[Address Reference Count : 1]<UL><LI> startup_stm32f10x_hd.o(RESET)
</UL>
<P><STRONG><a name="[42]"></a>I2C1_EV_IRQHandler</STRONG> (Thumb, 0 bytes, Stack size 0 bytes, startup_stm32f10x_hd.o(.text))
<BR>[Address Reference Count : 1]<UL><LI> startup_stm32f10x_hd.o(RESET)
</UL>
<P><STRONG><a name="[45]"></a>I2C2_ER_IRQHandler</STRONG> (Thumb, 0 bytes, Stack size 0 bytes, startup_stm32f10x_hd.o(.text))
<BR>[Address Reference Count : 1]<UL><LI> startup_stm32f10x_hd.o(RESET)
</UL>
<P><STRONG><a name="[44]"></a>I2C2_EV_IRQHandler</STRONG> (Thumb, 0 bytes, Stack size 0 bytes, startup_stm32f10x_hd.o(.text))
<BR>[Address Reference Count : 1]<UL><LI> startup_stm32f10x_hd.o(RESET)
</UL>
<P><STRONG><a name="[24]"></a>PVD_IRQHandler</STRONG> (Thumb, 0 bytes, Stack size 0 bytes, startup_stm32f10x_hd.o(.text))
<BR>[Address Reference Count : 1]<UL><LI> startup_stm32f10x_hd.o(RESET)
</UL>
<P><STRONG><a name="[28]"></a>RCC_IRQHandler</STRONG> (Thumb, 0 bytes, Stack size 0 bytes, startup_stm32f10x_hd.o(.text))
<BR>[Address Reference Count : 1]<UL><LI> startup_stm32f10x_hd.o(RESET)
</UL>
<P><STRONG><a name="[4c]"></a>RTCAlarm_IRQHandler</STRONG> (Thumb, 0 bytes, Stack size 0 bytes, startup_stm32f10x_hd.o(.text))
<BR>[Address Reference Count : 1]<UL><LI> startup_stm32f10x_hd.o(RESET)
</UL>
<P><STRONG><a name="[26]"></a>RTC_IRQHandler</STRONG> (Thumb, 0 bytes, Stack size 0 bytes, startup_stm32f10x_hd.o(.text))
<BR>[Address Reference Count : 1]<UL><LI> startup_stm32f10x_hd.o(RESET)
</UL>
<P><STRONG><a name="[54]"></a>SDIO_IRQHandler</STRONG> (Thumb, 0 bytes, Stack size 0 bytes, startup_stm32f10x_hd.o(.text))
<BR>[Address Reference Count : 1]<UL><LI> startup_stm32f10x_hd.o(RESET)
</UL>
<P><STRONG><a name="[46]"></a>SPI1_IRQHandler</STRONG> (Thumb, 0 bytes, Stack size 0 bytes, startup_stm32f10x_hd.o(.text))
<BR>[Address Reference Count : 1]<UL><LI> startup_stm32f10x_hd.o(RESET)
</UL>
<P><STRONG><a name="[47]"></a>SPI2_IRQHandler</STRONG> (Thumb, 0 bytes, Stack size 0 bytes, startup_stm32f10x_hd.o(.text))
<BR>[Address Reference Count : 1]<UL><LI> startup_stm32f10x_hd.o(RESET)
</UL>
<P><STRONG><a name="[56]"></a>SPI3_IRQHandler</STRONG> (Thumb, 0 bytes, Stack size 0 bytes, startup_stm32f10x_hd.o(.text))
<BR>[Address Reference Count : 1]<UL><LI> startup_stm32f10x_hd.o(RESET)
</UL>
<P><STRONG><a name="[25]"></a>TAMPER_IRQHandler</STRONG> (Thumb, 0 bytes, Stack size 0 bytes, startup_stm32f10x_hd.o(.text))
<BR>[Address Reference Count : 1]<UL><LI> startup_stm32f10x_hd.o(RESET)
</UL>
<P><STRONG><a name="[3b]"></a>TIM1_BRK_IRQHandler</STRONG> (Thumb, 0 bytes, Stack size 0 bytes, startup_stm32f10x_hd.o(.text))
<BR>[Address Reference Count : 1]<UL><LI> startup_stm32f10x_hd.o(RESET)
</UL>
<P><STRONG><a name="[3e]"></a>TIM1_CC_IRQHandler</STRONG> (Thumb, 0 bytes, Stack size 0 bytes, startup_stm32f10x_hd.o(.text))
<BR>[Address Reference Count : 1]<UL><LI> startup_stm32f10x_hd.o(RESET)
</UL>
<P><STRONG><a name="[3d]"></a>TIM1_TRG_COM_IRQHandler</STRONG> (Thumb, 0 bytes, Stack size 0 bytes, startup_stm32f10x_hd.o(.text))
<BR>[Address Reference Count : 1]<UL><LI> startup_stm32f10x_hd.o(RESET)
</UL>
<P><STRONG><a name="[3c]"></a>TIM1_UP_IRQHandler</STRONG> (Thumb, 0 bytes, Stack size 0 bytes, startup_stm32f10x_hd.o(.text))
<BR>[Address Reference Count : 1]<UL><LI> startup_stm32f10x_hd.o(RESET)
</UL>
<P><STRONG><a name="[3f]"></a>TIM2_IRQHandler</STRONG> (Thumb, 0 bytes, Stack size 0 bytes, startup_stm32f10x_hd.o(.text))
<BR>[Address Reference Count : 1]<UL><LI> startup_stm32f10x_hd.o(RESET)
</UL>
<P><STRONG><a name="[41]"></a>TIM4_IRQHandler</STRONG> (Thumb, 0 bytes, Stack size 0 bytes, startup_stm32f10x_hd.o(.text))
<BR>[Address Reference Count : 1]<UL><LI> startup_stm32f10x_hd.o(RESET)
</UL>
<P><STRONG><a name="[55]"></a>TIM5_IRQHandler</STRONG> (Thumb, 0 bytes, Stack size 0 bytes, startup_stm32f10x_hd.o(.text))
<BR>[Address Reference Count : 1]<UL><LI> startup_stm32f10x_hd.o(RESET)
</UL>
<P><STRONG><a name="[59]"></a>TIM6_IRQHandler</STRONG> (Thumb, 0 bytes, Stack size 0 bytes, startup_stm32f10x_hd.o(.text))
<BR>[Address Reference Count : 1]<UL><LI> startup_stm32f10x_hd.o(RESET)
</UL>
<P><STRONG><a name="[5a]"></a>TIM7_IRQHandler</STRONG> (Thumb, 0 bytes, Stack size 0 bytes, startup_stm32f10x_hd.o(.text))
<BR>[Address Reference Count : 1]<UL><LI> startup_stm32f10x_hd.o(RESET)
</UL>
<P><STRONG><a name="[4e]"></a>TIM8_BRK_IRQHandler</STRONG> (Thumb, 0 bytes, Stack size 0 bytes, startup_stm32f10x_hd.o(.text))
<BR>[Address Reference Count : 1]<UL><LI> startup_stm32f10x_hd.o(RESET)
</UL>
<P><STRONG><a name="[51]"></a>TIM8_CC_IRQHandler</STRONG> (Thumb, 0 bytes, Stack size 0 bytes, startup_stm32f10x_hd.o(.text))
<BR>[Address Reference Count : 1]<UL><LI> startup_stm32f10x_hd.o(RESET)
</UL>
<P><STRONG><a name="[50]"></a>TIM8_TRG_COM_IRQHandler</STRONG> (Thumb, 0 bytes, Stack size 0 bytes, startup_stm32f10x_hd.o(.text))
<BR>[Address Reference Count : 1]<UL><LI> startup_stm32f10x_hd.o(RESET)
</UL>
<P><STRONG><a name="[4f]"></a>TIM8_UP_IRQHandler</STRONG> (Thumb, 0 bytes, Stack size 0 bytes, startup_stm32f10x_hd.o(.text))
<BR>[Address Reference Count : 1]<UL><LI> startup_stm32f10x_hd.o(RESET)
</UL>
<P><STRONG><a name="[4d]"></a>USBWakeUp_IRQHandler</STRONG> (Thumb, 0 bytes, Stack size 0 bytes, startup_stm32f10x_hd.o(.text))
<BR>[Address Reference Count : 1]<UL><LI> startup_stm32f10x_hd.o(RESET)
</UL>
<P><STRONG><a name="[36]"></a>USB_HP_CAN1_TX_IRQHandler</STRONG> (Thumb, 0 bytes, Stack size 0 bytes, startup_stm32f10x_hd.o(.text))
<BR>[Address Reference Count : 1]<UL><LI> startup_stm32f10x_hd.o(RESET)
</UL>
<P><STRONG><a name="[37]"></a>USB_LP_CAN1_RX0_IRQHandler</STRONG> (Thumb, 0 bytes, Stack size 0 bytes, startup_stm32f10x_hd.o(.text))
<BR>[Address Reference Count : 1]<UL><LI> startup_stm32f10x_hd.o(RESET)
</UL>
<P><STRONG><a name="[23]"></a>WWDG_IRQHandler</STRONG> (Thumb, 0 bytes, Stack size 0 bytes, startup_stm32f10x_hd.o(.text))
<BR>[Address Reference Count : 1]<UL><LI> startup_stm32f10x_hd.o(RESET)
</UL>
<P><STRONG><a name="[bf]"></a>OS_CPU_SR_Save</STRONG> (Thumb, 0 bytes, Stack size unknown bytes, os_cpu_a.o(.text))
<BR><BR>[Called By]<UL><LI><a href="#[106]">&gt;&gt;</a>&nbsp;&nbsp;&nbsp;OSTimeTick
<LI><a href="#[fd]">&gt;&gt;</a>&nbsp;&nbsp;&nbsp;OSStatInit
<LI><a href="#[f9]">&gt;&gt;</a>&nbsp;&nbsp;&nbsp;OSSchedUnlock
<LI><a href="#[f8]">&gt;&gt;</a>&nbsp;&nbsp;&nbsp;OSSchedLock
<LI><a href="#[f5]">&gt;&gt;</a>&nbsp;&nbsp;&nbsp;OSIntExit
<LI><a href="#[7f]">&gt;&gt;</a>&nbsp;&nbsp;&nbsp;start_task
<LI><a href="#[fe]">&gt;&gt;</a>&nbsp;&nbsp;&nbsp;OSTimeDly
<LI><a href="#[104]">&gt;&gt;</a>&nbsp;&nbsp;&nbsp;OSTaskSuspend
<LI><a href="#[103]">&gt;&gt;</a>&nbsp;&nbsp;&nbsp;OSTaskStkChk
<LI><a href="#[ff]">&gt;&gt;</a>&nbsp;&nbsp;&nbsp;OSTaskCreateExt
<LI><a href="#[75]">&gt;&gt;</a>&nbsp;&nbsp;&nbsp;OS_TaskStat
<LI><a href="#[74]">&gt;&gt;</a>&nbsp;&nbsp;&nbsp;OS_TaskIdle
<LI><a href="#[102]">&gt;&gt;</a>&nbsp;&nbsp;&nbsp;OS_TCBInit
<LI><a href="#[fa]">&gt;&gt;</a>&nbsp;&nbsp;&nbsp;OS_Sched
<LI><a href="#[2d]">&gt;&gt;</a>&nbsp;&nbsp;&nbsp;EXTI4_IRQHandler
<LI><a href="#[4a]">&gt;&gt;</a>&nbsp;&nbsp;&nbsp;USART3_IRQHandler
<LI><a href="#[49]">&gt;&gt;</a>&nbsp;&nbsp;&nbsp;USART2_IRQHandler
<LI><a href="#[48]">&gt;&gt;</a>&nbsp;&nbsp;&nbsp;USART1_IRQHandler
<LI><a href="#[58]">&gt;&gt;</a>&nbsp;&nbsp;&nbsp;UART5_IRQHandler
<LI><a href="#[57]">&gt;&gt;</a>&nbsp;&nbsp;&nbsp;UART4_IRQHandler
</UL>

<P><STRONG><a name="[c3]"></a>OS_CPU_SR_Restore</STRONG> (Thumb, 0 bytes, Stack size unknown bytes, os_cpu_a.o(.text))
<BR><BR>[Called By]<UL><LI><a href="#[106]">&gt;&gt;</a>&nbsp;&nbsp;&nbsp;OSTimeTick
<LI><a href="#[fd]">&gt;&gt;</a>&nbsp;&nbsp;&nbsp;OSStatInit
<LI><a href="#[f9]">&gt;&gt;</a>&nbsp;&nbsp;&nbsp;OSSchedUnlock
<LI><a href="#[f8]">&gt;&gt;</a>&nbsp;&nbsp;&nbsp;OSSchedLock
<LI><a href="#[f5]">&gt;&gt;</a>&nbsp;&nbsp;&nbsp;OSIntExit
<LI><a href="#[7f]">&gt;&gt;</a>&nbsp;&nbsp;&nbsp;start_task
<LI><a href="#[fe]">&gt;&gt;</a>&nbsp;&nbsp;&nbsp;OSTimeDly
<LI><a href="#[104]">&gt;&gt;</a>&nbsp;&nbsp;&nbsp;OSTaskSuspend
<LI><a href="#[103]">&gt;&gt;</a>&nbsp;&nbsp;&nbsp;OSTaskStkChk
<LI><a href="#[ff]">&gt;&gt;</a>&nbsp;&nbsp;&nbsp;OSTaskCreateExt
<LI><a href="#[75]">&gt;&gt;</a>&nbsp;&nbsp;&nbsp;OS_TaskStat
<LI><a href="#[74]">&gt;&gt;</a>&nbsp;&nbsp;&nbsp;OS_TaskIdle
<LI><a href="#[102]">&gt;&gt;</a>&nbsp;&nbsp;&nbsp;OS_TCBInit
<LI><a href="#[fa]">&gt;&gt;</a>&nbsp;&nbsp;&nbsp;OS_Sched
<LI><a href="#[2d]">&gt;&gt;</a>&nbsp;&nbsp;&nbsp;EXTI4_IRQHandler
<LI><a href="#[4a]">&gt;&gt;</a>&nbsp;&nbsp;&nbsp;USART3_IRQHandler
<LI><a href="#[49]">&gt;&gt;</a>&nbsp;&nbsp;&nbsp;USART2_IRQHandler
<LI><a href="#[48]">&gt;&gt;</a>&nbsp;&nbsp;&nbsp;USART1_IRQHandler
<LI><a href="#[58]">&gt;&gt;</a>&nbsp;&nbsp;&nbsp;UART5_IRQHandler
<LI><a href="#[57]">&gt;&gt;</a>&nbsp;&nbsp;&nbsp;UART4_IRQHandler
</UL>

<P><STRONG><a name="[fc]"></a>OSStartHighRdy</STRONG> (Thumb, 0 bytes, Stack size unknown bytes, os_cpu_a.o(.text))
<BR><BR>[Called By]<UL><LI><a href="#[fb]">&gt;&gt;</a>&nbsp;&nbsp;&nbsp;OSStart
</UL>

<P><STRONG><a name="[109]"></a>OSCtxSw</STRONG> (Thumb, 0 bytes, Stack size unknown bytes, os_cpu_a.o(.text))
<BR><BR>[Called By]<UL><LI><a href="#[fa]">&gt;&gt;</a>&nbsp;&nbsp;&nbsp;OS_Sched
</UL>

<P><STRONG><a name="[f7]"></a>OSIntCtxSw</STRONG> (Thumb, 0 bytes, Stack size unknown bytes, os_cpu_a.o(.text))
<BR><BR>[Called By]<UL><LI><a href="#[f5]">&gt;&gt;</a>&nbsp;&nbsp;&nbsp;OSIntExit
</UL>

<P><STRONG><a name="[21]"></a>PendSV_Handler</STRONG> (Thumb, 0 bytes, Stack size unknown bytes, os_cpu_a.o(.text))
<BR>[Address Reference Count : 1]<UL><LI> startup_stm32f10x_hd.o(RESET)
</UL>
<P><STRONG><a name="[158]"></a>tolower</STRONG> (Thumb, 12 bytes, Stack size 0 bytes, tolower.o(.text))
<BR><BR>[Called By]<UL><LI><a href="#[151]">&gt;&gt;</a>&nbsp;&nbsp;&nbsp;cJSON_strcasecmp
</UL>

<P><STRONG><a name="[e8]"></a>__aeabi_memcpy</STRONG> (Thumb, 36 bytes, Stack size 0 bytes, memcpya.o(.text))
<BR><BR>[Called By]<UL><LI><a href="#[164]">&gt;&gt;</a>&nbsp;&nbsp;&nbsp;e2pf_read
<LI><a href="#[e0]">&gt;&gt;</a>&nbsp;&nbsp;&nbsp;Queue_Out
<LI><a href="#[e9]">&gt;&gt;</a>&nbsp;&nbsp;&nbsp;Queue_In
<LI><a href="#[e7]">&gt;&gt;</a>&nbsp;&nbsp;&nbsp;NRF24L01_TX_Buffer
<LI><a href="#[183]">&gt;&gt;</a>&nbsp;&nbsp;&nbsp;print_object
<LI><a href="#[17c]">&gt;&gt;</a>&nbsp;&nbsp;&nbsp;print_array
<LI><a href="#[165]">&gt;&gt;</a>&nbsp;&nbsp;&nbsp;ensure
<LI><a href="#[14a]">&gt;&gt;</a>&nbsp;&nbsp;&nbsp;cJSON_strdup
</UL>

<P><STRONG><a name="[a7]"></a>__aeabi_memcpy4</STRONG> (Thumb, 0 bytes, Stack size 0 bytes, memcpya.o(.text))
<BR><BR>[Called By]<UL><LI><a href="#[a6]">&gt;&gt;</a>&nbsp;&nbsp;&nbsp;AT24CXX_Check
</UL>

<P><STRONG><a name="[197]"></a>__aeabi_memcpy8</STRONG> (Thumb, 0 bytes, Stack size 0 bytes, memcpya.o(.text), UNUSED)

<P><STRONG><a name="[94]"></a>__aeabi_memset</STRONG> (Thumb, 14 bytes, Stack size 0 bytes, memseta.o(.text))
<BR><BR>[Called By]<UL><LI><a href="#[b7]">&gt;&gt;</a>&nbsp;&nbsp;&nbsp;e2pf_mount
<LI><a href="#[163]">&gt;&gt;</a>&nbsp;&nbsp;&nbsp;e2pf_open
<LI><a href="#[95]">&gt;&gt;</a>&nbsp;&nbsp;&nbsp;_memset$wrapper
<LI><a href="#[93]">&gt;&gt;</a>&nbsp;&nbsp;&nbsp;__aeabi_memclr
</UL>

<P><STRONG><a name="[198]"></a>__aeabi_memset4</STRONG> (Thumb, 0 bytes, Stack size 0 bytes, memseta.o(.text), UNUSED)

<P><STRONG><a name="[199]"></a>__aeabi_memset8</STRONG> (Thumb, 0 bytes, Stack size 0 bytes, memseta.o(.text), UNUSED)

<P><STRONG><a name="[93]"></a>__aeabi_memclr</STRONG> (Thumb, 4 bytes, Stack size 0 bytes, memseta.o(.text))
<BR><BR>[Calls]<UL><LI><a href="#[94]">&gt;&gt;</a>&nbsp;&nbsp;&nbsp;__aeabi_memset
</UL>
<BR>[Called By]<UL><LI><a href="#[167]">&gt;&gt;</a>&nbsp;&nbsp;&nbsp;execModeCtl
<LI><a href="#[10f]">&gt;&gt;</a>&nbsp;&nbsp;&nbsp;QUEUE_HeadPop
<LI><a href="#[e0]">&gt;&gt;</a>&nbsp;&nbsp;&nbsp;Queue_Out
<LI><a href="#[e9]">&gt;&gt;</a>&nbsp;&nbsp;&nbsp;Queue_In
</UL>

<P><STRONG><a name="[df]"></a>__aeabi_memclr4</STRONG> (Thumb, 0 bytes, Stack size 0 bytes, memseta.o(.text))
<BR><BR>[Called By]<UL><LI><a href="#[e7]">&gt;&gt;</a>&nbsp;&nbsp;&nbsp;NRF24L01_TX_Buffer
<LI><a href="#[c2]">&gt;&gt;</a>&nbsp;&nbsp;&nbsp;NRF24L01_IRQ_oper
<LI><a href="#[183]">&gt;&gt;</a>&nbsp;&nbsp;&nbsp;print_object
<LI><a href="#[17c]">&gt;&gt;</a>&nbsp;&nbsp;&nbsp;print_array
<LI><a href="#[14c]">&gt;&gt;</a>&nbsp;&nbsp;&nbsp;cJSON_New_Item
</UL>

<P><STRONG><a name="[19a]"></a>__aeabi_memclr8</STRONG> (Thumb, 0 bytes, Stack size 0 bytes, memseta.o(.text), UNUSED)

<P><STRONG><a name="[95]"></a>_memset$wrapper</STRONG> (Thumb, 18 bytes, Stack size 8 bytes, memseta.o(.text), UNUSED)
<BR><BR>[Calls]<UL><LI><a href="#[94]">&gt;&gt;</a>&nbsp;&nbsp;&nbsp;__aeabi_memset
</UL>

<P><STRONG><a name="[186]"></a>strchr</STRONG> (Thumb, 20 bytes, Stack size 0 bytes, strchr.o(.text))
<BR><BR>[Called By]<UL><LI><a href="#[184]">&gt;&gt;</a>&nbsp;&nbsp;&nbsp;print_string_ptr
</UL>

<P><STRONG><a name="[159]"></a>strlen</STRONG> (Thumb, 14 bytes, Stack size 0 bytes, strlen.o(.text))
<BR><BR>[Called By]<UL><LI><a href="#[16d]">&gt;&gt;</a>&nbsp;&nbsp;&nbsp;net_uart_cmd_nodeCtl
<LI><a href="#[17e]">&gt;&gt;</a>&nbsp;&nbsp;&nbsp;update
<LI><a href="#[183]">&gt;&gt;</a>&nbsp;&nbsp;&nbsp;print_object
<LI><a href="#[17c]">&gt;&gt;</a>&nbsp;&nbsp;&nbsp;print_array
<LI><a href="#[14a]">&gt;&gt;</a>&nbsp;&nbsp;&nbsp;cJSON_strdup
</UL>

<P><STRONG><a name="[ac]"></a>strcmp</STRONG> (Thumb, 28 bytes, Stack size 8 bytes, strcmp.o(.text))
<BR><BR>[Stack]<UL><LI>Max Depth = 8<LI>Call Chain = strcmp
</UL>
<BR>[Called By]<UL><LI><a href="#[167]">&gt;&gt;</a>&nbsp;&nbsp;&nbsp;execModeCtl
<LI><a href="#[a6]">&gt;&gt;</a>&nbsp;&nbsp;&nbsp;AT24CXX_Check
</UL>

<P><STRONG><a name="[ba]"></a>memcmp</STRONG> (Thumb, 26 bytes, Stack size 12 bytes, memcmp.o(.text))
<BR><BR>[Stack]<UL><LI>Max Depth = 12<LI>Call Chain = memcmp
</UL>
<BR>[Called By]<UL><LI><a href="#[e6]">&gt;&gt;</a>&nbsp;&nbsp;&nbsp;NRF24L01_TX
<LI><a href="#[b8]">&gt;&gt;</a>&nbsp;&nbsp;&nbsp;DIR_Select
</UL>

<P><STRONG><a name="[17d]"></a>strcpy</STRONG> (Thumb, 18 bytes, Stack size 0 bytes, strcpy.o(.text))
<BR><BR>[Called By]<UL><LI><a href="#[157]">&gt;&gt;</a>&nbsp;&nbsp;&nbsp;print_value
<LI><a href="#[184]">&gt;&gt;</a>&nbsp;&nbsp;&nbsp;print_string_ptr
<LI><a href="#[183]">&gt;&gt;</a>&nbsp;&nbsp;&nbsp;print_object
<LI><a href="#[17c]">&gt;&gt;</a>&nbsp;&nbsp;&nbsp;print_array
</UL>

<P><STRONG><a name="[177]"></a>strncmp</STRONG> (Thumb, 30 bytes, Stack size 12 bytes, strncmp.o(.text))
<BR><BR>[Stack]<UL><LI>Max Depth = 12<LI>Call Chain = strncmp
</UL>
<BR>[Called By]<UL><LI><a href="#[155]">&gt;&gt;</a>&nbsp;&nbsp;&nbsp;parse_value
</UL>

<P><STRONG><a name="[96]"></a>__aeabi_dadd</STRONG> (Thumb, 322 bytes, Stack size 48 bytes, dadd.o(.text))
<BR><BR>[Stack]<UL><LI>Max Depth = 88<LI>Call Chain = __aeabi_dadd &rArr; _double_epilogue &rArr; _double_round
</UL>
<BR>[Calls]<UL><LI><a href="#[98]">&gt;&gt;</a>&nbsp;&nbsp;&nbsp;__aeabi_lasr
<LI><a href="#[97]">&gt;&gt;</a>&nbsp;&nbsp;&nbsp;__aeabi_llsl
<LI><a href="#[9a]">&gt;&gt;</a>&nbsp;&nbsp;&nbsp;_double_round
<LI><a href="#[99]">&gt;&gt;</a>&nbsp;&nbsp;&nbsp;_double_epilogue
</UL>
<BR>[Called By]<UL><LI><a href="#[142]">&gt;&gt;</a>&nbsp;&nbsp;&nbsp;_fp_digits
<LI><a href="#[173]">&gt;&gt;</a>&nbsp;&nbsp;&nbsp;pow
<LI><a href="#[9c]">&gt;&gt;</a>&nbsp;&nbsp;&nbsp;__aeabi_drsub
<LI><a href="#[16f]">&gt;&gt;</a>&nbsp;&nbsp;&nbsp;floor
<LI><a href="#[9b]">&gt;&gt;</a>&nbsp;&nbsp;&nbsp;__aeabi_dsub
<LI><a href="#[172]">&gt;&gt;</a>&nbsp;&nbsp;&nbsp;parse_number
<LI><a href="#[13b]">&gt;&gt;</a>&nbsp;&nbsp;&nbsp;__kernel_poly
<LI><a href="#[13d]">&gt;&gt;</a>&nbsp;&nbsp;&nbsp;__mathlib_dbl_infnan2
</UL>

<P><STRONG><a name="[9b]"></a>__aeabi_dsub</STRONG> (Thumb, 6 bytes, Stack size 0 bytes, dadd.o(.text))
<BR><BR>[Stack]<UL><LI>Max Depth = 88<LI>Call Chain = __aeabi_dsub &rArr; __aeabi_dadd &rArr; _double_epilogue &rArr; _double_round
</UL>
<BR>[Calls]<UL><LI><a href="#[96]">&gt;&gt;</a>&nbsp;&nbsp;&nbsp;__aeabi_dadd
</UL>
<BR>[Called By]<UL><LI><a href="#[173]">&gt;&gt;</a>&nbsp;&nbsp;&nbsp;pow
<LI><a href="#[17f]">&gt;&gt;</a>&nbsp;&nbsp;&nbsp;print_number
<LI><a href="#[172]">&gt;&gt;</a>&nbsp;&nbsp;&nbsp;parse_number
</UL>

<P><STRONG><a name="[9c]"></a>__aeabi_drsub</STRONG> (Thumb, 6 bytes, Stack size 0 bytes, dadd.o(.text))
<BR><BR>[Stack]<UL><LI>Max Depth = 88<LI>Call Chain = __aeabi_drsub &rArr; __aeabi_dadd &rArr; _double_epilogue &rArr; _double_round
</UL>
<BR>[Calls]<UL><LI><a href="#[96]">&gt;&gt;</a>&nbsp;&nbsp;&nbsp;__aeabi_dadd
</UL>
<BR>[Called By]<UL><LI><a href="#[173]">&gt;&gt;</a>&nbsp;&nbsp;&nbsp;pow
<LI><a href="#[16f]">&gt;&gt;</a>&nbsp;&nbsp;&nbsp;floor
</UL>

<P><STRONG><a name="[9d]"></a>__aeabi_dmul</STRONG> (Thumb, 228 bytes, Stack size 48 bytes, dmul.o(.text))
<BR><BR>[Stack]<UL><LI>Max Depth = 88<LI>Call Chain = __aeabi_dmul &rArr; _double_epilogue &rArr; _double_round
</UL>
<BR>[Calls]<UL><LI><a href="#[99]">&gt;&gt;</a>&nbsp;&nbsp;&nbsp;_double_epilogue
</UL>
<BR>[Called By]<UL><LI><a href="#[142]">&gt;&gt;</a>&nbsp;&nbsp;&nbsp;_fp_digits
<LI><a href="#[173]">&gt;&gt;</a>&nbsp;&nbsp;&nbsp;pow
<LI><a href="#[172]">&gt;&gt;</a>&nbsp;&nbsp;&nbsp;parse_number
<LI><a href="#[13b]">&gt;&gt;</a>&nbsp;&nbsp;&nbsp;__kernel_poly
</UL>

<P><STRONG><a name="[9e]"></a>__aeabi_i2d</STRONG> (Thumb, 34 bytes, Stack size 16 bytes, dflti.o(.text))
<BR><BR>[Stack]<UL><LI>Max Depth = 56<LI>Call Chain = __aeabi_i2d &rArr; _double_epilogue &rArr; _double_round
</UL>
<BR>[Calls]<UL><LI><a href="#[99]">&gt;&gt;</a>&nbsp;&nbsp;&nbsp;_double_epilogue
</UL>
<BR>[Called By]<UL><LI><a href="#[16d]">&gt;&gt;</a>&nbsp;&nbsp;&nbsp;net_uart_cmd_nodeCtl
<LI><a href="#[173]">&gt;&gt;</a>&nbsp;&nbsp;&nbsp;pow
<LI><a href="#[17f]">&gt;&gt;</a>&nbsp;&nbsp;&nbsp;print_number
<LI><a href="#[172]">&gt;&gt;</a>&nbsp;&nbsp;&nbsp;parse_number
</UL>

<P><STRONG><a name="[9f]"></a>__aeabi_d2iz</STRONG> (Thumb, 62 bytes, Stack size 16 bytes, dfixi.o(.text))
<BR><BR>[Stack]<UL><LI>Max Depth = 16<LI>Call Chain = __aeabi_d2iz
</UL>
<BR>[Calls]<UL><LI><a href="#[a0]">&gt;&gt;</a>&nbsp;&nbsp;&nbsp;__aeabi_llsr
</UL>
<BR>[Called By]<UL><LI><a href="#[14b]">&gt;&gt;</a>&nbsp;&nbsp;&nbsp;cJSON_CreateNumber
<LI><a href="#[172]">&gt;&gt;</a>&nbsp;&nbsp;&nbsp;parse_number
</UL>

<P><STRONG><a name="[180]"></a>__aeabi_cdcmpeq</STRONG> (Thumb, 0 bytes, Stack size 0 bytes, cdcmple.o(.text))
<BR><BR>[Called By]<UL><LI><a href="#[17f]">&gt;&gt;</a>&nbsp;&nbsp;&nbsp;print_number
</UL>

<P><STRONG><a name="[181]"></a>__aeabi_cdcmple</STRONG> (Thumb, 48 bytes, Stack size 0 bytes, cdcmple.o(.text))
<BR><BR>[Called By]<UL><LI><a href="#[17f]">&gt;&gt;</a>&nbsp;&nbsp;&nbsp;print_number
</UL>

<P><STRONG><a name="[143]"></a>__aeabi_cdrcmple</STRONG> (Thumb, 48 bytes, Stack size 0 bytes, cdrcmple.o(.text))
<BR><BR>[Called By]<UL><LI><a href="#[142]">&gt;&gt;</a>&nbsp;&nbsp;&nbsp;_fp_digits
<LI><a href="#[173]">&gt;&gt;</a>&nbsp;&nbsp;&nbsp;pow
<LI><a href="#[16f]">&gt;&gt;</a>&nbsp;&nbsp;&nbsp;floor
<LI><a href="#[17f]">&gt;&gt;</a>&nbsp;&nbsp;&nbsp;print_number
</UL>

<P><STRONG><a name="[19b]"></a>__aeabi_uidiv</STRONG> (Thumb, 0 bytes, Stack size 12 bytes, uidiv.o(.text), UNUSED)

<P><STRONG><a name="[146]"></a>__aeabi_uidivmod</STRONG> (Thumb, 44 bytes, Stack size 12 bytes, uidiv.o(.text), UNUSED)
<BR><BR>[Called By]<UL><LI><a href="#[139]">&gt;&gt;</a>&nbsp;&nbsp;&nbsp;_printf_core
</UL>

<P><STRONG><a name="[a1]"></a>__aeabi_uldivmod</STRONG> (Thumb, 98 bytes, Stack size 40 bytes, uldiv.o(.text), UNUSED)
<BR><BR>[Calls]<UL><LI><a href="#[a0]">&gt;&gt;</a>&nbsp;&nbsp;&nbsp;__aeabi_llsr
<LI><a href="#[97]">&gt;&gt;</a>&nbsp;&nbsp;&nbsp;__aeabi_llsl
</UL>
<BR>[Called By]<UL><LI><a href="#[139]">&gt;&gt;</a>&nbsp;&nbsp;&nbsp;_printf_core
<LI><a href="#[142]">&gt;&gt;</a>&nbsp;&nbsp;&nbsp;_fp_digits
</UL>

<P><STRONG><a name="[97]"></a>__aeabi_llsl</STRONG> (Thumb, 30 bytes, Stack size 0 bytes, llshl.o(.text))
<BR><BR>[Called By]<UL><LI><a href="#[a3]">&gt;&gt;</a>&nbsp;&nbsp;&nbsp;__aeabi_d2ulz
<LI><a href="#[96]">&gt;&gt;</a>&nbsp;&nbsp;&nbsp;__aeabi_dadd
<LI><a href="#[a1]">&gt;&gt;</a>&nbsp;&nbsp;&nbsp;__aeabi_uldivmod
<LI><a href="#[99]">&gt;&gt;</a>&nbsp;&nbsp;&nbsp;_double_epilogue
</UL>

<P><STRONG><a name="[19c]"></a>_ll_shift_l</STRONG> (Thumb, 0 bytes, Stack size 0 bytes, llshl.o(.text), UNUSED)

<P><STRONG><a name="[a0]"></a>__aeabi_llsr</STRONG> (Thumb, 32 bytes, Stack size 0 bytes, llushr.o(.text))
<BR><BR>[Called By]<UL><LI><a href="#[a3]">&gt;&gt;</a>&nbsp;&nbsp;&nbsp;__aeabi_d2ulz
<LI><a href="#[9f]">&gt;&gt;</a>&nbsp;&nbsp;&nbsp;__aeabi_d2iz
<LI><a href="#[a1]">&gt;&gt;</a>&nbsp;&nbsp;&nbsp;__aeabi_uldivmod
<LI><a href="#[a5]">&gt;&gt;</a>&nbsp;&nbsp;&nbsp;_dsqrt
<LI><a href="#[99]">&gt;&gt;</a>&nbsp;&nbsp;&nbsp;_double_epilogue
</UL>

<P><STRONG><a name="[19d]"></a>_ll_ushift_r</STRONG> (Thumb, 0 bytes, Stack size 0 bytes, llushr.o(.text), UNUSED)

<P><STRONG><a name="[98]"></a>__aeabi_lasr</STRONG> (Thumb, 36 bytes, Stack size 0 bytes, llsshr.o(.text))
<BR><BR>[Called By]<UL><LI><a href="#[96]">&gt;&gt;</a>&nbsp;&nbsp;&nbsp;__aeabi_dadd
</UL>

<P><STRONG><a name="[19e]"></a>_ll_sshift_r</STRONG> (Thumb, 0 bytes, Stack size 0 bytes, llsshr.o(.text), UNUSED)

<P><STRONG><a name="[19f]"></a>__I$use$fp</STRONG> (Thumb, 0 bytes, Stack size 8 bytes, iusefp.o(.text), UNUSED)

<P><STRONG><a name="[9a]"></a>_double_round</STRONG> (Thumb, 30 bytes, Stack size 8 bytes, depilogue.o(.text))
<BR><BR>[Stack]<UL><LI>Max Depth = 8<LI>Call Chain = _double_round
</UL>
<BR>[Called By]<UL><LI><a href="#[a2]">&gt;&gt;</a>&nbsp;&nbsp;&nbsp;__aeabi_ddiv
<LI><a href="#[96]">&gt;&gt;</a>&nbsp;&nbsp;&nbsp;__aeabi_dadd
<LI><a href="#[a5]">&gt;&gt;</a>&nbsp;&nbsp;&nbsp;_dsqrt
<LI><a href="#[99]">&gt;&gt;</a>&nbsp;&nbsp;&nbsp;_double_epilogue
</UL>

<P><STRONG><a name="[99]"></a>_double_epilogue</STRONG> (Thumb, 156 bytes, Stack size 32 bytes, depilogue.o(.text))
<BR><BR>[Stack]<UL><LI>Max Depth = 40<LI>Call Chain = _double_epilogue &rArr; _double_round
</UL>
<BR>[Calls]<UL><LI><a href="#[a0]">&gt;&gt;</a>&nbsp;&nbsp;&nbsp;__aeabi_llsr
<LI><a href="#[97]">&gt;&gt;</a>&nbsp;&nbsp;&nbsp;__aeabi_llsl
<LI><a href="#[9a]">&gt;&gt;</a>&nbsp;&nbsp;&nbsp;_double_round
</UL>
<BR>[Called By]<UL><LI><a href="#[9e]">&gt;&gt;</a>&nbsp;&nbsp;&nbsp;__aeabi_i2d
<LI><a href="#[9d]">&gt;&gt;</a>&nbsp;&nbsp;&nbsp;__aeabi_dmul
<LI><a href="#[96]">&gt;&gt;</a>&nbsp;&nbsp;&nbsp;__aeabi_dadd
</UL>

<P><STRONG><a name="[a2]"></a>__aeabi_ddiv</STRONG> (Thumb, 222 bytes, Stack size 32 bytes, ddiv.o(.text))
<BR><BR>[Stack]<UL><LI>Max Depth = 40<LI>Call Chain = __aeabi_ddiv &rArr; _double_round
</UL>
<BR>[Calls]<UL><LI><a href="#[9a]">&gt;&gt;</a>&nbsp;&nbsp;&nbsp;_double_round
</UL>
<BR>[Called By]<UL><LI><a href="#[142]">&gt;&gt;</a>&nbsp;&nbsp;&nbsp;_fp_digits
<LI><a href="#[173]">&gt;&gt;</a>&nbsp;&nbsp;&nbsp;pow
<LI><a href="#[13e]">&gt;&gt;</a>&nbsp;&nbsp;&nbsp;__mathlib_dbl_invalid
<LI><a href="#[13c]">&gt;&gt;</a>&nbsp;&nbsp;&nbsp;__mathlib_dbl_divzero
</UL>

<P><STRONG><a name="[140]"></a>__ARM_scalbn</STRONG> (Thumb, 46 bytes, Stack size 16 bytes, dscalb.o(.text))
<BR><BR>[Stack]<UL><LI>Max Depth = 16<LI>Call Chain = __ARM_scalbn
</UL>
<BR>[Called By]<UL><LI><a href="#[173]">&gt;&gt;</a>&nbsp;&nbsp;&nbsp;pow
<LI><a href="#[141]">&gt;&gt;</a>&nbsp;&nbsp;&nbsp;__mathlib_dbl_underflow
<LI><a href="#[13f]">&gt;&gt;</a>&nbsp;&nbsp;&nbsp;__mathlib_dbl_overflow
</UL>

<P><STRONG><a name="[1a0]"></a>scalbn</STRONG> (Thumb, 0 bytes, Stack size 16 bytes, dscalb.o(.text), UNUSED)

<P><STRONG><a name="[a3]"></a>__aeabi_d2ulz</STRONG> (Thumb, 48 bytes, Stack size 0 bytes, dfixul.o(.text), UNUSED)
<BR><BR>[Calls]<UL><LI><a href="#[a0]">&gt;&gt;</a>&nbsp;&nbsp;&nbsp;__aeabi_llsr
<LI><a href="#[97]">&gt;&gt;</a>&nbsp;&nbsp;&nbsp;__aeabi_llsl
</UL>
<BR>[Called By]<UL><LI><a href="#[142]">&gt;&gt;</a>&nbsp;&nbsp;&nbsp;_fp_digits
</UL>

<P><STRONG><a name="[92]"></a>__scatterload</STRONG> (Thumb, 28 bytes, Stack size 0 bytes, init.o(.text))
<BR><BR>[Calls]<UL><LI><a href="#[a4]">&gt;&gt;</a>&nbsp;&nbsp;&nbsp;__main_after_scatterload
</UL>
<BR>[Called By]<UL><LI><a href="#[91]">&gt;&gt;</a>&nbsp;&nbsp;&nbsp;_main_scatterload
</UL>

<P><STRONG><a name="[1a1]"></a>__scatterload_rt2</STRONG> (Thumb, 0 bytes, Stack size 0 bytes, init.o(.text), UNUSED)

<P><STRONG><a name="[a5]"></a>_dsqrt</STRONG> (Thumb, 162 bytes, Stack size 32 bytes, dsqrt.o(.text))
<BR><BR>[Stack]<UL><LI>Max Depth = 40<LI>Call Chain = _dsqrt &rArr; _double_round
</UL>
<BR>[Calls]<UL><LI><a href="#[a0]">&gt;&gt;</a>&nbsp;&nbsp;&nbsp;__aeabi_llsr
<LI><a href="#[9a]">&gt;&gt;</a>&nbsp;&nbsp;&nbsp;_double_round
</UL>
<BR>[Called By]<UL><LI><a href="#[17a]">&gt;&gt;</a>&nbsp;&nbsp;&nbsp;sqrt
</UL>

<P><STRONG><a name="[1a2]"></a>__decompress</STRONG> (Thumb, 0 bytes, Stack size unknown bytes, __dczerorl2.o(.text), UNUSED)

<P><STRONG><a name="[1a3]"></a>__decompress1</STRONG> (Thumb, 86 bytes, Stack size unknown bytes, __dczerorl2.o(.text), UNUSED)

<P><STRONG><a name="[a6]"></a>AT24CXX_Check</STRONG> (Thumb, 164 bytes, Stack size 64 bytes, at24cxx.o(i.AT24CXX_Check))
<BR><BR>[Stack]<UL><LI>Max Depth = 200 + Unknown Stack Size
<LI>Call Chain = AT24CXX_Check &rArr; AT24CXX_WriteBytes &rArr; delay_ms &rArr; delay_us &rArr; delay_osschedunlock &rArr; OSSchedUnlock &rArr; OS_Sched
</UL>
<BR>[Calls]<UL><LI><a href="#[a9]">&gt;&gt;</a>&nbsp;&nbsp;&nbsp;AT24CXX_WriteOneByte
<LI><a href="#[aa]">&gt;&gt;</a>&nbsp;&nbsp;&nbsp;AT24CXX_WriteBytes
<LI><a href="#[a8]">&gt;&gt;</a>&nbsp;&nbsp;&nbsp;AT24CXX_ReadOneByte
<LI><a href="#[ab]">&gt;&gt;</a>&nbsp;&nbsp;&nbsp;AT24CXX_ReadBytes
<LI><a href="#[ac]">&gt;&gt;</a>&nbsp;&nbsp;&nbsp;strcmp
<LI><a href="#[a7]">&gt;&gt;</a>&nbsp;&nbsp;&nbsp;__aeabi_memcpy4
</UL>
<BR>[Called By]<UL><LI><a href="#[ad]">&gt;&gt;</a>&nbsp;&nbsp;&nbsp;AT24CXX_Init
</UL>

<P><STRONG><a name="[ad]"></a>AT24CXX_Init</STRONG> (Thumb, 38 bytes, Stack size 8 bytes, at24cxx_conf.o(i.AT24CXX_Init))
<BR><BR>[Stack]<UL><LI>Max Depth = 208 + Unknown Stack Size
<LI>Call Chain = AT24CXX_Init &rArr; AT24CXX_Check &rArr; AT24CXX_WriteBytes &rArr; delay_ms &rArr; delay_us &rArr; delay_osschedunlock &rArr; OSSchedUnlock &rArr; OS_Sched
</UL>
<BR>[Calls]<UL><LI><a href="#[ae]">&gt;&gt;</a>&nbsp;&nbsp;&nbsp;IIC_Soft_Init
<LI><a href="#[af]">&gt;&gt;</a>&nbsp;&nbsp;&nbsp;reg_at24cxx_sig_cbfunc
<LI><a href="#[b0]">&gt;&gt;</a>&nbsp;&nbsp;&nbsp;reg_at24cxx_iic_cbfunc
<LI><a href="#[b1]">&gt;&gt;</a>&nbsp;&nbsp;&nbsp;reg_at24cxx_ack_cbfunc
<LI><a href="#[a6]">&gt;&gt;</a>&nbsp;&nbsp;&nbsp;AT24CXX_Check
</UL>
<BR>[Called By]<UL><LI><a href="#[160]">&gt;&gt;</a>&nbsp;&nbsp;&nbsp;e2p_initialize
</UL>

<P><STRONG><a name="[ab]"></a>AT24CXX_ReadBytes</STRONG> (Thumb, 344 bytes, Stack size 64 bytes, at24cxx.o(i.AT24CXX_ReadBytes))
<BR><BR>[Stack]<UL><LI>Max Depth = 64<LI>Call Chain = AT24CXX_ReadBytes
</UL>
<BR>[Called By]<UL><LI><a href="#[b2]">&gt;&gt;</a>&nbsp;&nbsp;&nbsp;AT24CXX_ReadPages
<LI><a href="#[a6]">&gt;&gt;</a>&nbsp;&nbsp;&nbsp;AT24CXX_Check
</UL>

<P><STRONG><a name="[a8]"></a>AT24CXX_ReadOneByte</STRONG> (Thumb, 144 bytes, Stack size 24 bytes, at24cxx.o(i.AT24CXX_ReadOneByte))
<BR><BR>[Stack]<UL><LI>Max Depth = 24<LI>Call Chain = AT24CXX_ReadOneByte
</UL>
<BR>[Called By]<UL><LI><a href="#[a6]">&gt;&gt;</a>&nbsp;&nbsp;&nbsp;AT24CXX_Check
</UL>

<P><STRONG><a name="[b2]"></a>AT24CXX_ReadPages</STRONG> (Thumb, 54 bytes, Stack size 24 bytes, at24cxx.o(i.AT24CXX_ReadPages))
<BR><BR>[Stack]<UL><LI>Max Depth = 88<LI>Call Chain = AT24CXX_ReadPages &rArr; AT24CXX_ReadBytes
</UL>
<BR>[Calls]<UL><LI><a href="#[ab]">&gt;&gt;</a>&nbsp;&nbsp;&nbsp;AT24CXX_ReadBytes
</UL>
<BR>[Called By]<UL><LI><a href="#[161]">&gt;&gt;</a>&nbsp;&nbsp;&nbsp;e2p_read
</UL>

<P><STRONG><a name="[aa]"></a>AT24CXX_WriteBytes</STRONG> (Thumb, 322 bytes, Stack size 64 bytes, at24cxx.o(i.AT24CXX_WriteBytes))
<BR><BR>[Stack]<UL><LI>Max Depth = 136 + Unknown Stack Size
<LI>Call Chain = AT24CXX_WriteBytes &rArr; delay_ms &rArr; delay_us &rArr; delay_osschedunlock &rArr; OSSchedUnlock &rArr; OS_Sched
</UL>
<BR>[Calls]<UL><LI><a href="#[73]">&gt;&gt;</a>&nbsp;&nbsp;&nbsp;delay_ms
</UL>
<BR>[Called By]<UL><LI><a href="#[b3]">&gt;&gt;</a>&nbsp;&nbsp;&nbsp;AT24CXX_WritePages
<LI><a href="#[a6]">&gt;&gt;</a>&nbsp;&nbsp;&nbsp;AT24CXX_Check
</UL>

<P><STRONG><a name="[a9]"></a>AT24CXX_WriteOneByte</STRONG> (Thumb, 134 bytes, Stack size 24 bytes, at24cxx.o(i.AT24CXX_WriteOneByte))
<BR><BR>[Stack]<UL><LI>Max Depth = 96 + Unknown Stack Size
<LI>Call Chain = AT24CXX_WriteOneByte &rArr; delay_ms &rArr; delay_us &rArr; delay_osschedunlock &rArr; OSSchedUnlock &rArr; OS_Sched
</UL>
<BR>[Calls]<UL><LI><a href="#[73]">&gt;&gt;</a>&nbsp;&nbsp;&nbsp;delay_ms
</UL>
<BR>[Called By]<UL><LI><a href="#[a6]">&gt;&gt;</a>&nbsp;&nbsp;&nbsp;AT24CXX_Check
</UL>

<P><STRONG><a name="[b3]"></a>AT24CXX_WritePages</STRONG> (Thumb, 54 bytes, Stack size 24 bytes, at24cxx.o(i.AT24CXX_WritePages))
<BR><BR>[Stack]<UL><LI>Max Depth = 160 + Unknown Stack Size
<LI>Call Chain = AT24CXX_WritePages &rArr; AT24CXX_WriteBytes &rArr; delay_ms &rArr; delay_us &rArr; delay_osschedunlock &rArr; OSSchedUnlock &rArr; OS_Sched
</UL>
<BR>[Calls]<UL><LI><a href="#[aa]">&gt;&gt;</a>&nbsp;&nbsp;&nbsp;AT24CXX_WriteBytes
</UL>
<BR>[Called By]<UL><LI><a href="#[bc]">&gt;&gt;</a>&nbsp;&nbsp;&nbsp;e2p_write
</UL>

<P><STRONG><a name="[b4]"></a>BSP_Init</STRONG> (Thumb, 32 bytes, Stack size 8 bytes, bsp.o(i.BSP_Init))
<BR><BR>[Stack]<UL><LI>Max Depth = 336 + Unknown Stack Size
<LI>Call Chain = BSP_Init &rArr; e2pf_mount &rArr; mount_e2p_volume &rArr; e2p_initialize &rArr; AT24CXX_Init &rArr; AT24CXX_Check &rArr; AT24CXX_WriteBytes &rArr; delay_ms &rArr; delay_us &rArr; delay_osschedunlock &rArr; OSSchedUnlock &rArr; OS_Sched
</UL>
<BR>[Calls]<UL><LI><a href="#[b6]">&gt;&gt;</a>&nbsp;&nbsp;&nbsp;tpad_init
<LI><a href="#[b7]">&gt;&gt;</a>&nbsp;&nbsp;&nbsp;e2pf_mount
<LI><a href="#[b5]">&gt;&gt;</a>&nbsp;&nbsp;&nbsp;platform_init
</UL>
<BR>[Called By]<UL><LI><a href="#[5f]">&gt;&gt;</a>&nbsp;&nbsp;&nbsp;main
</UL>

<P><STRONG><a name="[1d]"></a>BusFault_Handler</STRONG> (Thumb, 4 bytes, Stack size 0 bytes, stm32f10x_it.o(i.BusFault_Handler))
<BR>[Address Reference Count : 1]<UL><LI> startup_stm32f10x_hd.o(RESET)
</UL>
<P><STRONG><a name="[bd]"></a>DebugInit</STRONG> (Thumb, 42 bytes, Stack size 16 bytes, debug.o(i.DebugInit))
<BR><BR>[Stack]<UL><LI>Max Depth = 148<LI>Call Chain = DebugInit &rArr; Uart_Config &rArr; USART_Config &rArr; USART_Init &rArr; RCC_GetClocksFreq
</UL>
<BR>[Calls]<UL><LI><a href="#[be]">&gt;&gt;</a>&nbsp;&nbsp;&nbsp;Uart_Config
</UL>
<BR>[Called By]<UL><LI><a href="#[b5]">&gt;&gt;</a>&nbsp;&nbsp;&nbsp;platform_init
</UL>

<P><STRONG><a name="[20]"></a>DebugMon_Handler</STRONG> (Thumb, 2 bytes, Stack size 0 bytes, stm32f10x_it.o(i.DebugMon_Handler))
<BR>[Address Reference Count : 1]<UL><LI> startup_stm32f10x_hd.o(RESET)
</UL>
<P><STRONG><a name="[2d]"></a>EXTI4_IRQHandler</STRONG> (Thumb, 36 bytes, Stack size 8 bytes, nrf24l01_conf.o(i.EXTI4_IRQHandler))
<BR><BR>[Stack]<UL><LI>Max Depth = 160 + Unknown Stack Size
<LI>Call Chain = EXTI4_IRQHandler &rArr; NRF24L01_IRQ_oper &rArr; NRF24L01_TX_Unit &rArr; NRF24L01_TX &rArr; NRF24L01_IdleTX &rArr; NRF24L01_Standby &rArr; NRF24L01_Shutdown &rArr;  NRF24L01_Standby (Cycle)
</UL>
<BR>[Calls]<UL><LI><a href="#[c0]">&gt;&gt;</a>&nbsp;&nbsp;&nbsp;EXTI_GetITStatus
<LI><a href="#[c1]">&gt;&gt;</a>&nbsp;&nbsp;&nbsp;EXTI_ClearITPendingBit
<LI><a href="#[bf]">&gt;&gt;</a>&nbsp;&nbsp;&nbsp;OS_CPU_SR_Save
<LI><a href="#[c3]">&gt;&gt;</a>&nbsp;&nbsp;&nbsp;OS_CPU_SR_Restore
<LI><a href="#[c2]">&gt;&gt;</a>&nbsp;&nbsp;&nbsp;NRF24L01_IRQ_oper
</UL>
<BR>[Address Reference Count : 1]<UL><LI> startup_stm32f10x_hd.o(RESET)
</UL>
<P><STRONG><a name="[c1]"></a>EXTI_ClearITPendingBit</STRONG> (Thumb, 6 bytes, Stack size 0 bytes, stm32f10x_exti.o(i.EXTI_ClearITPendingBit))
<BR><BR>[Called By]<UL><LI><a href="#[2d]">&gt;&gt;</a>&nbsp;&nbsp;&nbsp;EXTI4_IRQHandler
</UL>

<P><STRONG><a name="[c0]"></a>EXTI_GetITStatus</STRONG> (Thumb, 34 bytes, Stack size 0 bytes, stm32f10x_exti.o(i.EXTI_GetITStatus))
<BR><BR>[Called By]<UL><LI><a href="#[2d]">&gt;&gt;</a>&nbsp;&nbsp;&nbsp;EXTI4_IRQHandler
</UL>

<P><STRONG><a name="[ca]"></a>GPIO_Init</STRONG> (Thumb, 278 bytes, Stack size 24 bytes, stm32f10x_gpio.o(i.GPIO_Init))
<BR><BR>[Stack]<UL><LI>Max Depth = 24<LI>Call Chain = GPIO_Init
</UL>
<BR>[Called By]<UL><LI><a href="#[d7]">&gt;&gt;</a>&nbsp;&nbsp;&nbsp;LED_GPIO_Init
<LI><a href="#[6a]">&gt;&gt;</a>&nbsp;&nbsp;&nbsp;USART3_Config
<LI><a href="#[ae]">&gt;&gt;</a>&nbsp;&nbsp;&nbsp;IIC_Soft_Init
<LI><a href="#[16]">&gt;&gt;</a>&nbsp;&nbsp;&nbsp;TPAD6_Reset
<LI><a href="#[12d]">&gt;&gt;</a>&nbsp;&nbsp;&nbsp;TPAD6_Config
<LI><a href="#[15]">&gt;&gt;</a>&nbsp;&nbsp;&nbsp;TPAD5_Reset
<LI><a href="#[12c]">&gt;&gt;</a>&nbsp;&nbsp;&nbsp;TPAD5_Config
<LI><a href="#[14]">&gt;&gt;</a>&nbsp;&nbsp;&nbsp;TPAD4_Reset
<LI><a href="#[12b]">&gt;&gt;</a>&nbsp;&nbsp;&nbsp;TPAD4_Config
<LI><a href="#[13]">&gt;&gt;</a>&nbsp;&nbsp;&nbsp;TPAD3_Reset
<LI><a href="#[12a]">&gt;&gt;</a>&nbsp;&nbsp;&nbsp;TPAD3_Config
<LI><a href="#[12]">&gt;&gt;</a>&nbsp;&nbsp;&nbsp;TPAD2_Reset
<LI><a href="#[129]">&gt;&gt;</a>&nbsp;&nbsp;&nbsp;TPAD2_Config
<LI><a href="#[10]">&gt;&gt;</a>&nbsp;&nbsp;&nbsp;TPAD1_Reset
<LI><a href="#[122]">&gt;&gt;</a>&nbsp;&nbsp;&nbsp;TPAD1_Config
<LI><a href="#[c8]">&gt;&gt;</a>&nbsp;&nbsp;&nbsp;HT1621_GPIO_Init
</UL>

<P><STRONG><a name="[124]"></a>GPIO_PinRemapConfig</STRONG> (Thumb, 138 bytes, Stack size 20 bytes, stm32f10x_gpio.o(i.GPIO_PinRemapConfig))
<BR><BR>[Stack]<UL><LI>Max Depth = 20<LI>Call Chain = GPIO_PinRemapConfig
</UL>
<BR>[Called By]<UL><LI><a href="#[12a]">&gt;&gt;</a>&nbsp;&nbsp;&nbsp;TPAD3_Config
<LI><a href="#[122]">&gt;&gt;</a>&nbsp;&nbsp;&nbsp;TPAD1_Config
</UL>

<P><STRONG><a name="[127]"></a>GPIO_ResetBits</STRONG> (Thumb, 4 bytes, Stack size 0 bytes, stm32f10x_gpio.o(i.GPIO_ResetBits))
<BR><BR>[Called By]<UL><LI><a href="#[16]">&gt;&gt;</a>&nbsp;&nbsp;&nbsp;TPAD6_Reset
<LI><a href="#[15]">&gt;&gt;</a>&nbsp;&nbsp;&nbsp;TPAD5_Reset
<LI><a href="#[14]">&gt;&gt;</a>&nbsp;&nbsp;&nbsp;TPAD4_Reset
<LI><a href="#[13]">&gt;&gt;</a>&nbsp;&nbsp;&nbsp;TPAD3_Reset
<LI><a href="#[12]">&gt;&gt;</a>&nbsp;&nbsp;&nbsp;TPAD2_Reset
<LI><a href="#[10]">&gt;&gt;</a>&nbsp;&nbsp;&nbsp;TPAD1_Reset
</UL>

<P><STRONG><a name="[d6]"></a>GPIO_SetBits</STRONG> (Thumb, 4 bytes, Stack size 0 bytes, stm32f10x_gpio.o(i.GPIO_SetBits))
<BR><BR>[Called By]<UL><LI><a href="#[d7]">&gt;&gt;</a>&nbsp;&nbsp;&nbsp;LED_GPIO_Init
<LI><a href="#[ae]">&gt;&gt;</a>&nbsp;&nbsp;&nbsp;IIC_Soft_Init
</UL>

<P><STRONG><a name="[c6]"></a>GetCRC16</STRONG> (Thumb, 20 bytes, Stack size 12 bytes, crc16.o(i.GetCRC16))
<BR><BR>[Stack]<UL><LI>Max Depth = 24<LI>Call Chain = GetCRC16 &rArr; GetCrc16_add
</UL>
<BR>[Calls]<UL><LI><a href="#[c7]">&gt;&gt;</a>&nbsp;&nbsp;&nbsp;GetCrc16_add
</UL>
<BR>[Called By]<UL><LI><a href="#[16d]">&gt;&gt;</a>&nbsp;&nbsp;&nbsp;net_uart_cmd_nodeCtl
</UL>

<P><STRONG><a name="[c7]"></a>GetCrc16_add</STRONG> (Thumb, 42 bytes, Stack size 12 bytes, crc16.o(i.GetCrc16_add))
<BR><BR>[Stack]<UL><LI>Max Depth = 12<LI>Call Chain = GetCrc16_add
</UL>
<BR>[Called By]<UL><LI><a href="#[c6]">&gt;&gt;</a>&nbsp;&nbsp;&nbsp;GetCRC16
</UL>

<P><STRONG><a name="[6b]"></a>HT1621_CS_Deselect</STRONG> (Thumb, 8 bytes, Stack size 0 bytes, ht1621_conf.o(i.HT1621_CS_Deselect))
<BR>[Address Reference Count : 1]<UL><LI> ht1621_conf.o(i.HT1621_Init)
</UL>
<P><STRONG><a name="[6c]"></a>HT1621_CS_Select</STRONG> (Thumb, 8 bytes, Stack size 0 bytes, ht1621_conf.o(i.HT1621_CS_Select))
<BR>[Address Reference Count : 1]<UL><LI> ht1621_conf.o(i.HT1621_Init)
</UL>
<P><STRONG><a name="[72]"></a>HT1621_DATA_In</STRONG> (Thumb, 8 bytes, Stack size 0 bytes, ht1621_conf.o(i.HT1621_DATA_In))
<BR>[Address Reference Count : 1]<UL><LI> ht1621_conf.o(i.HT1621_Init)
</UL>
<P><STRONG><a name="[71]"></a>HT1621_DATA_Out</STRONG> (Thumb, 6 bytes, Stack size 0 bytes, ht1621_conf.o(i.HT1621_DATA_Out))
<BR>[Address Reference Count : 1]<UL><LI> ht1621_conf.o(i.HT1621_Init)
</UL>
<P><STRONG><a name="[c8]"></a>HT1621_GPIO_Init</STRONG> (Thumb, 88 bytes, Stack size 8 bytes, ht1621_conf.o(i.HT1621_GPIO_Init))
<BR><BR>[Stack]<UL><LI>Max Depth = 32<LI>Call Chain = HT1621_GPIO_Init &rArr; GPIO_Init
</UL>
<BR>[Calls]<UL><LI><a href="#[c9]">&gt;&gt;</a>&nbsp;&nbsp;&nbsp;RCC_APB2PeriphClockCmd
<LI><a href="#[ca]">&gt;&gt;</a>&nbsp;&nbsp;&nbsp;GPIO_Init
</UL>
<BR>[Called By]<UL><LI><a href="#[cb]">&gt;&gt;</a>&nbsp;&nbsp;&nbsp;HT1621_Init
</UL>

<P><STRONG><a name="[cb]"></a>HT1621_Init</STRONG> (Thumb, 66 bytes, Stack size 16 bytes, ht1621_conf.o(i.HT1621_Init))
<BR><BR>[Stack]<UL><LI>Max Depth = 72<LI>Call Chain = HT1621_Init &rArr; HT16xx_conf_func &rArr; HT16xx_send_highBit
</UL>
<BR>[Calls]<UL><LI><a href="#[c8]">&gt;&gt;</a>&nbsp;&nbsp;&nbsp;HT1621_GPIO_Init
<LI><a href="#[cd]">&gt;&gt;</a>&nbsp;&nbsp;&nbsp;reg_ht16xx_wr_cbfunc
<LI><a href="#[ce]">&gt;&gt;</a>&nbsp;&nbsp;&nbsp;reg_ht16xx_rd_cbfunc
<LI><a href="#[d0]">&gt;&gt;</a>&nbsp;&nbsp;&nbsp;reg_ht16xx_delayms_cbfunc
<LI><a href="#[cf]">&gt;&gt;</a>&nbsp;&nbsp;&nbsp;reg_ht16xx_data_cbfunc
<LI><a href="#[cc]">&gt;&gt;</a>&nbsp;&nbsp;&nbsp;reg_ht16xx_cs_cbfunc
<LI><a href="#[d1]">&gt;&gt;</a>&nbsp;&nbsp;&nbsp;HT16xx_conf_func
</UL>
<BR>[Called By]<UL><LI><a href="#[b5]">&gt;&gt;</a>&nbsp;&nbsp;&nbsp;platform_init
</UL>

<P><STRONG><a name="[70]"></a>HT1621_RD_High</STRONG> (Thumb, 8 bytes, Stack size 0 bytes, ht1621_conf.o(i.HT1621_RD_High))
<BR>[Address Reference Count : 1]<UL><LI> ht1621_conf.o(i.HT1621_Init)
</UL>
<P><STRONG><a name="[6f]"></a>HT1621_RD_Low</STRONG> (Thumb, 8 bytes, Stack size 0 bytes, ht1621_conf.o(i.HT1621_RD_Low))
<BR>[Address Reference Count : 1]<UL><LI> ht1621_conf.o(i.HT1621_Init)
</UL>
<P><STRONG><a name="[6e]"></a>HT1621_WR_High</STRONG> (Thumb, 8 bytes, Stack size 0 bytes, ht1621_conf.o(i.HT1621_WR_High))
<BR>[Address Reference Count : 1]<UL><LI> ht1621_conf.o(i.HT1621_Init)
</UL>
<P><STRONG><a name="[6d]"></a>HT1621_WR_Low</STRONG> (Thumb, 8 bytes, Stack size 0 bytes, ht1621_conf.o(i.HT1621_WR_Low))
<BR>[Address Reference Count : 1]<UL><LI> ht1621_conf.o(i.HT1621_Init)
</UL>
<P><STRONG><a name="[d1]"></a>HT16xx_conf_func</STRONG> (Thumb, 68 bytes, Stack size 32 bytes, ht1621.o(i.HT16xx_conf_func))
<BR><BR>[Stack]<UL><LI>Max Depth = 56<LI>Call Chain = HT16xx_conf_func &rArr; HT16xx_send_highBit
</UL>
<BR>[Calls]<UL><LI><a href="#[d2]">&gt;&gt;</a>&nbsp;&nbsp;&nbsp;HT16xx_send_highBit
</UL>
<BR>[Called By]<UL><LI><a href="#[cb]">&gt;&gt;</a>&nbsp;&nbsp;&nbsp;HT1621_Init
</UL>

<P><STRONG><a name="[d2]"></a>HT16xx_send_highBit</STRONG> (Thumb, 90 bytes, Stack size 24 bytes, ht1621.o(i.HT16xx_send_highBit))
<BR><BR>[Stack]<UL><LI>Max Depth = 24<LI>Call Chain = HT16xx_send_highBit
</UL>
<BR>[Called By]<UL><LI><a href="#[d3]">&gt;&gt;</a>&nbsp;&nbsp;&nbsp;HT16xx_test
<LI><a href="#[d1]">&gt;&gt;</a>&nbsp;&nbsp;&nbsp;HT16xx_conf_func
</UL>

<P><STRONG><a name="[d4]"></a>HT16xx_send_lowBit</STRONG> (Thumb, 88 bytes, Stack size 24 bytes, ht1621.o(i.HT16xx_send_lowBit))
<BR><BR>[Stack]<UL><LI>Max Depth = 24<LI>Call Chain = HT16xx_send_lowBit
</UL>
<BR>[Called By]<UL><LI><a href="#[d3]">&gt;&gt;</a>&nbsp;&nbsp;&nbsp;HT16xx_test
</UL>

<P><STRONG><a name="[d3]"></a>HT16xx_test</STRONG> (Thumb, 42 bytes, Stack size 8 bytes, ht1621.o(i.HT16xx_test))
<BR><BR>[Stack]<UL><LI>Max Depth = 32<LI>Call Chain = HT16xx_test &rArr; HT16xx_send_lowBit
</UL>
<BR>[Calls]<UL><LI><a href="#[d4]">&gt;&gt;</a>&nbsp;&nbsp;&nbsp;HT16xx_send_lowBit
<LI><a href="#[d2]">&gt;&gt;</a>&nbsp;&nbsp;&nbsp;HT16xx_send_highBit
</UL>
<BR>[Called By]<UL><LI><a href="#[7c]">&gt;&gt;</a>&nbsp;&nbsp;&nbsp;tpad6_task
<LI><a href="#[7b]">&gt;&gt;</a>&nbsp;&nbsp;&nbsp;tpad5_task
<LI><a href="#[7a]">&gt;&gt;</a>&nbsp;&nbsp;&nbsp;tpad4_task
<LI><a href="#[78]">&gt;&gt;</a>&nbsp;&nbsp;&nbsp;tpad2_task
<LI><a href="#[77]">&gt;&gt;</a>&nbsp;&nbsp;&nbsp;tpad1_task
</UL>

<P><STRONG><a name="[1b]"></a>HardFault_Handler</STRONG> (Thumb, 4 bytes, Stack size 0 bytes, stm32f10x_it.o(i.HardFault_Handler))
<BR>[Address Reference Count : 1]<UL><LI> startup_stm32f10x_hd.o(RESET)
</UL>
<P><STRONG><a name="[170]"></a>HexStrToHexArr</STRONG> (Thumb, 148 bytes, Stack size 20 bytes, boxos_str.o(i.HexStrToHexArr))
<BR><BR>[Stack]<UL><LI>Max Depth = 20<LI>Call Chain = HexStrToHexArr
</UL>
<BR>[Called By]<UL><LI><a href="#[16d]">&gt;&gt;</a>&nbsp;&nbsp;&nbsp;net_uart_cmd_nodeCtl
</UL>

<P><STRONG><a name="[68]"></a>IIC_Soft_Ack</STRONG> (Thumb, 66 bytes, Stack size 8 bytes, bsp_i2csoft.o(i.IIC_Soft_Ack))
<BR><BR>[Stack]<UL><LI>Max Depth = 64 + Unknown Stack Size
<LI>Call Chain = IIC_Soft_Ack &rArr; delay_us &rArr; delay_osschedunlock &rArr; OSSchedUnlock &rArr; OS_Sched
</UL>
<BR>[Calls]<UL><LI><a href="#[d5]">&gt;&gt;</a>&nbsp;&nbsp;&nbsp;delay_us
</UL>
<BR>[Called By]<UL><LI><a href="#[65]">&gt;&gt;</a>&nbsp;&nbsp;&nbsp;IIC_Soft_ReadByte
</UL>
<BR>[Address Reference Count : 1]<UL><LI> at24cxx_conf.o(i.AT24CXX_Init)
</UL>
<P><STRONG><a name="[ae]"></a>IIC_Soft_Init</STRONG> (Thumb, 76 bytes, Stack size 8 bytes, bsp_i2csoft.o(i.IIC_Soft_Init))
<BR><BR>[Stack]<UL><LI>Max Depth = 32<LI>Call Chain = IIC_Soft_Init &rArr; GPIO_Init
</UL>
<BR>[Calls]<UL><LI><a href="#[c9]">&gt;&gt;</a>&nbsp;&nbsp;&nbsp;RCC_APB2PeriphClockCmd
<LI><a href="#[d6]">&gt;&gt;</a>&nbsp;&nbsp;&nbsp;GPIO_SetBits
<LI><a href="#[ca]">&gt;&gt;</a>&nbsp;&nbsp;&nbsp;GPIO_Init
</UL>
<BR>[Called By]<UL><LI><a href="#[ad]">&gt;&gt;</a>&nbsp;&nbsp;&nbsp;AT24CXX_Init
</UL>

<P><STRONG><a name="[67]"></a>IIC_Soft_NoAck</STRONG> (Thumb, 66 bytes, Stack size 8 bytes, bsp_i2csoft.o(i.IIC_Soft_NoAck))
<BR><BR>[Stack]<UL><LI>Max Depth = 64 + Unknown Stack Size
<LI>Call Chain = IIC_Soft_NoAck &rArr; delay_us &rArr; delay_osschedunlock &rArr; OSSchedUnlock &rArr; OS_Sched
</UL>
<BR>[Calls]<UL><LI><a href="#[d5]">&gt;&gt;</a>&nbsp;&nbsp;&nbsp;delay_us
</UL>
<BR>[Called By]<UL><LI><a href="#[65]">&gt;&gt;</a>&nbsp;&nbsp;&nbsp;IIC_Soft_ReadByte
</UL>
<BR>[Address Reference Count : 1]<UL><LI> at24cxx_conf.o(i.AT24CXX_Init)
</UL>
<P><STRONG><a name="[65]"></a>IIC_Soft_ReadByte</STRONG> (Thumb, 98 bytes, Stack size 16 bytes, bsp_i2csoft.o(i.IIC_Soft_ReadByte))
<BR><BR>[Stack]<UL><LI>Max Depth = 80 + Unknown Stack Size
<LI>Call Chain = IIC_Soft_ReadByte &rArr; IIC_Soft_NoAck &rArr; delay_us &rArr; delay_osschedunlock &rArr; OSSchedUnlock &rArr; OS_Sched
</UL>
<BR>[Calls]<UL><LI><a href="#[67]">&gt;&gt;</a>&nbsp;&nbsp;&nbsp;IIC_Soft_NoAck
<LI><a href="#[68]">&gt;&gt;</a>&nbsp;&nbsp;&nbsp;IIC_Soft_Ack
<LI><a href="#[d5]">&gt;&gt;</a>&nbsp;&nbsp;&nbsp;delay_us
</UL>
<BR>[Address Reference Count : 1]<UL><LI> at24cxx_conf.o(i.AT24CXX_Init)
</UL>
<P><STRONG><a name="[64]"></a>IIC_Soft_Start</STRONG> (Thumb, 64 bytes, Stack size 8 bytes, bsp_i2csoft.o(i.IIC_Soft_Start))
<BR><BR>[Stack]<UL><LI>Max Depth = 64 + Unknown Stack Size
<LI>Call Chain = IIC_Soft_Start &rArr; delay_us &rArr; delay_osschedunlock &rArr; OSSchedUnlock &rArr; OS_Sched
</UL>
<BR>[Calls]<UL><LI><a href="#[d5]">&gt;&gt;</a>&nbsp;&nbsp;&nbsp;delay_us
</UL>
<BR>[Address Reference Count : 1]<UL><LI> at24cxx_conf.o(i.AT24CXX_Init)
</UL>
<P><STRONG><a name="[63]"></a>IIC_Soft_Stop</STRONG> (Thumb, 62 bytes, Stack size 8 bytes, bsp_i2csoft.o(i.IIC_Soft_Stop))
<BR><BR>[Stack]<UL><LI>Max Depth = 64 + Unknown Stack Size
<LI>Call Chain = IIC_Soft_Stop &rArr; delay_us &rArr; delay_osschedunlock &rArr; OSSchedUnlock &rArr; OS_Sched
</UL>
<BR>[Calls]<UL><LI><a href="#[d5]">&gt;&gt;</a>&nbsp;&nbsp;&nbsp;delay_us
</UL>
<BR>[Called By]<UL><LI><a href="#[69]">&gt;&gt;</a>&nbsp;&nbsp;&nbsp;IIC_Soft_WaitAck
</UL>
<BR>[Address Reference Count : 1]<UL><LI> at24cxx_conf.o(i.AT24CXX_Init)
</UL>
<P><STRONG><a name="[69]"></a>IIC_Soft_WaitAck</STRONG> (Thumb, 86 bytes, Stack size 8 bytes, bsp_i2csoft.o(i.IIC_Soft_WaitAck))
<BR><BR>[Stack]<UL><LI>Max Depth = 72 + Unknown Stack Size
<LI>Call Chain = IIC_Soft_WaitAck &rArr; IIC_Soft_Stop &rArr; delay_us &rArr; delay_osschedunlock &rArr; OSSchedUnlock &rArr; OS_Sched
</UL>
<BR>[Calls]<UL><LI><a href="#[63]">&gt;&gt;</a>&nbsp;&nbsp;&nbsp;IIC_Soft_Stop
<LI><a href="#[d5]">&gt;&gt;</a>&nbsp;&nbsp;&nbsp;delay_us
</UL>
<BR>[Address Reference Count : 1]<UL><LI> at24cxx_conf.o(i.AT24CXX_Init)
</UL>
<P><STRONG><a name="[66]"></a>IIC_Soft_WriteByte</STRONG> (Thumb, 104 bytes, Stack size 16 bytes, bsp_i2csoft.o(i.IIC_Soft_WriteByte))
<BR><BR>[Stack]<UL><LI>Max Depth = 72 + Unknown Stack Size
<LI>Call Chain = IIC_Soft_WriteByte &rArr; delay_us &rArr; delay_osschedunlock &rArr; OSSchedUnlock &rArr; OS_Sched
</UL>
<BR>[Calls]<UL><LI><a href="#[d5]">&gt;&gt;</a>&nbsp;&nbsp;&nbsp;delay_us
</UL>
<BR>[Address Reference Count : 1]<UL><LI> at24cxx_conf.o(i.AT24CXX_Init)
</UL>
<P><STRONG><a name="[d8]"></a>LED_Init</STRONG> (Thumb, 8 bytes, Stack size 8 bytes, signalled.o(i.LED_Init))
<BR><BR>[Stack]<UL><LI>Max Depth = 40<LI>Call Chain = LED_Init &rArr; LED_GPIO_Init &rArr; GPIO_Init
</UL>
<BR>[Calls]<UL><LI><a href="#[d7]">&gt;&gt;</a>&nbsp;&nbsp;&nbsp;LED_GPIO_Init
</UL>
<BR>[Called By]<UL><LI><a href="#[b5]">&gt;&gt;</a>&nbsp;&nbsp;&nbsp;platform_init
</UL>

<P><STRONG><a name="[1c]"></a>MemManage_Handler</STRONG> (Thumb, 4 bytes, Stack size 0 bytes, stm32f10x_it.o(i.MemManage_Handler))
<BR>[Address Reference Count : 1]<UL><LI> startup_stm32f10x_hd.o(RESET)
</UL>
<P><STRONG><a name="[1a]"></a>NMI_Handler</STRONG> (Thumb, 2 bytes, Stack size 0 bytes, stm32f10x_it.o(i.NMI_Handler))
<BR>[Address Reference Count : 1]<UL><LI> startup_stm32f10x_hd.o(RESET)
</UL>
<P><STRONG><a name="[da]"></a>NRF24L01_Check</STRONG> (Thumb, 116 bytes, Stack size 32 bytes, nrf24l01.o(i.NRF24L01_Check))
<BR><BR>[Stack]<UL><LI>Max Depth = 56<LI>Call Chain = NRF24L01_Check &rArr; NRF24L01_Write_Buf
</UL>
<BR>[Calls]<UL><LI><a href="#[db]">&gt;&gt;</a>&nbsp;&nbsp;&nbsp;NRF24L01_Write_Buf
<LI><a href="#[dc]">&gt;&gt;</a>&nbsp;&nbsp;&nbsp;NRF24L01_Read_Buf
</UL>
<BR>[Called By]<UL><LI><a href="#[e5]">&gt;&gt;</a>&nbsp;&nbsp;&nbsp;NRF24L01_Shutdown
</UL>

<P><STRONG><a name="[c2]"></a>NRF24L01_IRQ_oper</STRONG> (Thumb, 306 bytes, Stack size 16 bytes, nrf24l01.o(i.NRF24L01_IRQ_oper))
<BR><BR>[Stack]<UL><LI>Max Depth = 152<LI>Call Chain = NRF24L01_IRQ_oper &rArr; NRF24L01_TX_Unit &rArr; NRF24L01_TX &rArr; NRF24L01_IdleTX &rArr; NRF24L01_Standby &rArr; NRF24L01_Shutdown &rArr;  NRF24L01_Standby (Cycle)
</UL>
<BR>[Calls]<UL><LI><a href="#[e1]">&gt;&gt;</a>&nbsp;&nbsp;&nbsp;NRF24L01_RX
<LI><a href="#[e0]">&gt;&gt;</a>&nbsp;&nbsp;&nbsp;Queue_Out
<LI><a href="#[de]">&gt;&gt;</a>&nbsp;&nbsp;&nbsp;NRF24L01_Write_Byte
<LI><a href="#[dd]">&gt;&gt;</a>&nbsp;&nbsp;&nbsp;NRF24L01_Read_Byte
<LI><a href="#[dc]">&gt;&gt;</a>&nbsp;&nbsp;&nbsp;NRF24L01_Read_Buf
<LI><a href="#[e2]">&gt;&gt;</a>&nbsp;&nbsp;&nbsp;NRF24L01_TX_Unit
<LI><a href="#[df]">&gt;&gt;</a>&nbsp;&nbsp;&nbsp;__aeabi_memclr4
</UL>
<BR>[Called By]<UL><LI><a href="#[2d]">&gt;&gt;</a>&nbsp;&nbsp;&nbsp;EXTI4_IRQHandler
</UL>

<P><STRONG><a name="[e3]"></a>NRF24L01_IdleTX</STRONG> (Thumb, 178 bytes, Stack size 16 bytes, nrf24l01.o(i.NRF24L01_IdleTX))
<BR><BR>[Stack]<UL><LI>Max Depth = 96<LI>Call Chain = NRF24L01_IdleTX &rArr; NRF24L01_Standby &rArr; NRF24L01_Shutdown &rArr;  NRF24L01_Standby (Cycle)
</UL>
<BR>[Calls]<UL><LI><a href="#[de]">&gt;&gt;</a>&nbsp;&nbsp;&nbsp;NRF24L01_Write_Byte
<LI><a href="#[db]">&gt;&gt;</a>&nbsp;&nbsp;&nbsp;NRF24L01_Write_Buf
<LI><a href="#[e4]">&gt;&gt;</a>&nbsp;&nbsp;&nbsp;NRF24L01_Standby
</UL>
<BR>[Called By]<UL><LI><a href="#[e6]">&gt;&gt;</a>&nbsp;&nbsp;&nbsp;NRF24L01_TX
</UL>

<P><STRONG><a name="[e1]"></a>NRF24L01_RX</STRONG> (Thumb, 130 bytes, Stack size 16 bytes, nrf24l01.o(i.NRF24L01_RX))
<BR><BR>[Stack]<UL><LI>Max Depth = 96<LI>Call Chain = NRF24L01_RX &rArr; NRF24L01_Standby &rArr; NRF24L01_Shutdown &rArr;  NRF24L01_Standby (Cycle)
</UL>
<BR>[Calls]<UL><LI><a href="#[de]">&gt;&gt;</a>&nbsp;&nbsp;&nbsp;NRF24L01_Write_Byte
<LI><a href="#[db]">&gt;&gt;</a>&nbsp;&nbsp;&nbsp;NRF24L01_Write_Buf
<LI><a href="#[e4]">&gt;&gt;</a>&nbsp;&nbsp;&nbsp;NRF24L01_Standby
<LI><a href="#[dd]">&gt;&gt;</a>&nbsp;&nbsp;&nbsp;NRF24L01_Read_Byte
</UL>
<BR>[Called By]<UL><LI><a href="#[c2]">&gt;&gt;</a>&nbsp;&nbsp;&nbsp;NRF24L01_IRQ_oper
</UL>

<P><STRONG><a name="[dc]"></a>NRF24L01_Read_Buf</STRONG> (Thumb, 72 bytes, Stack size 24 bytes, nrf24l01.o(i.NRF24L01_Read_Buf))
<BR><BR>[Stack]<UL><LI>Max Depth = 24<LI>Call Chain = NRF24L01_Read_Buf
</UL>
<BR>[Called By]<UL><LI><a href="#[c2]">&gt;&gt;</a>&nbsp;&nbsp;&nbsp;NRF24L01_IRQ_oper
<LI><a href="#[da]">&gt;&gt;</a>&nbsp;&nbsp;&nbsp;NRF24L01_Check
</UL>

<P><STRONG><a name="[dd]"></a>NRF24L01_Read_Byte</STRONG> (Thumb, 54 bytes, Stack size 16 bytes, nrf24l01.o(i.NRF24L01_Read_Byte))
<BR><BR>[Stack]<UL><LI>Max Depth = 16<LI>Call Chain = NRF24L01_Read_Byte
</UL>
<BR>[Called By]<UL><LI><a href="#[e1]">&gt;&gt;</a>&nbsp;&nbsp;&nbsp;NRF24L01_RX
<LI><a href="#[e4]">&gt;&gt;</a>&nbsp;&nbsp;&nbsp;NRF24L01_Standby
<LI><a href="#[c2]">&gt;&gt;</a>&nbsp;&nbsp;&nbsp;NRF24L01_IRQ_oper
</UL>

<P><STRONG><a name="[e5]"></a>NRF24L01_Shutdown</STRONG> (Thumb, 60 bytes, Stack size 8 bytes, nrf24l01.o(i.NRF24L01_Shutdown))
<BR><BR>[Stack]<UL><LI>Max Depth = 64 + In Cycle
<LI>Call Chain = NRF24L01_Shutdown &rArr;  NRF24L01_Standby (Cycle)
</UL>
<BR>[Calls]<UL><LI><a href="#[de]">&gt;&gt;</a>&nbsp;&nbsp;&nbsp;NRF24L01_Write_Byte
<LI><a href="#[e4]">&gt;&gt;</a>&nbsp;&nbsp;&nbsp;NRF24L01_Standby
<LI><a href="#[da]">&gt;&gt;</a>&nbsp;&nbsp;&nbsp;NRF24L01_Check
</UL>
<BR>[Called By]<UL><LI><a href="#[e4]">&gt;&gt;</a>&nbsp;&nbsp;&nbsp;NRF24L01_Standby
</UL>

<P><STRONG><a name="[e4]"></a>NRF24L01_Standby</STRONG> (Thumb, 152 bytes, Stack size 16 bytes, nrf24l01.o(i.NRF24L01_Standby))
<BR><BR>[Stack]<UL><LI>Max Depth = 80<LI>Call Chain = NRF24L01_Standby &rArr; NRF24L01_Shutdown &rArr;  NRF24L01_Standby (Cycle)
</UL>
<BR>[Calls]<UL><LI><a href="#[de]">&gt;&gt;</a>&nbsp;&nbsp;&nbsp;NRF24L01_Write_Byte
<LI><a href="#[e5]">&gt;&gt;</a>&nbsp;&nbsp;&nbsp;NRF24L01_Shutdown
<LI><a href="#[dd]">&gt;&gt;</a>&nbsp;&nbsp;&nbsp;NRF24L01_Read_Byte
</UL>
<BR>[Called By]<UL><LI><a href="#[e1]">&gt;&gt;</a>&nbsp;&nbsp;&nbsp;NRF24L01_RX
<LI><a href="#[e5]">&gt;&gt;</a>&nbsp;&nbsp;&nbsp;NRF24L01_Shutdown
<LI><a href="#[e3]">&gt;&gt;</a>&nbsp;&nbsp;&nbsp;NRF24L01_IdleTX
</UL>

<P><STRONG><a name="[e6]"></a>NRF24L01_TX</STRONG> (Thumb, 112 bytes, Stack size 24 bytes, nrf24l01.o(i.NRF24L01_TX))
<BR><BR>[Stack]<UL><LI>Max Depth = 120<LI>Call Chain = NRF24L01_TX &rArr; NRF24L01_IdleTX &rArr; NRF24L01_Standby &rArr; NRF24L01_Shutdown &rArr;  NRF24L01_Standby (Cycle)
</UL>
<BR>[Calls]<UL><LI><a href="#[db]">&gt;&gt;</a>&nbsp;&nbsp;&nbsp;NRF24L01_Write_Buf
<LI><a href="#[e3]">&gt;&gt;</a>&nbsp;&nbsp;&nbsp;NRF24L01_IdleTX
<LI><a href="#[ba]">&gt;&gt;</a>&nbsp;&nbsp;&nbsp;memcmp
</UL>
<BR>[Called By]<UL><LI><a href="#[e2]">&gt;&gt;</a>&nbsp;&nbsp;&nbsp;NRF24L01_TX_Unit
</UL>

<P><STRONG><a name="[e7]"></a>NRF24L01_TX_Buffer</STRONG> (Thumb, 220 bytes, Stack size 104 bytes, nrf24l01.o(i.NRF24L01_TX_Buffer))
<BR><BR>[Stack]<UL><LI>Max Depth = 160<LI>Call Chain = NRF24L01_TX_Buffer &rArr; Queue_In &rArr; Queue_Out
</UL>
<BR>[Calls]<UL><LI><a href="#[e9]">&gt;&gt;</a>&nbsp;&nbsp;&nbsp;Queue_In
<LI><a href="#[df]">&gt;&gt;</a>&nbsp;&nbsp;&nbsp;__aeabi_memclr4
<LI><a href="#[e8]">&gt;&gt;</a>&nbsp;&nbsp;&nbsp;__aeabi_memcpy
</UL>
<BR>[Called By]<UL><LI><a href="#[16d]">&gt;&gt;</a>&nbsp;&nbsp;&nbsp;net_uart_cmd_nodeCtl
</UL>

<P><STRONG><a name="[db]"></a>NRF24L01_Write_Buf</STRONG> (Thumb, 74 bytes, Stack size 24 bytes, nrf24l01.o(i.NRF24L01_Write_Buf))
<BR><BR>[Stack]<UL><LI>Max Depth = 24<LI>Call Chain = NRF24L01_Write_Buf
</UL>
<BR>[Called By]<UL><LI><a href="#[e1]">&gt;&gt;</a>&nbsp;&nbsp;&nbsp;NRF24L01_RX
<LI><a href="#[e6]">&gt;&gt;</a>&nbsp;&nbsp;&nbsp;NRF24L01_TX
<LI><a href="#[e3]">&gt;&gt;</a>&nbsp;&nbsp;&nbsp;NRF24L01_IdleTX
<LI><a href="#[da]">&gt;&gt;</a>&nbsp;&nbsp;&nbsp;NRF24L01_Check
</UL>

<P><STRONG><a name="[de]"></a>NRF24L01_Write_Byte</STRONG> (Thumb, 54 bytes, Stack size 16 bytes, nrf24l01.o(i.NRF24L01_Write_Byte))
<BR><BR>[Stack]<UL><LI>Max Depth = 16<LI>Call Chain = NRF24L01_Write_Byte
</UL>
<BR>[Called By]<UL><LI><a href="#[e1]">&gt;&gt;</a>&nbsp;&nbsp;&nbsp;NRF24L01_RX
<LI><a href="#[e4]">&gt;&gt;</a>&nbsp;&nbsp;&nbsp;NRF24L01_Standby
<LI><a href="#[e5]">&gt;&gt;</a>&nbsp;&nbsp;&nbsp;NRF24L01_Shutdown
<LI><a href="#[e3]">&gt;&gt;</a>&nbsp;&nbsp;&nbsp;NRF24L01_IdleTX
<LI><a href="#[c2]">&gt;&gt;</a>&nbsp;&nbsp;&nbsp;NRF24L01_IRQ_oper
</UL>

<P><STRONG><a name="[18e]"></a>NVIC_Init</STRONG> (Thumb, 100 bytes, Stack size 16 bytes, misc.o(i.NVIC_Init))
<BR><BR>[Stack]<UL><LI>Max Depth = 16<LI>Call Chain = NVIC_Init
</UL>
<BR>[Called By]<UL><LI><a href="#[136]">&gt;&gt;</a>&nbsp;&nbsp;&nbsp;uart_enable_int_inNcv
</UL>

<P><STRONG><a name="[178]"></a>NVIC_PriorityGroupConfig</STRONG> (Thumb, 10 bytes, Stack size 0 bytes, misc.o(i.NVIC_PriorityGroupConfig))
<BR><BR>[Called By]<UL><LI><a href="#[b5]">&gt;&gt;</a>&nbsp;&nbsp;&nbsp;platform_init
</UL>

<P><STRONG><a name="[ea]"></a>OSInit</STRONG> (Thumb, 44 bytes, Stack size 8 bytes, os_core.o(i.OSInit))
<BR><BR>[Stack]<UL><LI>Max Depth = 128 + Unknown Stack Size
<LI>Call Chain = OSInit &rArr; OS_InitTaskStat &rArr; OSTaskCreateExt &rArr; OS_TCBInit
</UL>
<BR>[Calls]<UL><LI><a href="#[f3]">&gt;&gt;</a>&nbsp;&nbsp;&nbsp;OS_InitTaskStat
<LI><a href="#[f2]">&gt;&gt;</a>&nbsp;&nbsp;&nbsp;OS_InitTaskIdle
<LI><a href="#[ee]">&gt;&gt;</a>&nbsp;&nbsp;&nbsp;OS_InitTCBList
<LI><a href="#[ed]">&gt;&gt;</a>&nbsp;&nbsp;&nbsp;OS_InitRdyList
<LI><a href="#[ec]">&gt;&gt;</a>&nbsp;&nbsp;&nbsp;OS_InitMisc
<LI><a href="#[ef]">&gt;&gt;</a>&nbsp;&nbsp;&nbsp;OS_InitEventList
<LI><a href="#[f1]">&gt;&gt;</a>&nbsp;&nbsp;&nbsp;OS_QInit
<LI><a href="#[f0]">&gt;&gt;</a>&nbsp;&nbsp;&nbsp;OS_FlagInit
<LI><a href="#[f4]">&gt;&gt;</a>&nbsp;&nbsp;&nbsp;OSInitHookEnd
<LI><a href="#[eb]">&gt;&gt;</a>&nbsp;&nbsp;&nbsp;OSInitHookBegin
</UL>
<BR>[Called By]<UL><LI><a href="#[5f]">&gt;&gt;</a>&nbsp;&nbsp;&nbsp;main
</UL>

<P><STRONG><a name="[eb]"></a>OSInitHookBegin</STRONG> (Thumb, 2 bytes, Stack size 0 bytes, os_cpu_c.o(i.OSInitHookBegin))
[...]
<BR><BR>[Stack]<UL><LI>Max Depth = 156<LI>Call Chain = platform_init &rArr; DebugInit &rArr; Uart_Config &rArr; USART_Config &rArr; USART_Init &rArr; RCC_GetClocksFreq
</UL>
<BR>[Calls]<UL><LI><a href="#[178]">&gt;&gt;</a>&nbsp;&nbsp;&nbsp;NVIC_PriorityGroupConfig
<LI><a href="#[d8]">&gt;&gt;</a>&nbsp;&nbsp;&nbsp;LED_Init
<LI><a href="#[bd]">&gt;&gt;</a>&nbsp;&nbsp;&nbsp;DebugInit
<LI><a href="#[15b]">&gt;&gt;</a>&nbsp;&nbsp;&nbsp;delay_init
<LI><a href="#[cb]">&gt;&gt;</a>&nbsp;&nbsp;&nbsp;HT1621_Init
</UL>
<BR>[Called By]<UL><LI><a href="#[b4]">&gt;&gt;</a>&nbsp;&nbsp;&nbsp;BSP_Init
</UL>

<P><STRONG><a name="[130]"></a>uart_driver_IRQ_oper</STRONG> (Thumb, 60 bytes, Stack size 16 bytes, bsp_uart.o(i.uart_driver_IRQ_oper))
<BR><BR>[Stack]<UL><LI>Max Depth = 44<LI>Call Chain = uart_driver_IRQ_oper &rArr; uart_send_int_oper &rArr; USART_ITConfig
</UL>
<BR>[Calls]<UL><LI><a href="#[18b]">&gt;&gt;</a>&nbsp;&nbsp;&nbsp;USART_ReceiveData
<LI><a href="#[18c]">&gt;&gt;</a>&nbsp;&nbsp;&nbsp;USART_GetITStatus
<LI><a href="#[18d]">&gt;&gt;</a>&nbsp;&nbsp;&nbsp;uart_send_int_oper
</UL>
<BR>[Called By]<UL><LI><a href="#[4a]">&gt;&gt;</a>&nbsp;&nbsp;&nbsp;USART3_IRQHandler
<LI><a href="#[49]">&gt;&gt;</a>&nbsp;&nbsp;&nbsp;USART2_IRQHandler
<LI><a href="#[48]">&gt;&gt;</a>&nbsp;&nbsp;&nbsp;USART1_IRQHandler
<LI><a href="#[58]">&gt;&gt;</a>&nbsp;&nbsp;&nbsp;UART5_IRQHandler
<LI><a href="#[57]">&gt;&gt;</a>&nbsp;&nbsp;&nbsp;UART4_IRQHandler
</UL>

<P><STRONG><a name="[18d]"></a>uart_send_int_oper</STRONG> (Thumb, 140 bytes, Stack size 8 bytes, bsp_uart.o(i.uart_send_int_oper))
<BR><BR>[Stack]<UL><LI>Max Depth = 28<LI>Call Chain = uart_send_int_oper &rArr; USART_ITConfig
</UL>
<BR>[Calls]<UL><LI><a href="#[190]">&gt;&gt;</a>&nbsp;&nbsp;&nbsp;USART_SendData
<LI><a href="#[133]">&gt;&gt;</a>&nbsp;&nbsp;&nbsp;USART_ITConfig
<LI><a href="#[18f]">&gt;&gt;</a>&nbsp;&nbsp;&nbsp;USART_GetFlagStatus
</UL>
<BR>[Called By]<UL><LI><a href="#[130]">&gt;&gt;</a>&nbsp;&nbsp;&nbsp;uart_driver_IRQ_oper
</UL>

<P><STRONG><a name="[e2]"></a>NRF24L01_TX_Unit</STRONG> (Thumb, 136 bytes, Stack size 16 bytes, nrf24l01.o(i.NRF24L01_TX_Unit))
<BR><BR>[Stack]<UL><LI>Max Depth = 136<LI>Call Chain = NRF24L01_TX_Unit &rArr; NRF24L01_TX &rArr; NRF24L01_IdleTX &rArr; NRF24L01_Standby &rArr; NRF24L01_Shutdown &rArr;  NRF24L01_Standby (Cycle)
</UL>
<BR>[Calls]<UL><LI><a href="#[e6]">&gt;&gt;</a>&nbsp;&nbsp;&nbsp;NRF24L01_TX
</UL>
<BR>[Called By]<UL><LI><a href="#[c2]">&gt;&gt;</a>&nbsp;&nbsp;&nbsp;NRF24L01_IRQ_oper
</UL>

<P><STRONG><a name="[b8]"></a>DIR_Select</STRONG> (Thumb, 174 bytes, Stack size 40 bytes, ef.o(i.DIR_Select))
<BR><BR>[Stack]<UL><LI>Max Depth = 168<LI>Call Chain = DIR_Select &rArr; load_window &rArr; e2p_read &rArr; AT24CXX_ReadPages &rArr; AT24CXX_ReadBytes
</UL>
<BR>[Calls]<UL><LI><a href="#[b9]">&gt;&gt;</a>&nbsp;&nbsp;&nbsp;load_window
<LI><a href="#[ba]">&gt;&gt;</a>&nbsp;&nbsp;&nbsp;memcmp
</UL>
<BR>[Called By]<UL><LI><a href="#[163]">&gt;&gt;</a>&nbsp;&nbsp;&nbsp;e2pf_open
</UL>

<P><STRONG><a name="[bb]"></a>DIR_Update</STRONG> (Thumb, 110 bytes, Stack size 32 bytes, ef.o(i.DIR_Update))
<BR><BR>[Stack]<UL><LI>Max Depth = 216 + Unknown Stack Size
<LI>Call Chain = DIR_Update &rArr; e2p_write &rArr; AT24CXX_WritePages &rArr; AT24CXX_WriteBytes &rArr; delay_ms &rArr; delay_us &rArr; delay_osschedunlock &rArr; OSSchedUnlock &rArr; OS_Sched
</UL>
<BR>[Calls]<UL><LI><a href="#[b9]">&gt;&gt;</a>&nbsp;&nbsp;&nbsp;load_window
<LI><a href="#[bc]">&gt;&gt;</a>&nbsp;&nbsp;&nbsp;e2p_write
</UL>
<BR>[Called By]<UL><LI><a href="#[163]">&gt;&gt;</a>&nbsp;&nbsp;&nbsp;e2pf_open
</UL>

<P><STRONG><a name="[c4]"></a>FIL_Select</STRONG> (Thumb, 88 bytes, Stack size 32 bytes, ef.o(i.FIL_Select))
<BR><BR>[Stack]<UL><LI>Max Depth = 160<LI>Call Chain = FIL_Select &rArr; load_window &rArr; e2p_read &rArr; AT24CXX_ReadPages &rArr; AT24CXX_ReadBytes
</UL>
<BR>[Calls]<UL><LI><a href="#[b9]">&gt;&gt;</a>&nbsp;&nbsp;&nbsp;load_window
</UL>
<BR>[Called By]<UL><LI><a href="#[164]">&gt;&gt;</a>&nbsp;&nbsp;&nbsp;e2pf_read
<LI><a href="#[163]">&gt;&gt;</a>&nbsp;&nbsp;&nbsp;e2pf_open
</UL>

<P><STRONG><a name="[c5]"></a>FIL_Update</STRONG> (Thumb, 104 bytes, Stack size 32 bytes, ef.o(i.FIL_Update))
<BR><BR>[Stack]<UL><LI>Max Depth = 216 + Unknown Stack Size
<LI>Call Chain = FIL_Update &rArr; e2p_write &rArr; AT24CXX_WritePages &rArr; AT24CXX_WriteBytes &rArr; delay_ms &rArr; delay_us &rArr; delay_osschedunlock &rArr; OSSchedUnlock &rArr; OS_Sched
</UL>
<BR>[Calls]<UL><LI><a href="#[b9]">&gt;&gt;</a>&nbsp;&nbsp;&nbsp;load_window
<LI><a href="#[bc]">&gt;&gt;</a>&nbsp;&nbsp;&nbsp;e2p_write
</UL>
<BR>[Called By]<UL><LI><a href="#[163]">&gt;&gt;</a>&nbsp;&nbsp;&nbsp;e2pf_open
</UL>

<P><STRONG><a name="[d9]"></a>MBR_Update</STRONG> (Thumb, 86 bytes, Stack size 24 bytes, ef.o(i.MBR_Update))
<BR><BR>[Stack]<UL><LI>Max Depth = 208 + Unknown Stack Size
<LI>Call Chain = MBR_Update &rArr; e2p_write &rArr; AT24CXX_WritePages &rArr; AT24CXX_WriteBytes &rArr; delay_ms &rArr; delay_us &rArr; delay_osschedunlock &rArr; OSSchedUnlock &rArr; OS_Sched
</UL>
<BR>[Calls]<UL><LI><a href="#[b9]">&gt;&gt;</a>&nbsp;&nbsp;&nbsp;load_window
<LI><a href="#[bc]">&gt;&gt;</a>&nbsp;&nbsp;&nbsp;e2p_write
</UL>
<BR>[Called By]<UL><LI><a href="#[163]">&gt;&gt;</a>&nbsp;&nbsp;&nbsp;e2pf_open
</UL>

<P><STRONG><a name="[15a]"></a>check_fs</STRONG> (Thumb, 102 bytes, Stack size 16 bytes, ef.o(i.check_fs))
<BR><BR>[Stack]<UL><LI>Max Depth = 144<LI>Call Chain = check_fs &rArr; load_window &rArr; e2p_read &rArr; AT24CXX_ReadPages &rArr; AT24CXX_ReadBytes
</UL>
<BR>[Calls]<UL><LI><a href="#[b9]">&gt;&gt;</a>&nbsp;&nbsp;&nbsp;load_window
</UL>
<BR>[Called By]<UL><LI><a href="#[162]">&gt;&gt;</a>&nbsp;&nbsp;&nbsp;mount_e2p_volume
</UL>

<P><STRONG><a name="[b9]"></a>load_window</STRONG> (Thumb, 42 bytes, Stack size 16 bytes, ef.o(i.load_window))
<BR><BR>[Stack]<UL><LI>Max Depth = 128<LI>Call Chain = load_window &rArr; e2p_read &rArr; AT24CXX_ReadPages &rArr; AT24CXX_ReadBytes
</UL>
<BR>[Calls]<UL><LI><a href="#[161]">&gt;&gt;</a>&nbsp;&nbsp;&nbsp;e2p_read
</UL>
<BR>[Called By]<UL><LI><a href="#[164]">&gt;&gt;</a>&nbsp;&nbsp;&nbsp;e2pf_read
<LI><a href="#[15a]">&gt;&gt;</a>&nbsp;&nbsp;&nbsp;check_fs
<LI><a href="#[d9]">&gt;&gt;</a>&nbsp;&nbsp;&nbsp;MBR_Update
<LI><a href="#[c5]">&gt;&gt;</a>&nbsp;&nbsp;&nbsp;FIL_Update
<LI><a href="#[c4]">&gt;&gt;</a>&nbsp;&nbsp;&nbsp;FIL_Select
<LI><a href="#[bb]">&gt;&gt;</a>&nbsp;&nbsp;&nbsp;DIR_Update
<LI><a href="#[b8]">&gt;&gt;</a>&nbsp;&nbsp;&nbsp;DIR_Select
</UL>

<P><STRONG><a name="[14c]"></a>cJSON_New_Item</STRONG> (Thumb, 26 bytes, Stack size 8 bytes, cjson.o(i.cJSON_New_Item))
<BR><BR>[Stack]<UL><LI>Max Depth = 8<LI>Call Chain = cJSON_New_Item
</UL>
<BR>[Calls]<UL><LI><a href="#[df]">&gt;&gt;</a>&nbsp;&nbsp;&nbsp;__aeabi_memclr4
</UL>
<BR>[Called By]<UL><LI><a href="#[14d]">&gt;&gt;</a>&nbsp;&nbsp;&nbsp;cJSON_CreateObject
<LI><a href="#[14b]">&gt;&gt;</a>&nbsp;&nbsp;&nbsp;cJSON_CreateNumber
<LI><a href="#[14f]">&gt;&gt;</a>&nbsp;&nbsp;&nbsp;cJSON_Duplicate
<LI><a href="#[153]">&gt;&gt;</a>&nbsp;&nbsp;&nbsp;cJSON_ParseWithOpts
<LI><a href="#[174]">&gt;&gt;</a>&nbsp;&nbsp;&nbsp;parse_object
<LI><a href="#[171]">&gt;&gt;</a>&nbsp;&nbsp;&nbsp;parse_array
</UL>

<P><STRONG><a name="[151]"></a>cJSON_strcasecmp</STRONG> (Thumb, 76 bytes, Stack size 16 bytes, cjson.o(i.cJSON_strcasecmp))
<BR><BR>[Stack]<UL><LI>Max Depth = 16<LI>Call Chain = cJSON_strcasecmp
</UL>
<BR>[Calls]<UL><LI><a href="#[158]">&gt;&gt;</a>&nbsp;&nbsp;&nbsp;tolower
</UL>
<BR>[Called By]<UL><LI><a href="#[150]">&gt;&gt;</a>&nbsp;&nbsp;&nbsp;cJSON_GetObjectItem
</UL>

<P><STRONG><a name="[14a]"></a>cJSON_strdup</STRONG> (Thumb, 40 bytes, Stack size 16 bytes, cjson.o(i.cJSON_strdup))
<BR><BR>[Stack]<UL><LI>Max Depth = 16<LI>Call Chain = cJSON_strdup
</UL>
<BR>[Calls]<UL><LI><a href="#[159]">&gt;&gt;</a>&nbsp;&nbsp;&nbsp;strlen
<LI><a href="#[e8]">&gt;&gt;</a>&nbsp;&nbsp;&nbsp;__aeabi_memcpy
</UL>
<BR>[Called By]<UL><LI><a href="#[149]">&gt;&gt;</a>&nbsp;&nbsp;&nbsp;cJSON_AddItemToObject
<LI><a href="#[14f]">&gt;&gt;</a>&nbsp;&nbsp;&nbsp;cJSON_Duplicate
<LI><a href="#[157]">&gt;&gt;</a>&nbsp;&nbsp;&nbsp;print_value
</UL>

<P><STRONG><a name="[165]"></a>ensure</STRONG> (Thumb, 104 bytes, Stack size 24 bytes, cjson.o(i.ensure))
<BR><BR>[Stack]<UL><LI>Max Depth = 24<LI>Call Chain = ensure
</UL>
<BR>[Calls]<UL><LI><a href="#[e8]">&gt;&gt;</a>&nbsp;&nbsp;&nbsp;__aeabi_memcpy
<LI><a href="#[166]">&gt;&gt;</a>&nbsp;&nbsp;&nbsp;pow2gt
</UL>
<BR>[Called By]<UL><LI><a href="#[157]">&gt;&gt;</a>&nbsp;&nbsp;&nbsp;print_value
<LI><a href="#[184]">&gt;&gt;</a>&nbsp;&nbsp;&nbsp;print_string_ptr
<LI><a href="#[183]">&gt;&gt;</a>&nbsp;&nbsp;&nbsp;print_object
<LI><a href="#[17f]">&gt;&gt;</a>&nbsp;&nbsp;&nbsp;print_number
<LI><a href="#[17c]">&gt;&gt;</a>&nbsp;&nbsp;&nbsp;print_array
</UL>

<P><STRONG><a name="[171]"></a>parse_array</STRONG> (Thumb, 166 bytes, Stack size 32 bytes, cjson.o(i.parse_array))
<BR><BR>[Stack]<UL><LI>Max Depth = 40 + In Cycle
<LI>Call Chain = parse_array &rArr;  parse_value (Cycle)
</UL>
<BR>[Calls]<UL><LI><a href="#[154]">&gt;&gt;</a>&nbsp;&nbsp;&nbsp;skip
<LI><a href="#[155]">&gt;&gt;</a>&nbsp;&nbsp;&nbsp;parse_value
<LI><a href="#[14c]">&gt;&gt;</a>&nbsp;&nbsp;&nbsp;cJSON_New_Item
</UL>
<BR>[Called By]<UL><LI><a href="#[155]">&gt;&gt;</a>&nbsp;&nbsp;&nbsp;parse_value
</UL>

<P><STRONG><a name="[176]"></a>parse_hex4</STRONG> (Thumb, 276 bytes, Stack size 0 bytes, cjson.o(i.parse_hex4))
<BR><BR>[Called By]<UL><LI><a href="#[175]">&gt;&gt;</a>&nbsp;&nbsp;&nbsp;parse_string
</UL>

<P><STRONG><a name="[172]"></a>parse_number</STRONG> (Thumb, 432 bytes, Stack size 80 bytes, cjson.o(i.parse_number))
<BR><BR>[Stack]<UL><LI>Max Depth = 304<LI>Call Chain = parse_number &rArr; pow &rArr; __kernel_poly &rArr; __aeabi_dmul &rArr; _double_epilogue &rArr; _double_round
</UL>
<BR>[Calls]<UL><LI><a href="#[9e]">&gt;&gt;</a>&nbsp;&nbsp;&nbsp;__aeabi_i2d
<LI><a href="#[173]">&gt;&gt;</a>&nbsp;&nbsp;&nbsp;pow
<LI><a href="#[9b]">&gt;&gt;</a>&nbsp;&nbsp;&nbsp;__aeabi_dsub
<LI><a href="#[9d]">&gt;&gt;</a>&nbsp;&nbsp;&nbsp;__aeabi_dmul
<LI><a href="#[96]">&gt;&gt;</a>&nbsp;&nbsp;&nbsp;__aeabi_dadd
<LI><a href="#[9f]">&gt;&gt;</a>&nbsp;&nbsp;&nbsp;__aeabi_d2iz
</UL>
<BR>[Called By]<UL><LI><a href="#[155]">&gt;&gt;</a>&nbsp;&nbsp;&nbsp;parse_value
</UL>

<P><STRONG><a name="[174]"></a>parse_object</STRONG> (Thumb, 270 bytes, Stack size 32 bytes, cjson.o(i.parse_object))
<BR><BR>[Stack]<UL><LI>Max Depth = 72 + In Cycle
<LI>Call Chain = parse_object &rArr;  parse_value (Cycle)
</UL>
<BR>[Calls]<UL><LI><a href="#[154]">&gt;&gt;</a>&nbsp;&nbsp;&nbsp;skip
<LI><a href="#[155]">&gt;&gt;</a>&nbsp;&nbsp;&nbsp;parse_value
<LI><a href="#[175]">&gt;&gt;</a>&nbsp;&nbsp;&nbsp;parse_string
<LI><a href="#[14c]">&gt;&gt;</a>&nbsp;&nbsp;&nbsp;cJSON_New_Item
</UL>
<BR>[Called By]<UL><LI><a href="#[155]">&gt;&gt;</a>&nbsp;&nbsp;&nbsp;parse_value
</UL>

<P><STRONG><a name="[175]"></a>parse_string</STRONG> (Thumb, 448 bytes, Stack size 40 bytes, cjson.o(i.parse_string))
<BR><BR>[Stack]<UL><LI>Max Depth = 40<LI>Call Chain = parse_string
</UL>
<BR>[Calls]<UL><LI><a href="#[176]">&gt;&gt;</a>&nbsp;&nbsp;&nbsp;parse_hex4
</UL>
<BR>[Called By]<UL><LI><a href="#[155]">&gt;&gt;</a>&nbsp;&nbsp;&nbsp;parse_value
<LI><a href="#[174]">&gt;&gt;</a>&nbsp;&nbsp;&nbsp;parse_object
</UL>

<P><STRONG><a name="[155]"></a>parse_value</STRONG> (Thumb, 158 bytes, Stack size 16 bytes, cjson.o(i.parse_value))
<BR><BR>[Stack]<UL><LI>Max Depth = 320<LI>Call Chain = parse_value &rArr; parse_number &rArr; pow &rArr; __kernel_poly &rArr; __aeabi_dmul &rArr; _double_epilogue &rArr; _double_round
</UL>
<BR>[Calls]<UL><LI><a href="#[177]">&gt;&gt;</a>&nbsp;&nbsp;&nbsp;strncmp
<LI><a href="#[175]">&gt;&gt;</a>&nbsp;&nbsp;&nbsp;parse_string
<LI><a href="#[174]">&gt;&gt;</a>&nbsp;&nbsp;&nbsp;parse_object
<LI><a href="#[172]">&gt;&gt;</a>&nbsp;&nbsp;&nbsp;parse_number
<LI><a href="#[171]">&gt;&gt;</a>&nbsp;&nbsp;&nbsp;parse_array
</UL>
<BR>[Called By]<UL><LI><a href="#[153]">&gt;&gt;</a>&nbsp;&nbsp;&nbsp;cJSON_ParseWithOpts
<LI><a href="#[174]">&gt;&gt;</a>&nbsp;&nbsp;&nbsp;parse_object
<LI><a href="#[171]">&gt;&gt;</a>&nbsp;&nbsp;&nbsp;parse_array
</UL>

<P><STRONG><a name="[166]"></a>pow2gt</STRONG> (Thumb, 28 bytes, Stack size 0 bytes, cjson.o(i.pow2gt))
<BR><BR>[Called By]<UL><LI><a href="#[165]">&gt;&gt;</a>&nbsp;&nbsp;&nbsp;ensure
</UL>

<P><STRONG><a name="[17c]"></a>print_array</STRONG> (Thumb, 578 bytes, Stack size 72 bytes, cjson.o(i.print_array))
<BR><BR>[Stack]<UL><LI>Max Depth = 96 + In Cycle
<LI>Call Chain = print_array &rArr;  print_value (Cycle)
</UL>
<BR>[Calls]<UL><LI><a href="#[17d]">&gt;&gt;</a>&nbsp;&nbsp;&nbsp;strcpy
<LI><a href="#[159]">&gt;&gt;</a>&nbsp;&nbsp;&nbsp;strlen
<LI><a href="#[df]">&gt;&gt;</a>&nbsp;&nbsp;&nbsp;__aeabi_memclr4
<LI><a href="#[e8]">&gt;&gt;</a>&nbsp;&nbsp;&nbsp;__aeabi_memcpy
<LI><a href="#[17e]">&gt;&gt;</a>&nbsp;&nbsp;&nbsp;update
<LI><a href="#[157]">&gt;&gt;</a>&nbsp;&nbsp;&nbsp;print_value
<LI><a href="#[165]">&gt;&gt;</a>&nbsp;&nbsp;&nbsp;ensure
</UL>
<BR>[Called By]<UL><LI><a href="#[157]">&gt;&gt;</a>&nbsp;&nbsp;&nbsp;print_value
</UL>

<P><STRONG><a name="[17f]"></a>print_number</STRONG> (Thumb, 342 bytes, Stack size 40 bytes, cjson.o(i.print_number))
<BR><BR>[Stack]<UL><LI>Max Depth = 152<LI>Call Chain = print_number &rArr; floor &rArr; __aeabi_drsub &rArr; __aeabi_dadd &rArr; _double_epilogue &rArr; _double_round
</UL>
<BR>[Calls]<UL><LI><a href="#[9e]">&gt;&gt;</a>&nbsp;&nbsp;&nbsp;__aeabi_i2d
<LI><a href="#[182]">&gt;&gt;</a>&nbsp;&nbsp;&nbsp;__2sprintf
<LI><a href="#[16f]">&gt;&gt;</a>&nbsp;&nbsp;&nbsp;floor
<LI><a href="#[9b]">&gt;&gt;</a>&nbsp;&nbsp;&nbsp;__aeabi_dsub
<LI><a href="#[143]">&gt;&gt;</a>&nbsp;&nbsp;&nbsp;__aeabi_cdrcmple
<LI><a href="#[181]">&gt;&gt;</a>&nbsp;&nbsp;&nbsp;__aeabi_cdcmple
<LI><a href="#[180]">&gt;&gt;</a>&nbsp;&nbsp;&nbsp;__aeabi_cdcmpeq
<LI><a href="#[165]">&gt;&gt;</a>&nbsp;&nbsp;&nbsp;ensure
</UL>
<BR>[Called By]<UL><LI><a href="#[157]">&gt;&gt;</a>&nbsp;&nbsp;&nbsp;print_value
</UL>

<P><STRONG><a name="[183]"></a>print_object</STRONG> (Thumb, 1038 bytes, Stack size 88 bytes, cjson.o(i.print_object))
<BR><BR>[Stack]<UL><LI>Max Depth = 152 + In Cycle
<LI>Call Chain = print_object &rArr;  print_value (Cycle)
</UL>
<BR>[Calls]<UL><LI><a href="#[17d]">&gt;&gt;</a>&nbsp;&nbsp;&nbsp;strcpy
<LI><a href="#[159]">&gt;&gt;</a>&nbsp;&nbsp;&nbsp;strlen
<LI><a href="#[df]">&gt;&gt;</a>&nbsp;&nbsp;&nbsp;__aeabi_memclr4
<LI><a href="#[e8]">&gt;&gt;</a>&nbsp;&nbsp;&nbsp;__aeabi_memcpy
<LI><a href="#[17e]">&gt;&gt;</a>&nbsp;&nbsp;&nbsp;update
<LI><a href="#[157]">&gt;&gt;</a>&nbsp;&nbsp;&nbsp;print_value
<LI><a href="#[184]">&gt;&gt;</a>&nbsp;&nbsp;&nbsp;print_string_ptr
<LI><a href="#[165]">&gt;&gt;</a>&nbsp;&nbsp;&nbsp;ensure
</UL>
<BR>[Called By]<UL><LI><a href="#[157]">&gt;&gt;</a>&nbsp;&nbsp;&nbsp;print_value
</UL>

<P><STRONG><a name="[185]"></a>print_string</STRONG> (Thumb, 16 bytes, Stack size 16 bytes, cjson.o(i.print_string))
<BR><BR>[Stack]<UL><LI>Max Depth = 80<LI>Call Chain = print_string &rArr; print_string_ptr &rArr; __2sprintf
</UL>
<BR>[Calls]<UL><LI><a href="#[184]">&gt;&gt;</a>&nbsp;&nbsp;&nbsp;print_string_ptr
</UL>
<BR>[Called By]<UL><LI><a href="#[157]">&gt;&gt;</a>&nbsp;&nbsp;&nbsp;print_value
</UL>

<P><STRONG><a name="[184]"></a>print_string_ptr</STRONG> (Thumb, 442 bytes, Stack size 40 bytes, cjson.o(i.print_string_ptr))
<BR><BR>[Stack]<UL><LI>Max Depth = 64<LI>Call Chain = print_string_ptr &rArr; __2sprintf
</UL>
<BR>[Calls]<UL><LI><a href="#[182]">&gt;&gt;</a>&nbsp;&nbsp;&nbsp;__2sprintf
<LI><a href="#[17d]">&gt;&gt;</a>&nbsp;&nbsp;&nbsp;strcpy
<LI><a href="#[186]">&gt;&gt;</a>&nbsp;&nbsp;&nbsp;strchr
<LI><a href="#[165]">&gt;&gt;</a>&nbsp;&nbsp;&nbsp;ensure
</UL>
<BR>[Called By]<UL><LI><a href="#[185]">&gt;&gt;</a>&nbsp;&nbsp;&nbsp;print_string
<LI><a href="#[183]">&gt;&gt;</a>&nbsp;&nbsp;&nbsp;print_object
</UL>

<P><STRONG><a name="[157]"></a>print_value</STRONG> (Thumb, 278 bytes, Stack size 24 bytes, cjson.o(i.print_value))
<BR><BR>[Stack]<UL><LI>Max Depth = 176<LI>Call Chain = print_value &rArr; print_object &rArr;  print_value (Cycle)
</UL>
<BR>[Calls]<UL><LI><a href="#[17d]">&gt;&gt;</a>&nbsp;&nbsp;&nbsp;strcpy
<LI><a href="#[185]">&gt;&gt;</a>&nbsp;&nbsp;&nbsp;print_string
<LI><a href="#[183]">&gt;&gt;</a>&nbsp;&nbsp;&nbsp;print_object
<LI><a href="#[17f]">&gt;&gt;</a>&nbsp;&nbsp;&nbsp;print_number
<LI><a href="#[17c]">&gt;&gt;</a>&nbsp;&nbsp;&nbsp;print_array
<LI><a href="#[165]">&gt;&gt;</a>&nbsp;&nbsp;&nbsp;ensure
<LI><a href="#[14a]">&gt;&gt;</a>&nbsp;&nbsp;&nbsp;cJSON_strdup
</UL>
<BR>[Called By]<UL><LI><a href="#[156]">&gt;&gt;</a>&nbsp;&nbsp;&nbsp;cJSON_PrintUnformatted
<LI><a href="#[183]">&gt;&gt;</a>&nbsp;&nbsp;&nbsp;print_object
<LI><a href="#[17c]">&gt;&gt;</a>&nbsp;&nbsp;&nbsp;print_array
</UL>

<P><STRONG><a name="[154]"></a>skip</STRONG> (Thumb, 18 bytes, Stack size 0 bytes, cjson.o(i.skip))
<BR><BR>[Called By]<UL><LI><a href="#[153]">&gt;&gt;</a>&nbsp;&nbsp;&nbsp;cJSON_ParseWithOpts
<LI><a href="#[174]">&gt;&gt;</a>&nbsp;&nbsp;&nbsp;parse_object
<LI><a href="#[171]">&gt;&gt;</a>&nbsp;&nbsp;&nbsp;parse_array
</UL>

<P><STRONG><a name="[148]"></a>suffix_object</STRONG> (Thumb, 6 bytes, Stack size 0 bytes, cjson.o(i.suffix_object))
<BR><BR>[Called By]<UL><LI><a href="#[147]">&gt;&gt;</a>&nbsp;&nbsp;&nbsp;cJSON_AddItemToArray
</UL>

<P><STRONG><a name="[17e]"></a>update</STRONG> (Thumb, 32 bytes, Stack size 16 bytes, cjson.o(i.update))
<BR><BR>[Stack]<UL><LI>Max Depth = 16<LI>Call Chain = update
</UL>
<BR>[Calls]<UL><LI><a href="#[159]">&gt;&gt;</a>&nbsp;&nbsp;&nbsp;strlen
</UL>
<BR>[Called By]<UL><LI><a href="#[183]">&gt;&gt;</a>&nbsp;&nbsp;&nbsp;print_object
<LI><a href="#[17c]">&gt;&gt;</a>&nbsp;&nbsp;&nbsp;print_array
</UL>

<P><STRONG><a name="[142]"></a>_fp_digits</STRONG> (Thumb, 334 bytes, Stack size 56 bytes, printfa.o(i._fp_digits), UNUSED)
<BR><BR>[Calls]<UL><LI><a href="#[a3]">&gt;&gt;</a>&nbsp;&nbsp;&nbsp;__aeabi_d2ulz
<LI><a href="#[a2]">&gt;&gt;</a>&nbsp;&nbsp;&nbsp;__aeabi_ddiv
<LI><a href="#[9d]">&gt;&gt;</a>&nbsp;&nbsp;&nbsp;__aeabi_dmul
<LI><a href="#[96]">&gt;&gt;</a>&nbsp;&nbsp;&nbsp;__aeabi_dadd
<LI><a href="#[143]">&gt;&gt;</a>&nbsp;&nbsp;&nbsp;__aeabi_cdrcmple
<LI><a href="#[a1]">&gt;&gt;</a>&nbsp;&nbsp;&nbsp;__aeabi_uldivmod
</UL>
<BR>[Called By]<UL><LI><a href="#[139]">&gt;&gt;</a>&nbsp;&nbsp;&nbsp;_printf_core
</UL>

<P><STRONG><a name="[139]"></a>_printf_core</STRONG> (Thumb, 1744 bytes, Stack size 136 bytes, printfa.o(i._printf_core), UNUSED)
<BR><BR>[Calls]<UL><LI><a href="#[144]">&gt;&gt;</a>&nbsp;&nbsp;&nbsp;_printf_pre_padding
<LI><a href="#[145]">&gt;&gt;</a>&nbsp;&nbsp;&nbsp;_printf_post_padding
<LI><a href="#[142]">&gt;&gt;</a>&nbsp;&nbsp;&nbsp;_fp_digits
<LI><a href="#[a1]">&gt;&gt;</a>&nbsp;&nbsp;&nbsp;__aeabi_uldivmod
<LI><a href="#[146]">&gt;&gt;</a>&nbsp;&nbsp;&nbsp;__aeabi_uidivmod
</UL>
<BR>[Called By]<UL><LI><a href="#[13a]">&gt;&gt;</a>&nbsp;&nbsp;&nbsp;__0sprintf
<LI><a href="#[138]">&gt;&gt;</a>&nbsp;&nbsp;&nbsp;__0printf
</UL>

<P><STRONG><a name="[145]"></a>_printf_post_padding</STRONG> (Thumb, 36 bytes, Stack size 24 bytes, printfa.o(i._printf_post_padding), UNUSED)
<BR><BR>[Called By]<UL><LI><a href="#[139]">&gt;&gt;</a>&nbsp;&nbsp;&nbsp;_printf_core
</UL>

<P><STRONG><a name="[144]"></a>_printf_pre_padding</STRONG> (Thumb, 46 bytes, Stack size 24 bytes, printfa.o(i._printf_pre_padding), UNUSED)
<BR><BR>[Called By]<UL><LI><a href="#[139]">&gt;&gt;</a>&nbsp;&nbsp;&nbsp;_printf_core
</UL>

<P><STRONG><a name="[7e]"></a>_sputc</STRONG> (Thumb, 10 bytes, Stack size 0 bytes, printfa.o(i._sputc))
<BR><BR>[Called By]<UL><LI><a href="#[13a]">&gt;&gt;</a>&nbsp;&nbsp;&nbsp;__0sprintf
</UL>
<BR>[Address Reference Count : 1]<UL><LI> printfa.o(i.__0sprintf)
</UL><P>
<H3>
Undefined Global Symbols
</H3><HR></body></html>
